Archive member included to satisfy reference by file (symbol)

d:/st/stm32cubeide_1.2.0/stm32cubeide/plugins/com.st.stm32cube.ide.mcu.externaltools.gnu-tools-for-stm32.7-2018-q2-update.win32_1.4.0.202007081208/tools/bin/../lib/gcc/arm-none-eabi/7.3.1/../../../../arm-none-eabi/lib/thumb/v7e-m/fpv4-sp/hard\libc_nano.a(lib_a-errno.o)
                              Core/Src/syscalls.o (__errno)
d:/st/stm32cubeide_1.2.0/stm32cubeide/plugins/com.st.stm32cube.ide.mcu.externaltools.gnu-tools-for-stm32.7-2018-q2-update.win32_1.4.0.202007081208/tools/bin/../lib/gcc/arm-none-eabi/7.3.1/../../../../arm-none-eabi/lib/thumb/v7e-m/fpv4-sp/hard\libc_nano.a(lib_a-exit.o)
                              d:/st/stm32cubeide_1.2.0/stm32cubeide/plugins/com.st.stm32cube.ide.mcu.externaltools.gnu-tools-for-stm32.7-2018-q2-update.win32_1.4.0.202007081208/tools/bin/../lib/gcc/arm-none-eabi/7.3.1/../../../../arm-none-eabi/lib/thumb/v7e-m/fpv4-sp/hard/crt0.o (exit)
d:/st/stm32cubeide_1.2.0/stm32cubeide/plugins/com.st.stm32cube.ide.mcu.externaltools.gnu-tools-for-stm32.7-2018-q2-update.win32_1.4.0.202007081208/tools/bin/../lib/gcc/arm-none-eabi/7.3.1/../../../../arm-none-eabi/lib/thumb/v7e-m/fpv4-sp/hard\libc_nano.a(lib_a-impure.o)
                              d:/st/stm32cubeide_1.2.0/stm32cubeide/plugins/com.st.stm32cube.ide.mcu.externaltools.gnu-tools-for-stm32.7-2018-q2-update.win32_1.4.0.202007081208/tools/bin/../lib/gcc/arm-none-eabi/7.3.1/../../../../arm-none-eabi/lib/thumb/v7e-m/fpv4-sp/hard\libc_nano.a(lib_a-exit.o) (_global_impure_ptr)
d:/st/stm32cubeide_1.2.0/stm32cubeide/plugins/com.st.stm32cube.ide.mcu.externaltools.gnu-tools-for-stm32.7-2018-q2-update.win32_1.4.0.202007081208/tools/bin/../lib/gcc/arm-none-eabi/7.3.1/../../../../arm-none-eabi/lib/thumb/v7e-m/fpv4-sp/hard\libc_nano.a(lib_a-init.o)
                              d:/st/stm32cubeide_1.2.0/stm32cubeide/plugins/com.st.stm32cube.ide.mcu.externaltools.gnu-tools-for-stm32.7-2018-q2-update.win32_1.4.0.202007081208/tools/bin/../lib/gcc/arm-none-eabi/7.3.1/../../../../arm-none-eabi/lib/thumb/v7e-m/fpv4-sp/hard/crt0.o (__libc_init_array)
d:/st/stm32cubeide_1.2.0/stm32cubeide/plugins/com.st.stm32cube.ide.mcu.externaltools.gnu-tools-for-stm32.7-2018-q2-update.win32_1.4.0.202007081208/tools/bin/../lib/gcc/arm-none-eabi/7.3.1/../../../../arm-none-eabi/lib/thumb/v7e-m/fpv4-sp/hard\libc_nano.a(lib_a-memset.o)
                              d:/st/stm32cubeide_1.2.0/stm32cubeide/plugins/com.st.stm32cube.ide.mcu.externaltools.gnu-tools-for-stm32.7-2018-q2-update.win32_1.4.0.202007081208/tools/bin/../lib/gcc/arm-none-eabi/7.3.1/../../../../arm-none-eabi/lib/thumb/v7e-m/fpv4-sp/hard/crt0.o (memset)
d:/st/stm32cubeide_1.2.0/stm32cubeide/plugins/com.st.stm32cube.ide.mcu.externaltools.gnu-tools-for-stm32.7-2018-q2-update.win32_1.4.0.202007081208/tools/bin/../lib/gcc/arm-none-eabi/7.3.1/thumb/v7e-m/fpv4-sp/hard\libgcc.a(_arm_addsubdf3.o)
                              Core/Src/logger.o (__aeabi_dadd)
d:/st/stm32cubeide_1.2.0/stm32cubeide/plugins/com.st.stm32cube.ide.mcu.externaltools.gnu-tools-for-stm32.7-2018-q2-update.win32_1.4.0.202007081208/tools/bin/../lib/gcc/arm-none-eabi/7.3.1/thumb/v7e-m/fpv4-sp/hard\libgcc.a(_arm_muldivdf3.o)
                              Core/Src/logger.o (__aeabi_ddiv)
d:/st/stm32cubeide_1.2.0/stm32cubeide/plugins/com.st.stm32cube.ide.mcu.externaltools.gnu-tools-for-stm32.7-2018-q2-update.win32_1.4.0.202007081208/tools/bin/../lib/gcc/arm-none-eabi/7.3.1/thumb/v7e-m/fpv4-sp/hard\libgcc.a(_arm_fixunsdfsi.o)
                              Core/Src/logger.o (__aeabi_d2uiz)
d:/st/stm32cubeide_1.2.0/stm32cubeide/plugins/com.st.stm32cube.ide.mcu.externaltools.gnu-tools-for-stm32.7-2018-q2-update.win32_1.4.0.202007081208/tools/bin/../lib/gcc/arm-none-eabi/7.3.1/thumb/v7e-m/fpv4-sp/hard\libgcc.a(_arm_truncdfsf2.o)
                              Core/Src/logger.o (__aeabi_d2f)
d:/st/stm32cubeide_1.2.0/stm32cubeide/plugins/com.st.stm32cube.ide.mcu.externaltools.gnu-tools-for-stm32.7-2018-q2-update.win32_1.4.0.202007081208/tools/bin/../lib/gcc/arm-none-eabi/7.3.1/thumb/v7e-m/fpv4-sp/hard\libgcc.a(_aeabi_uldivmod.o)
                              Drivers/STM32F4xx_HAL_Driver/Src/stm32f4xx_hal_rcc.o (__aeabi_uldivmod)
d:/st/stm32cubeide_1.2.0/stm32cubeide/plugins/com.st.stm32cube.ide.mcu.externaltools.gnu-tools-for-stm32.7-2018-q2-update.win32_1.4.0.202007081208/tools/bin/../lib/gcc/arm-none-eabi/7.3.1/thumb/v7e-m/fpv4-sp/hard\libgcc.a(_udivmoddi4.o)
                              d:/st/stm32cubeide_1.2.0/stm32cubeide/plugins/com.st.stm32cube.ide.mcu.externaltools.gnu-tools-for-stm32.7-2018-q2-update.win32_1.4.0.202007081208/tools/bin/../lib/gcc/arm-none-eabi/7.3.1/thumb/v7e-m/fpv4-sp/hard\libgcc.a(_aeabi_uldivmod.o) (__udivmoddi4)
d:/st/stm32cubeide_1.2.0/stm32cubeide/plugins/com.st.stm32cube.ide.mcu.externaltools.gnu-tools-for-stm32.7-2018-q2-update.win32_1.4.0.202007081208/tools/bin/../lib/gcc/arm-none-eabi/7.3.1/thumb/v7e-m/fpv4-sp/hard\libgcc.a(_dvmd_tls.o)
[...]
Memory Configuration

Name             Origin             Length             Attributes
RAM              0x0000000020000000 0x0000000000050000 xrw
FLASH            0x0000000008000000 0x0000000000180000 xr
*default*        0x0000000000000000 0xffffffffffffffff

Linker script and memory map

LOAD d:/st/stm32cubeide_1.2.0/stm32cubeide/plugins/com.st.stm32cube.ide.mcu.externaltools.gnu-tools-for-stm32.7-2018-q2-update.win32_1.4.0.202007081208/tools/bin/../lib/gcc/arm-none-eabi/7.3.1/thumb/v7e-m/fpv4-sp/hard/crti.o
LOAD d:/st/stm32cubeide_1.2.0/stm32cubeide/plugins/com.st.stm32cube.ide.mcu.externaltools.gnu-tools-for-stm32.7-2018-q2-update.win32_1.4.0.202007081208/tools/bin/../lib/gcc/arm-none-eabi/7.3.1/thumb/v7e-m/fpv4-sp/hard/crtbegin.o
LOAD d:/st/stm32cubeide_1.2.0/stm32cubeide/plugins/com.st.stm32cube.ide.mcu.externaltools.gnu-tools-for-stm32.7-2018-q2-update.win32_1.4.0.202007081208/tools/bin/../lib/gcc/arm-none-eabi/7.3.1/../../../../arm-none-eabi/lib/thumb/v7e-m/fpv4-sp/hard/crt0.o
LOAD Core/Src/adc.o
LOAD Core/Src/dma.o
LOAD Core/Src/gpio.o
LOAD Core/Src/logger.o
LOAD Core/Src/main.o
LOAD Core/Src/sdio.o
LOAD Core/Src/stm32f4xx_hal_msp.o
LOAD Core/Src/stm32f4xx_it.o
LOAD Core/Src/syscalls.o
LOAD Core/Src/sysmem.o
LOAD Core/Src/system_stm32f4xx.o
LOAD Core/Src/tim.o
LOAD Core/Src/usart.o
LOAD Core/Src/usb_otg.o
LOAD Core/Startup/startup_stm32f413zhtx.o
LOAD Drivers/STM32F4xx_HAL_Driver/Src/stm32f4xx_hal.o
LOAD Drivers/STM32F4xx_HAL_Driver/Src/stm32f4xx_hal_adc.o
LOAD Drivers/STM32F4xx_HAL_Driver/Src/stm32f4xx_hal_adc_ex.o
LOAD Drivers/STM32F4xx_HAL_Driver/Src/stm32f4xx_hal_cortex.o
LOAD Drivers/STM32F4xx_HAL_Driver/Src/stm32f4xx_hal_dma.o
LOAD Drivers/STM32F4xx_HAL_Driver/Src/stm32f4xx_hal_dma_ex.o
LOAD Drivers/STM32F4xx_HAL_Driver/Src/stm32f4xx_hal_exti.o
LOAD Drivers/STM32F4xx_HAL_Driver/Src/stm32f4xx_hal_flash.o
LOAD Drivers/STM32F4xx_HAL_Driver/Src/stm32f4xx_hal_flash_ex.o
LOAD Drivers/STM32F4xx_HAL_Driver/Src/stm32f4xx_hal_flash_ramfunc.o
LOAD Drivers/STM32F4xx_HAL_Driver/Src/stm32f4xx_hal_gpio.o
LOAD Drivers/STM32F4xx_HAL_Driver/Src/stm32f4xx_hal_pcd.o
LOAD Drivers/STM32F4xx_HAL_Driver/Src/stm32f4xx_hal_pcd_ex.o
LOAD Drivers/STM32F4xx_HAL_Driver/Src/stm32f4xx_hal_pwr.o
LOAD Drivers/STM32F4xx_HAL_Driver/Src/stm32f4xx_hal_pwr_ex.o
LOAD Drivers/STM32F4xx_HAL_Driver/Src/stm32f4xx_hal_rcc.o
LOAD Drivers/STM32F4xx_HAL_Driver/Src/stm32f4xx_hal_rcc_ex.o
LOAD Drivers/STM32F4xx_HAL_Driver/Src/stm32f4xx_hal_sd.o
LOAD Drivers/STM32F4xx_HAL_Driver/Src/stm32f4xx_hal_tim.o
LOAD Drivers/STM32F4xx_HAL_Driver/Src/stm32f4xx_hal_tim_ex.o
LOAD Drivers/STM32F4xx_HAL_Driver/Src/stm32f4xx_hal_uart.o
LOAD Drivers/STM32F4xx_HAL_Driver/Src/stm32f4xx_ll_sdmmc.o
LOAD Drivers/STM32F4xx_HAL_Driver/Src/stm32f4xx_ll_usb.o
START GROUP
LOAD d:/st/stm32cubeide_1.2.0/stm32cubeide/plugins/com.st.stm32cube.ide.mcu.externaltools.gnu-tools-for-stm32.7-2018-q2-update.win32_1.4.0.202007081208/tools/bin/../lib/gcc/arm-none-eabi/7.3.1/../../../../arm-none-eabi/lib/thumb/v7e-m/fpv4-sp/hard\libc_nano.a
LOAD d:/st/stm32cubeide_1.2.0/stm32cubeide/plugins/com.st.stm32cube.ide.mcu.externaltools.gnu-tools-for-stm32.7-2018-q2-update.win32_1.4.0.202007081208/tools/bin/../lib/gcc/arm-none-eabi/7.3.1/../../../../arm-none-eabi/lib/thumb/v7e-m/fpv4-sp/hard\libm.a
END GROUP
START GROUP
LOAD d:/st/stm32cubeide_1.2.0/stm32cubeide/plugins/com.st.stm32cube.ide.mcu.externaltools.gnu-tools-for-stm32.7-2018-q2-update.win32_1.4.0.202007081208/tools/bin/../lib/gcc/arm-none-eabi/7.3.1/thumb/v7e-m/fpv4-sp/hard\libgcc.a
LOAD d:/st/stm32cubeide_1.2.0/stm32cubeide/plugins/com.st.stm32cube.ide.mcu.externaltools.gnu-tools-for-stm32.7-2018-q2-update.win32_1.4.0.202007081208/tools/bin/../lib/gcc/arm-none-eabi/7.3.1/../../../../arm-none-eabi/lib/thumb/v7e-m/fpv4-sp/hard\libc_nano.a
END GROUP
START GROUP
LOAD d:/st/stm32cubeide_1.2.0/stm32cubeide/plugins/com.st.stm32cube.ide.mcu.externaltools.gnu-tools-for-stm32.7-2018-q2-update.win32_1.4.0.202007081208/tools/bin/../lib/gcc/arm-none-eabi/7.3.1/thumb/v7e-m/fpv4-sp/hard\libgcc.a
LOAD d:/st/stm32cubeide_1.2.0/stm32cubeide/plugins/com.st.stm32cube.ide.mcu.externaltools.gnu-tools-for-stm32.7-2018-q2-update.win32_1.4.0.202007081208/tools/bin/../lib/gcc/arm-none-eabi/7.3.1/../../../../arm-none-eabi/lib/thumb/v7e-m/fpv4-sp/hard\libc_nano.a
LOAD d:/st/stm32cubeide_1.2.0/stm32cubeide/plugins/com.st.stm32cube.ide.mcu.externaltools.gnu-tools-for-stm32.7-2018-q2-update.win32_1.4.0.202007081208/tools/bin/../lib/gcc/arm-none-eabi/7.3.1/../../../../arm-none-eabi/lib/thumb/v7e-m/fpv4-sp/hard\libnosys.a
END GROUP
START GROUP
LOAD d:/st/stm32cubeide_1.2.0/stm32cubeide/plugins/com.st.stm32cube.ide.mcu.externaltools.gnu-tools-for-stm32.7-2018-q2-update.win32_1.4.0.202007081208/tools/bin/../lib/gcc/arm-none-eabi/7.3.1/thumb/v7e-m/fpv4-sp/hard\libgcc.a
LOAD d:/st/stm32cubeide_1.2.0/stm32cubeide/plugins/com.st.stm32cube.ide.mcu.externaltools.gnu-tools-for-stm32.7-2018-q2-update.win32_1.4.0.202007081208/tools/bin/../lib/gcc/arm-none-eabi/7.3.1/../../../../arm-none-eabi/lib/thumb/v7e-m/fpv4-sp/hard\libc_nano.a
LOAD d:/st/stm32cubeide_1.2.0/stm32cubeide/plugins/com.st.stm32cube.ide.mcu.externaltools.gnu-tools-for-stm32.7-2018-q2-update.win32_1.4.0.202007081208/tools/bin/../lib/gcc/arm-none-eabi/7.3.1/../../../../arm-none-eabi/lib/thumb/v7e-m/fpv4-sp/hard\libnosys.a
END GROUP
LOAD d:/st/stm32cubeide_1.2.0/stm32cubeide/plugins/com.st.stm32cube.ide.mcu.externaltools.gnu-tools-for-stm32.7-2018-q2-update.win32_1.4.0.202007081208/tools/bin/../lib/gcc/arm-none-eabi/7.3.1/thumb/v7e-m/fpv4-sp/hard/crtend.o
LOAD d:/st/stm32cubeide_1.2.0/stm32cubeide/plugins/com.st.stm32cube.ide.mcu.externaltools.gnu-tools-for-stm32.7-2018-q2-update.win32_1.4.0.202007081208/tools/bin/../lib/gcc/arm-none-eabi/7.3.1/thumb/v7e-m/fpv4-sp/hard/crtn.o
                0x0000000020050000                _estack = (ORIGIN (RAM) + LENGTH (RAM))
                0x0000000000000200                _Min_Heap_Size = 0x200
                0x0000000000000400                _Min_Stack_Size = 0x400

.isr_vector     0x0000000008000000      0x1d8
                0x0000000008000000                . = ALIGN (0x4)
 *(.isr_vector)
 .isr_vector    0x0000000008000000      0x1d8 Core/Startup/startup_stm32f413zhtx.o
                0x0000000008000000                g_pfnVectors
                0x00000000080001d8                . = ALIGN (0x4)

.text           0x00000000080001d8     0x6d64
                0x00000000080001d8                . = ALIGN (0x4)
 *(.text)
 .text          0x00000000080001d8       0x40 d:/st/stm32cubeide_1.2.0/stm32cubeide/plugins/com.st.stm32cube.ide.mcu.externaltools.gnu-tools-for-stm32.7-2018-q2-update.win32_1.4.0.202007081208/tools/bin/../lib/gcc/arm-none-eabi/7.3.1/thumb/v7e-m/fpv4-sp/hard/crtbegin.o
 .text          0x0000000008000218      0x378 d:/st/stm32cubeide_1.2.0/stm32cubeide/plugins/com.st.stm32cube.ide.mcu.externaltools.gnu-tools-for-stm32.7-2018-q2-update.win32_1.4.0.202007081208/tools/bin/../lib/gcc/arm-none-eabi/7.3.1/thumb/v7e-m/fpv4-sp/hard\libgcc.a(_arm_addsubdf3.o)
                0x0000000008000218                __aeabi_drsub
                0x0000000008000220                __aeabi_dsub
                0x0000000008000220                __subdf3
                0x0000000008000224                __aeabi_dadd
                0x0000000008000224                __adddf3
                0x000000000800049c                __floatunsidf
                0x000000000800049c                __aeabi_ui2d
                0x00000000080004bc                __floatsidf
                0x00000000080004bc                __aeabi_i2d
                0x00000000080004e0                __aeabi_f2d
                0x00000000080004e0                __extendsfdf2
                0x0000000008000524                __floatundidf
                0x0000000008000524                __aeabi_ul2d
                0x0000000008000534                __floatdidf
                0x0000000008000534                __aeabi_l2d
 .text          0x0000000008000590      0x424 d:/st/stm32cubeide_1.2.0/stm32cubeide/plugins/com.st.stm32cube.ide.mcu.externaltools.gnu-tools-for-stm32.7-2018-q2-update.win32_1.4.0.202007081208/tools/bin/../lib/gcc/arm-none-eabi/7.3.1/thumb/v7e-m/fpv4-sp/hard\libgcc.a(_arm_muldivdf3.o)
                0x0000000008000590                __aeabi_dmul
                0x0000000008000590                __muldf3
                0x00000000080007e4                __divdf3
                0x00000000080007e4                __aeabi_ddiv
 .text          0x00000000080009b4       0x40 d:/st/stm32cubeide_1.2.0/stm32cubeide/plugins/com.st.stm32cube.ide.mcu.externaltools.gnu-tools-for-stm32.7-2018-q2-update.win32_1.4.0.202007081208/tools/bin/../lib/gcc/arm-none-eabi/7.3.1/thumb/v7e-m/fpv4-sp/hard\libgcc.a(_arm_fixunsdfsi.o)
                0x00000000080009b4                __aeabi_d2uiz
                0x00000000080009b4                __fixunsdfsi
 .text          0x00000000080009f4       0xa0 d:/st/stm32cubeide_1.2.0/stm32cubeide/plugins/com.st.stm32cube.ide.mcu.externaltools.gnu-tools-for-stm32.7-2018-q2-update.win32_1.4.0.202007081208/tools/bin/../lib/gcc/arm-none-eabi/7.3.1/thumb/v7e-m/fpv4-sp/hard\libgcc.a(_arm_truncdfsf2.o)
                0x00000000080009f4                __truncdfsf2
                0x00000000080009f4                __aeabi_d2f
 .text          0x0000000008000a94       0x30 d:/st/stm32cubeide_1.2.0/stm32cubeide/plugins/com.st.stm32cube.ide.mcu.externaltools.gnu-tools-for-stm32.7-2018-q2-update.win32_1.4.0.202007081208/tools/bin/../lib/gcc/arm-none-eabi/7.3.1/thumb/v7e-m/fpv4-sp/hard\libgcc.a(_aeabi_uldivmod.o)
                0x0000000008000a94                __aeabi_uldivmod
 .text          0x0000000008000ac4      0x2cc d:/st/stm32cubeide_1.2.0/stm32cubeide/plugins/com.st.stm32cube.ide.mcu.externaltools.gnu-tools-for-stm32.7-2018-q2-update.win32_1.4.0.202007081208/tools/bin/../lib/gcc/arm-none-eabi/7.3.1/thumb/v7e-m/fpv4-sp/hard\libgcc.a(_udivmoddi4.o)
                0x0000000008000ac4                __udivmoddi4
 .text          0x0000000008000d90        0x4 d:/st/stm32cubeide_1.2.0/stm32cubeide/plugins/com.st.stm32cube.ide.mcu.externaltools.gnu-tools-for-stm32.7-2018-q2-update.win32_1.4.0.202007081208/tools/bin/../lib/gcc/arm-none-eabi/7.3.1/thumb/v7e-m/fpv4-sp/hard\libgcc.a(_dvmd_tls.o)
                0x0000000008000d90                __aeabi_idiv0
                0x0000000008000d90                __aeabi_ldiv0
 *(.text*)
 .text.MX_ADC1_Init
                0x0000000008000d94       0xf8 Core/Src/adc.o
                0x0000000008000d94                MX_ADC1_Init
 .text.HAL_ADC_MspInit
                0x0000000008000e8c      0x128 Core/Src/adc.o
                0x0000000008000e8c                HAL_ADC_MspInit
 .text.HAL_ADC_ConvCpltCallback
                0x0000000008000fb4       0x24 Core/Src/adc.o
                0x0000000008000fb4                HAL_ADC_ConvCpltCallback
 .text.adc_transform
                0x0000000008000fd8       0x4c Core/Src/adc.o
                0x0000000008000fd8                adc_transform
 .text.adc_100us
                0x0000000008001024       0xb0 Core/Src/adc.o
                0x0000000008001024                adc_100us
 .text.MX_DMA_Init
                0x00000000080010d4       0x40 Core/Src/dma.o
                0x00000000080010d4                MX_DMA_Init
 .text.MX_GPIO_Init
                0x0000000008001114      0x19c Core/Src/gpio.o
                0x0000000008001114                MX_GPIO_Init
 .text.TrigHandler
                0x00000000080012b0      0x150 Core/Src/logger.o
                0x00000000080012b0                TrigHandler
 .text.SignalTriggered
                0x0000000008001400       0x60 Core/Src/logger.o
                0x0000000008001400                SignalTriggered
 .text.getSample
                0x0000000008001460      0x17c Core/Src/logger.o
                0x0000000008001460                getSample
 .text.DataHandler
                0x00000000080015dc       0x64 Core/Src/logger.o
                0x00000000080015dc                DataHandler
 .text.HAL_UART_RxCpltCallback
                0x0000000008001640       0xac Core/Src/logger.o
                0x0000000008001640                HAL_UART_RxCpltCallback
 .text.HAL_UART_TxCpltCallback
                0x00000000080016ec       0x94 Core/Src/logger.o
                0x00000000080016ec                HAL_UART_TxCpltCallback
 .text.encode_q11
                0x0000000008001780       0x48 Core/Src/logger.o
                0x0000000008001780                encode_q11
 .text.decode_q11
                0x00000000080017c8       0x3c Core/Src/logger.o
                0x00000000080017c8                decode_q11
 .text.main     0x0000000008001804       0x68 Core/Src/main.o
                0x0000000008001804                main
 .text.SystemClock_Config
                0x000000000800186c      0x114 Core/Src/main.o
                0x000000000800186c                SystemClock_Config
 .text.HAL_TIM_PeriodElapsedCallback
                0x0000000008001980       0x2c Core/Src/main.o
                0x0000000008001980                HAL_TIM_PeriodElapsedCallback
 .text.Error_Handler
                0x00000000080019ac        0xe Core/Src/main.o
                0x00000000080019ac                Error_Handler
 *fill*         0x00000000080019ba        0x2 
 .text.MX_SDIO_SD_Init
                0x00000000080019bc       0x4c Core/Src/sdio.o
                0x00000000080019bc                MX_SDIO_SD_Init
 .text.HAL_SD_MspInit
                0x0000000008001a08      0x114 Core/Src/sdio.o
                0x0000000008001a08                HAL_SD_MspInit
 .text.HAL_MspInit
                0x0000000008001b1c       0x50 Core/Src/stm32f4xx_hal_msp.o
                0x0000000008001b1c                HAL_MspInit
 .text.NMI_Handler
                0x0000000008001b6c        0xe Core/Src/stm32f4xx_it.o
                0x0000000008001b6c                NMI_Handler
 .text.HardFault_Handler
                0x0000000008001b7a        0x6 Core/Src/stm32f4xx_it.o
                0x0000000008001b7a                HardFault_Handler
 .text.MemManage_Handler
                0x0000000008001b80        0x6 Core/Src/stm32f4xx_it.o
                0x0000000008001b80                MemManage_Handler
 .text.BusFault_Handler
                0x0000000008001b86        0x6 Core/Src/stm32f4xx_it.o
                0x0000000008001b86                BusFault_Handler
 .text.UsageFault_Handler
                0x0000000008001b8c        0x6 Core/Src/stm32f4xx_it.o
                0x0000000008001b8c                UsageFault_Handler
 .text.SVC_Handler
                0x0000000008001b92        0xe Core/Src/stm32f4xx_it.o
                0x0000000008001b92                SVC_Handler
 .text.DebugMon_Handler
                0x0000000008001ba0        0xe Core/Src/stm32f4xx_it.o
                0x0000000008001ba0                DebugMon_Handler
 .text.PendSV_Handler
                0x0000000008001bae        0xe Core/Src/stm32f4xx_it.o
                0x0000000008001bae                PendSV_Handler
 .text.SysTick_Handler
                0x0000000008001bbc        0xc Core/Src/stm32f4xx_it.o
                0x0000000008001bbc                SysTick_Handler
 .text.TIM4_IRQHandler
                0x0000000008001bc8       0x14 Core/Src/stm32f4xx_it.o
                0x0000000008001bc8                TIM4_IRQHandler
 .text.USART3_IRQHandler
                0x0000000008001bdc       0x14 Core/Src/stm32f4xx_it.o
                0x0000000008001bdc                USART3_IRQHandler
 .text.DMA2_Stream0_IRQHandler
                0x0000000008001bf0       0x14 Core/Src/stm32f4xx_it.o
                0x0000000008001bf0                DMA2_Stream0_IRQHandler
 .text.SystemInit
                0x0000000008001c04       0x2c Core/Src/system_stm32f4xx.o
                0x0000000008001c04                SystemInit
 .text.MX_TIM4_Init
                0x0000000008001c30       0x98 Core/Src/tim.o
                0x0000000008001c30                MX_TIM4_Init
 .text.HAL_TIM_Base_MspInit
                0x0000000008001cc8       0x50 Core/Src/tim.o
                0x0000000008001cc8                HAL_TIM_Base_MspInit
 .text.MX_USART3_UART_Init
                0x0000000008001d18       0x54 Core/Src/usart.o
                0x0000000008001d18                MX_USART3_UART_Init
 .text.HAL_UART_MspInit
                0x0000000008001d6c       0xa0 Core/Src/usart.o
                0x0000000008001d6c                HAL_UART_MspInit
 .text.MX_USB_OTG_FS_PCD_Init
                0x0000000008001e0c       0x60 Core/Src/usb_otg.o
                0x0000000008001e0c                MX_USB_OTG_FS_PCD_Init
 .text.HAL_PCD_MspInit
                0x0000000008001e6c       0xb4 Core/Src/usb_otg.o
                0x0000000008001e6c                HAL_PCD_MspInit
 .text.Reset_Handler
                0x0000000008001f20       0x50 Core/Startup/startup_stm32f413zhtx.o
                0x0000000008001f20                Reset_Handler
 .text.Default_Handler
                0x0000000008001f70        0x2 Core/Startup/startup_stm32f413zhtx.o
                0x0000000008001f70                RTC_Alarm_IRQHandler
                0x0000000008001f70                EXTI2_IRQHandler
                0x0000000008001f70                TIM8_CC_IRQHandler
                0x0000000008001f70                UART8_IRQHandler
                0x0000000008001f70                FMPI2C1_EV_IRQHandler
                0x0000000008001f70                SPI4_IRQHandler
                0x0000000008001f70                TIM1_CC_IRQHandler
                0x0000000008001f70                DMA2_Stream5_IRQHandler
                0x0000000008001f70                DMA1_Stream5_IRQHandler
                0x0000000008001f70                CAN3_RX1_IRQHandler
                0x0000000008001f70                PVD_IRQHandler
                0x0000000008001f70                SDIO_IRQHandler
                0x0000000008001f70                TAMP_STAMP_IRQHandler
                0x0000000008001f70                CAN2_RX1_IRQHandler
                0x0000000008001f70                EXTI3_IRQHandler
                0x0000000008001f70                TIM8_TRG_COM_TIM14_IRQHandler
                0x0000000008001f70                DFSDM1_FLT1_IRQHandler
                0x0000000008001f70                TIM1_UP_TIM10_IRQHandler
                0x0000000008001f70                TIM8_UP_TIM13_IRQHandler
                0x0000000008001f70                I2C3_ER_IRQHandler
                0x0000000008001f70                EXTI0_IRQHandler
                0x0000000008001f70                I2C2_EV_IRQHandler
                0x0000000008001f70                DMA1_Stream2_IRQHandler
                0x0000000008001f70                CAN1_RX0_IRQHandler
                0x0000000008001f70                FPU_IRQHandler
                0x0000000008001f70                CAN3_SCE_IRQHandler
                0x0000000008001f70                CAN2_SCE_IRQHandler
                0x0000000008001f70                DMA2_Stream2_IRQHandler
                0x0000000008001f70                SPI1_IRQHandler
                0x0000000008001f70                TIM6_DAC_IRQHandler
                0x0000000008001f70                TIM1_BRK_TIM9_IRQHandler
                0x0000000008001f70                CAN2_RX0_IRQHandler
                0x0000000008001f70                DMA2_Stream3_IRQHandler
                0x0000000008001f70                USART6_IRQHandler
                0x0000000008001f70                CAN3_RX0_IRQHandler
                0x0000000008001f70                DFSDM2_FLT3_IRQHandler
                0x0000000008001f70                CAN1_RX1_IRQHandler
                0x0000000008001f70                UART5_IRQHandler
                0x0000000008001f70                QUADSPI_IRQHandler
                0x0000000008001f70                I2C1_EV_IRQHandler
                0x0000000008001f70                DMA1_Stream6_IRQHandler
                0x0000000008001f70                DMA1_Stream1_IRQHandler
                0x0000000008001f70                UART4_IRQHandler
                0x0000000008001f70                TIM3_IRQHandler
                0x0000000008001f70                RCC_IRQHandler
                0x0000000008001f70                UART9_IRQHandler
                0x0000000008001f70                TIM8_BRK_TIM12_IRQHandler
                0x0000000008001f70                Default_Handler
                0x0000000008001f70                EXTI15_10_IRQHandler
                0x0000000008001f70                ADC_IRQHandler
                0x0000000008001f70                DMA1_Stream7_IRQHandler
                0x0000000008001f70                DFSDM2_FLT0_IRQHandler
                0x0000000008001f70                SPI5_IRQHandler
                0x0000000008001f70                TIM7_IRQHandler
                0x0000000008001f70                CAN2_TX_IRQHandler
                0x0000000008001f70                TIM5_IRQHandler
                0x0000000008001f70                DMA2_Stream7_IRQHandler
                0x0000000008001f70                I2C3_EV_IRQHandler
                0x0000000008001f70                DFSDM2_FLT2_IRQHandler
                0x0000000008001f70                EXTI9_5_IRQHandler
                0x0000000008001f70                RTC_WKUP_IRQHandler
                0x0000000008001f70                SPI2_IRQHandler
                0x0000000008001f70                DMA1_Stream0_IRQHandler
                0x0000000008001f70                CAN1_TX_IRQHandler
                0x0000000008001f70                FMPI2C1_ER_IRQHandler
                0x0000000008001f70                EXTI4_IRQHandler
                0x0000000008001f70                DFSDM2_FLT1_IRQHandler
                0x0000000008001f70                RNG_IRQHandler
                0x0000000008001f70                FSMC_IRQHandler
                0x0000000008001f70                WWDG_IRQHandler
                0x0000000008001f70                CAN3_TX_IRQHandler
                0x0000000008001f70                TIM2_IRQHandler
                0x0000000008001f70                OTG_FS_WKUP_IRQHandler
                0x0000000008001f70                TIM1_TRG_COM_TIM11_IRQHandler
                0x0000000008001f70                EXTI1_IRQHandler
                0x0000000008001f70                UART7_IRQHandler
                0x0000000008001f70                USART2_IRQHandler
                0x0000000008001f70                DFSDM1_FLT0_IRQHandler
                0x0000000008001f70                I2C2_ER_IRQHandler
                0x0000000008001f70                DMA2_Stream1_IRQHandler
                0x0000000008001f70                CAN1_SCE_IRQHandler
                0x0000000008001f70                FLASH_IRQHandler
                0x0000000008001f70                DMA2_Stream4_IRQHandler
                0x0000000008001f70                USART1_IRQHandler
                0x0000000008001f70                OTG_FS_IRQHandler
                0x0000000008001f70                SPI3_IRQHandler
                0x0000000008001f70                DMA1_Stream4_IRQHandler
                0x0000000008001f70                I2C1_ER_IRQHandler
                0x0000000008001f70                LPTIM1_IRQHandler
                0x0000000008001f70                DMA2_Stream6_IRQHandler
                0x0000000008001f70                UART10_IRQHandler
                0x0000000008001f70                SAI1_IRQHandler
                0x0000000008001f70                DMA1_Stream3_IRQHandler
 *fill*         0x0000000008001f72        0x2 
 .text.HAL_Init
                0x0000000008001f74       0x44 Drivers/STM32F4xx_HAL_Driver/Src/stm32f4xx_hal.o
                0x0000000008001f74                HAL_Init
 .text.HAL_InitTick
                0x0000000008001fb8       0x60 Drivers/STM32F4xx_HAL_Driver/Src/stm32f4xx_hal.o
                0x0000000008001fb8                HAL_InitTick
 .text.HAL_IncTick
                0x0000000008002018       0x28 Drivers/STM32F4xx_HAL_Driver/Src/stm32f4xx_hal.o
                0x0000000008002018                HAL_IncTick
 .text.HAL_GetTick
                0x0000000008002040       0x18 Drivers/STM32F4xx_HAL_Driver/Src/stm32f4xx_hal.o
                0x0000000008002040                HAL_GetTick
 .text.HAL_Delay
                0x0000000008002058       0x44 Drivers/STM32F4xx_HAL_Driver/Src/stm32f4xx_hal.o
                0x0000000008002058                HAL_Delay
 .text.HAL_ADC_Init
                0x000000000800209c       0x86 Drivers/STM32F4xx_HAL_Driver/Src/stm32f4xx_hal_adc.o
                0x000000000800209c                HAL_ADC_Init
 *fill*         0x0000000008002122        0x2 
 .text.HAL_ADC_Start_DMA
                0x0000000008002124      0x1a8 Drivers/STM32F4xx_HAL_Driver/Src/stm32f4xx_hal_adc.o
                0x0000000008002124                HAL_ADC_Start_DMA
 .text.HAL_ADC_ConvHalfCpltCallback
                0x00000000080022cc       0x14 Drivers/STM32F4xx_HAL_Driver/Src/stm32f4xx_hal_adc.o
                0x00000000080022cc                HAL_ADC_ConvHalfCpltCallback
 .text.HAL_ADC_ErrorCallback
                0x00000000080022e0       0x14 Drivers/STM32F4xx_HAL_Driver/Src/stm32f4xx_hal_adc.o
                0x00000000080022e0                HAL_ADC_ErrorCallback
 .text.HAL_ADC_ConfigChannel
                0x00000000080022f4      0x264 Drivers/STM32F4xx_HAL_Driver/Src/stm32f4xx_hal_adc.o
                0x00000000080022f4                HAL_ADC_ConfigChannel
 .text.ADC_Init
                0x0000000008002558      0x1f8 Drivers/STM32F4xx_HAL_Driver/Src/stm32f4xx_hal_adc.o
 .text.ADC_DMAConvCplt
                0x0000000008002750       0xba Drivers/STM32F4xx_HAL_Driver/Src/stm32f4xx_hal_adc.o
 .text.ADC_DMAHalfConvCplt
                0x000000000800280a       0x1c Drivers/STM32F4xx_HAL_Driver/Src/stm32f4xx_hal_adc.o
 .text.ADC_DMAError
                0x0000000008002826       0x2e Drivers/STM32F4xx_HAL_Driver/Src/stm32f4xx_hal_adc.o
 .text.__NVIC_SetPriorityGrouping
                0x0000000008002854       0x48 Drivers/STM32F4xx_HAL_Driver/Src/stm32f4xx_hal_cortex.o
 .text.__NVIC_GetPriorityGrouping
                0x000000000800289c       0x1c Drivers/STM32F4xx_HAL_Driver/Src/stm32f4xx_hal_cortex.o
 .text.__NVIC_EnableIRQ
                0x00000000080028b8       0x3c Drivers/STM32F4xx_HAL_Driver/Src/stm32f4xx_hal_cortex.o
 .text.__NVIC_SetPriority
                0x00000000080028f4       0x54 Drivers/STM32F4xx_HAL_Driver/Src/stm32f4xx_hal_cortex.o
 .text.NVIC_EncodePriority
                0x0000000008002948       0x66 Drivers/STM32F4xx_HAL_Driver/Src/stm32f4xx_hal_cortex.o
 *fill*         0x00000000080029ae        0x2 
 .text.SysTick_Config
                0x00000000080029b0       0x44 Drivers/STM32F4xx_HAL_Driver/Src/stm32f4xx_hal_cortex.o
 .text.HAL_NVIC_SetPriorityGrouping
                0x00000000080029f4       0x16 Drivers/STM32F4xx_HAL_Driver/Src/stm32f4xx_hal_cortex.o
                0x00000000080029f4                HAL_NVIC_SetPriorityGrouping
 .text.HAL_NVIC_SetPriority
                0x0000000008002a0a       0x38 Drivers/STM32F4xx_HAL_Driver/Src/stm32f4xx_hal_cortex.o
                0x0000000008002a0a                HAL_NVIC_SetPriority
 .text.HAL_NVIC_EnableIRQ
                0x0000000008002a42       0x1c Drivers/STM32F4xx_HAL_Driver/Src/stm32f4xx_hal_cortex.o
                0x0000000008002a42                HAL_NVIC_EnableIRQ
 .text.HAL_SYSTICK_Config
                0x0000000008002a5e       0x18 Drivers/STM32F4xx_HAL_Driver/Src/stm32f4xx_hal_cortex.o
                0x0000000008002a5e                HAL_SYSTICK_Config
 *fill*         0x0000000008002a76        0x2 
 .text.HAL_DMA_Init
                0x0000000008002a78      0x15c Drivers/STM32F4xx_HAL_Driver/Src/stm32f4xx_hal_dma.o
                0x0000000008002a78                HAL_DMA_Init
 .text.HAL_DMA_Start_IT
                0x0000000008002bd4       0xb0 Drivers/STM32F4xx_HAL_Driver/Src/stm32f4xx_hal_dma.o
                0x0000000008002bd4                HAL_DMA_Start_IT
 .text.HAL_DMA_Abort_IT
                0x0000000008002c84       0x44 Drivers/STM32F4xx_HAL_Driver/Src/stm32f4xx_hal_dma.o
                0x0000000008002c84                HAL_DMA_Abort_IT
 .text.HAL_DMA_IRQHandler
                0x0000000008002cc8      0x314 Drivers/STM32F4xx_HAL_Driver/Src/stm32f4xx_hal_dma.o
                0x0000000008002cc8                HAL_DMA_IRQHandler
 .text.DMA_SetConfig
                0x0000000008002fdc       0x5c Drivers/STM32F4xx_HAL_Driver/Src/stm32f4xx_hal_dma.o
 .text.DMA_CalcBaseAndBitshift
                0x0000000008003038       0x6c Drivers/STM32F4xx_HAL_Driver/Src/stm32f4xx_hal_dma.o
 .text.DMA_CheckFifoParam
                0x00000000080030a4       0xf4 Drivers/STM32F4xx_HAL_Driver/Src/stm32f4xx_hal_dma.o
 .text.HAL_GPIO_Init
                0x0000000008003198      0x324 Drivers/STM32F4xx_HAL_Driver/Src/stm32f4xx_hal_gpio.o
                0x0000000008003198                HAL_GPIO_Init
 .text.HAL_GPIO_ReadPin
                0x00000000080034bc       0x30 Drivers/STM32F4xx_HAL_Driver/Src/stm32f4xx_hal_gpio.o
                0x00000000080034bc                HAL_GPIO_ReadPin
 .text.HAL_GPIO_WritePin
                0x00000000080034ec       0x32 Drivers/STM32F4xx_HAL_Driver/Src/stm32f4xx_hal_gpio.o
                0x00000000080034ec                HAL_GPIO_WritePin
 .text.HAL_PCD_Init
                0x000000000800351e      0x248 Drivers/STM32F4xx_HAL_Driver/Src/stm32f4xx_hal_pcd.o
                0x000000000800351e                HAL_PCD_Init
 .text.HAL_PCDEx_ActivateLPM
                0x0000000008003766       0x48 Drivers/STM32F4xx_HAL_Driver/Src/stm32f4xx_hal_pcd_ex.o
                0x0000000008003766                HAL_PCDEx_ActivateLPM
 *fill*         0x00000000080037ae        0x2 
 .text.HAL_RCC_ClockConfig
                0x00000000080037b0      0x1cc Drivers/STM32F4xx_HAL_Driver/Src/stm32f4xx_hal_rcc.o
                0x00000000080037b0                HAL_RCC_ClockConfig
 .text.HAL_RCC_GetSysClockFreq
                0x000000000800397c      0x1b0 Drivers/STM32F4xx_HAL_Driver/Src/stm32f4xx_hal_rcc.o
                0x000000000800397c                HAL_RCC_GetSysClockFreq
 .text.HAL_RCC_GetHCLKFreq
                0x0000000008003b2c       0x18 Drivers/STM32F4xx_HAL_Driver/Src/stm32f4xx_hal_rcc.o
                0x0000000008003b2c                HAL_RCC_GetHCLKFreq
 .text.HAL_RCC_GetPCLK1Freq
                0x0000000008003b44       0x28 Drivers/STM32F4xx_HAL_Driver/Src/stm32f4xx_hal_rcc.o
                0x0000000008003b44                HAL_RCC_GetPCLK1Freq
 .text.HAL_RCC_GetPCLK2Freq
                0x0000000008003b6c       0x28 Drivers/STM32F4xx_HAL_Driver/Src/stm32f4xx_hal_rcc.o
                0x0000000008003b6c                HAL_RCC_GetPCLK2Freq
 .text.HAL_RCCEx_PeriphCLKConfig
                0x0000000008003b94      0x518 Drivers/STM32F4xx_HAL_Driver/Src/stm32f4xx_hal_rcc_ex.o
                0x0000000008003b94                HAL_RCCEx_PeriphCLKConfig
 .text.HAL_RCC_OscConfig
                0x00000000080040ac      0x484 Drivers/STM32F4xx_HAL_Driver/Src/stm32f4xx_hal_rcc_ex.o
                0x00000000080040ac                HAL_RCC_OscConfig
 .text.HAL_SD_Init
                0x0000000008004530       0x60 Drivers/STM32F4xx_HAL_Driver/Src/stm32f4xx_hal_sd.o
                0x0000000008004530                HAL_SD_Init
 .text.HAL_SD_InitCard
                0x0000000008004590       0xc0 Drivers/STM32F4xx_HAL_Driver/Src/stm32f4xx_hal_sd.o
                0x0000000008004590                HAL_SD_InitCard
 .text.HAL_SD_GetCardCSD
                0x0000000008004650      0x348 Drivers/STM32F4xx_HAL_Driver/Src/stm32f4xx_hal_sd.o
                0x0000000008004650                HAL_SD_GetCardCSD
 .text.SD_InitCard
                0x0000000008004998      0x19a Drivers/STM32F4xx_HAL_Driver/Src/stm32f4xx_hal_sd.o
 *fill*         0x0000000008004b32        0x2 
 .text.SD_PowerON
                0x0000000008004b34      0x11c Drivers/STM32F4xx_HAL_Driver/Src/stm32f4xx_hal_sd.o
 .text.HAL_TIM_Base_Init
                0x0000000008004c50       0x56 Drivers/STM32F4xx_HAL_Driver/Src/stm32f4xx_hal_tim.o
                0x0000000008004c50                HAL_TIM_Base_Init
 .text.HAL_TIM_Base_Start_IT
                0x0000000008004ca6       0x48 Drivers/STM32F4xx_HAL_Driver/Src/stm32f4xx_hal_tim.o
                0x0000000008004ca6                HAL_TIM_Base_Start_IT
 .text.HAL_TIM_IRQHandler
                0x0000000008004cee      0x210 Drivers/STM32F4xx_HAL_Driver/Src/stm32f4xx_hal_tim.o
                0x0000000008004cee                HAL_TIM_IRQHandler
 .text.HAL_TIM_ConfigClockSource
                0x0000000008004efe      0x16e Drivers/STM32F4xx_HAL_Driver/Src/stm32f4xx_hal_tim.o
                0x0000000008004efe                HAL_TIM_ConfigClockSource
 .text.HAL_TIM_OC_DelayElapsedCallback
                0x000000000800506c       0x14 Drivers/STM32F4xx_HAL_Driver/Src/stm32f4xx_hal_tim.o
                0x000000000800506c                HAL_TIM_OC_DelayElapsedCallback
 .text.HAL_TIM_IC_CaptureCallback
                0x0000000008005080       0x14 Drivers/STM32F4xx_HAL_Driver/Src/stm32f4xx_hal_tim.o
                0x0000000008005080                HAL_TIM_IC_CaptureCallback
 .text.HAL_TIM_PWM_PulseFinishedCallback
                0x0000000008005094       0x14 Drivers/STM32F4xx_HAL_Driver/Src/stm32f4xx_hal_tim.o
                0x0000000008005094                HAL_TIM_PWM_PulseFinishedCallback
 .text.HAL_TIM_TriggerCallback
                0x00000000080050a8       0x14 Drivers/STM32F4xx_HAL_Driver/Src/stm32f4xx_hal_tim.o
                0x00000000080050a8                HAL_TIM_TriggerCallback
 .text.TIM_Base_SetConfig
                0x00000000080050bc      0x140 Drivers/STM32F4xx_HAL_Driver/Src/stm32f4xx_hal_tim.o
                0x00000000080050bc                TIM_Base_SetConfig
 .text.TIM_TI1_ConfigInputStage
                0x00000000080051fc       0x5e Drivers/STM32F4xx_HAL_Driver/Src/stm32f4xx_hal_tim.o
 .text.TIM_TI2_ConfigInputStage
                0x000000000800525a       0x60 Drivers/STM32F4xx_HAL_Driver/Src/stm32f4xx_hal_tim.o
 .text.TIM_ITRx_SetConfig
                0x00000000080052ba       0x36 Drivers/STM32F4xx_HAL_Driver/Src/stm32f4xx_hal_tim.o
 .text.TIM_ETR_SetConfig
                0x00000000080052f0       0x40 Drivers/STM32F4xx_HAL_Driver/Src/stm32f4xx_hal_tim.o
                0x00000000080052f0                TIM_ETR_SetConfig
 .text.HAL_TIMEx_MasterConfigSynchronization
                0x0000000008005330       0xf8 Drivers/STM32F4xx_HAL_Driver/Src/stm32f4xx_hal_tim_ex.o
                0x0000000008005330                HAL_TIMEx_MasterConfigSynchronization
 .text.HAL_TIMEx_CommutCallback
                0x0000000008005428       0x14 Drivers/STM32F4xx_HAL_Driver/Src/stm32f4xx_hal_tim_ex.o
                0x0000000008005428                HAL_TIMEx_CommutCallback
 .text.HAL_TIMEx_BreakCallback
                0x000000000800543c       0x14 Drivers/STM32F4xx_HAL_Driver/Src/stm32f4xx_hal_tim_ex.o
                0x000000000800543c                HAL_TIMEx_BreakCallback
 .text.HAL_UART_Init
                0x0000000008005450       0x9a Drivers/STM32F4xx_HAL_Driver/Src/stm32f4xx_hal_uart.o
                0x0000000008005450                HAL_UART_Init
 .text.HAL_UART_Transmit_IT
                0x00000000080054ea       0x8a Drivers/STM32F4xx_HAL_Driver/Src/stm32f4xx_hal_uart.o
                0x00000000080054ea                HAL_UART_Transmit_IT
 .text.HAL_UART_Receive_IT
                0x0000000008005574       0xaa Drivers/STM32F4xx_HAL_Driver/Src/stm32f4xx_hal_uart.o
                0x0000000008005574                HAL_UART_Receive_IT
 *fill*         0x000000000800561e        0x2 
 .text.HAL_UART_IRQHandler
                0x0000000008005620      0x200 Drivers/STM32F4xx_HAL_Driver/Src/stm32f4xx_hal_uart.o
                0x0000000008005620                HAL_UART_IRQHandler
 .text.HAL_UART_ErrorCallback
                0x0000000008005820       0x14 Drivers/STM32F4xx_HAL_Driver/Src/stm32f4xx_hal_uart.o
                0x0000000008005820                HAL_UART_ErrorCallback
 .text.UART_EndRxTransfer
                0x0000000008005834       0x3c Drivers/STM32F4xx_HAL_Driver/Src/stm32f4xx_hal_uart.o
 .text.UART_DMAAbortOnError
                0x0000000008005870       0x28 Drivers/STM32F4xx_HAL_Driver/Src/stm32f4xx_hal_uart.o
 .text.UART_Transmit_IT
                0x0000000008005898       0xac Drivers/STM32F4xx_HAL_Driver/Src/stm32f4xx_hal_uart.o
 .text.UART_EndTransmit_IT
                0x0000000008005944       0x30 Drivers/STM32F4xx_HAL_Driver/Src/stm32f4xx_hal_uart.o
 .text.UART_Receive_IT
                0x0000000008005974      0x102 Drivers/STM32F4xx_HAL_Driver/Src/stm32f4xx_hal_uart.o
 *fill*         0x0000000008005a76        0x2 
 .text.UART_SetConfig
                0x0000000008005a78      0x730 Drivers/STM32F4xx_HAL_Driver/Src/stm32f4xx_hal_uart.o
 .text.SDIO_Init
                0x00000000080061a8       0x56 Drivers/STM32F4xx_HAL_Driver/Src/stm32f4xx_ll_sdmmc.o
                0x00000000080061a8                SDIO_Init
 .text.SDIO_PowerState_ON
                0x00000000080061fe       0x1e Drivers/STM32F4xx_HAL_Driver/Src/stm32f4xx_ll_sdmmc.o
                0x00000000080061fe                SDIO_PowerState_ON
 .text.SDIO_GetPowerState
                0x000000000800621c       0x1c Drivers/STM32F4xx_HAL_Driver/Src/stm32f4xx_ll_sdmmc.o
                0x000000000800621c                SDIO_GetPowerState
 .text.SDIO_SendCommand
                0x0000000008006238       0x54 Drivers/STM32F4xx_HAL_Driver/Src/stm32f4xx_ll_sdmmc.o
                0x0000000008006238                SDIO_SendCommand
 .text.SDIO_GetCommandResponse
                0x000000000800628c       0x1a Drivers/STM32F4xx_HAL_Driver/Src/stm32f4xx_ll_sdmmc.o
                0x000000000800628c                SDIO_GetCommandResponse
 .text.SDIO_GetResponse
                0x00000000080062a6       0x26 Drivers/STM32F4xx_HAL_Driver/Src/stm32f4xx_ll_sdmmc.o
                0x00000000080062a6                SDIO_GetResponse
 .text.SDMMC_CmdSelDesel
                0x00000000080062cc       0x46 Drivers/STM32F4xx_HAL_Driver/Src/stm32f4xx_ll_sdmmc.o
                0x00000000080062cc                SDMMC_CmdSelDesel
 .text.SDMMC_CmdGoIdleState
                0x0000000008006312       0x3c Drivers/STM32F4xx_HAL_Driver/Src/stm32f4xx_ll_sdmmc.o
                0x0000000008006312                SDMMC_CmdGoIdleState
 .text.SDMMC_CmdOperCond
                0x000000000800634e       0x3e Drivers/STM32F4xx_HAL_Driver/Src/stm32f4xx_ll_sdmmc.o
                0x000000000800634e                SDMMC_CmdOperCond
 .text.SDMMC_CmdAppCommand
                0x000000000800638c       0x44 Drivers/STM32F4xx_HAL_Driver/Src/stm32f4xx_ll_sdmmc.o
                0x000000000800638c                SDMMC_CmdAppCommand
 .text.SDMMC_CmdAppOperCommand
                0x00000000080063d0       0x46 Drivers/STM32F4xx_HAL_Driver/Src/stm32f4xx_ll_sdmmc.o
                0x00000000080063d0                SDMMC_CmdAppOperCommand
 .text.SDMMC_CmdSendCID
                0x0000000008006416       0x3c Drivers/STM32F4xx_HAL_Driver/Src/stm32f4xx_ll_sdmmc.o
                0x0000000008006416                SDMMC_CmdSendCID
 .text.SDMMC_CmdSendCSD
                0x0000000008006452       0x3e Drivers/STM32F4xx_HAL_Driver/Src/stm32f4xx_ll_sdmmc.o
                0x0000000008006452                SDMMC_CmdSendCSD
 .text.SDMMC_CmdSetRelAdd
                0x0000000008006490       0x42 Drivers/STM32F4xx_HAL_Driver/Src/stm32f4xx_ll_sdmmc.o
                0x0000000008006490                SDMMC_CmdSetRelAdd
 *fill*         0x00000000080064d2        0x2 
 .text.SDMMC_GetCmdError
                0x00000000080064d4       0x50 Drivers/STM32F4xx_HAL_Driver/Src/stm32f4xx_ll_sdmmc.o
 .text.SDMMC_GetCmdResp1
                0x0000000008006524      0x1d8 Drivers/STM32F4xx_HAL_Driver/Src/stm32f4xx_ll_sdmmc.o
 .text.SDMMC_GetCmdResp2
                0x00000000080066fc       0x8c Drivers/STM32F4xx_HAL_Driver/Src/stm32f4xx_ll_sdmmc.o
 .text.SDMMC_GetCmdResp3
                0x0000000008006788       0x74 Drivers/STM32F4xx_HAL_Driver/Src/stm32f4xx_ll_sdmmc.o
 .text.SDMMC_GetCmdResp6
                0x00000000080067fc       0xe8 Drivers/STM32F4xx_HAL_Driver/Src/stm32f4xx_ll_sdmmc.o
 .text.SDMMC_GetCmdResp7
                0x00000000080068e4       0x98 Drivers/STM32F4xx_HAL_Driver/Src/stm32f4xx_ll_sdmmc.o
 .text.USB_CoreInit
                0x000000000800697c       0xc2 Drivers/STM32F4xx_HAL_Driver/Src/stm32f4xx_ll_usb.o
                0x000000000800697c                USB_CoreInit
 .text.USB_DisableGlobalInt
                0x0000000008006a3e       0x22 Drivers/STM32F4xx_HAL_Driver/Src/stm32f4xx_ll_usb.o
                0x0000000008006a3e                USB_DisableGlobalInt
 .text.USB_SetCurrentMode
                0x0000000008006a60       0x54 Drivers/STM32F4xx_HAL_Driver/Src/stm32f4xx_ll_usb.o
                0x0000000008006a60                USB_SetCurrentMode
 .text.USB_DevInit
                0x0000000008006ab4      0x2bc Drivers/STM32F4xx_HAL_Driver/Src/stm32f4xx_ll_usb.o
                0x0000000008006ab4                USB_DevInit
 .text.USB_FlushTxFifo
                0x0000000008006d70       0x4c Drivers/STM32F4xx_HAL_Driver/Src/stm32f4xx_ll_usb.o
                0x0000000008006d70                USB_FlushTxFifo
 .text.USB_FlushRxFifo
                0x0000000008006dbc       0x44 Drivers/STM32F4xx_HAL_Driver/Src/stm32f4xx_ll_usb.o
                0x0000000008006dbc                USB_FlushRxFifo
 .text.USB_SetDevSpeed
                0x0000000008006e00       0x32 Drivers/STM32F4xx_HAL_Driver/Src/stm32f4xx_ll_usb.o
                0x0000000008006e00                USB_SetDevSpeed
 .text.USB_DevDisconnect
                0x0000000008006e32       0x30 Drivers/STM32F4xx_HAL_Driver/Src/stm32f4xx_ll_usb.o
                0x0000000008006e32                USB_DevDisconnect
 *fill*         0x0000000008006e62        0x2 
 .text.USB_CoreReset
                0x0000000008006e64       0x68 Drivers/STM32F4xx_HAL_Driver/Src/stm32f4xx_ll_usb.o
 .text.__libc_init_array
                0x0000000008006ecc       0x48 d:/st/stm32cubeide_1.2.0/stm32cubeide/plugins/com.st.stm32cube.ide.mcu.externaltools.gnu-tools-for-stm32.7-2018-q2-update.win32_1.4.0.202007081208/tools/bin/../lib/gcc/arm-none-eabi/7.3.1/../../../../arm-none-eabi/lib/thumb/v7e-m/fpv4-sp/hard\libc_nano.a(lib_a-init.o)
                0x0000000008006ecc                __libc_init_array
 .text.memset   0x0000000008006f14       0x10 d:/st/stm32cubeide_1.2.0/stm32cubeide/plugins/com.st.stm32cube.ide.mcu.externaltools.gnu-tools-for-stm32.7-2018-q2-update.win32_1.4.0.202007081208/tools/bin/../lib/gcc/arm-none-eabi/7.3.1/../../../../arm-none-eabi/lib/thumb/v7e-m/fpv4-sp/hard\libc_nano.a(lib_a-memset.o)
                0x0000000008006f14                memset
 *(.glue_7)
 .glue_7        0x0000000008006f24        0x0 linker stubs
 *(.glue_7t)
 .glue_7t       0x0000000008006f24        0x0 linker stubs
 *(.eh_frame)
 .eh_frame      0x0000000008006f24        0x0 d:/st/stm32cubeide_1.2.0/stm32cubeide/plugins/com.st.stm32cube.ide.mcu.externaltools.gnu-tools-for-stm32.7-2018-q2-update.win32_1.4.0.202007081208/tools/bin/../lib/gcc/arm-none-eabi/7.3.1/thumb/v7e-m/fpv4-sp/hard/crtbegin.o
 *(.init)
 .init          0x0000000008006f24        0x4 d:/st/stm32cubeide_1.2.0/stm32cubeide/plugins/com.st.stm32cube.ide.mcu.externaltools.gnu-tools-for-stm32.7-2018-q2-update.win32_1.4.0.202007081208/tools/bin/../lib/gcc/arm-none-eabi/7.3.1/thumb/v7e-m/fpv4-sp/hard/crti.o
                0x0000000008006f24                _init
 .init          0x0000000008006f28        0x8 d:/st/stm32cubeide_1.2.0/stm32cubeide/plugins/com.st.stm32cube.ide.mcu.externaltools.gnu-tools-for-stm32.7-2018-q2-update.win32_1.4.0.202007081208/tools/bin/../lib/gcc/arm-none-eabi/7.3.1/thumb/v7e-m/fpv4-sp/hard/crtn.o
 *(.fini)
 .fini          0x0000000008006f30        0x4 d:/st/stm32cubeide_1.2.0/stm32cubeide/plugins/com.st.stm32cube.ide.mcu.externaltools.gnu-tools-for-stm32.7-2018-q2-update.win32_1.4.0.202007081208/tools/bin/../lib/gcc/arm-none-eabi/7.3.1/thumb/v7e-m/fpv4-sp/hard/crti.o
                0x0000000008006f30                _fini
 .fini          0x0000000008006f34        0x8 d:/st/stm32cubeide_1.2.0/stm32cubeide/plugins/com.st.stm32cube.ide.mcu.externaltools.gnu-tools-for-stm32.7-2018-q2-update.win32_1.4.0.202007081208/tools/bin/../lib/gcc/arm-none-eabi/7.3.1/thumb/v7e-m/fpv4-sp/hard/crtn.o
                0x0000000008006f3c                . = ALIGN (0x4)
                0x0000000008006f3c                _etext = .

.vfp11_veneer   0x0000000008006f3c        0x0
 .vfp11_veneer  0x0000000008006f3c        0x0 linker stubs

.v4_bx          0x0000000008006f3c        0x0
 .v4_bx         0x0000000008006f3c        0x0 linker stubs

.iplt           0x0000000008006f3c        0x0
 .iplt          0x0000000008006f3c        0x0 d:/st/stm32cubeide_1.2.0/stm32cubeide/plugins/com.st.stm32cube.ide.mcu.externaltools.gnu-tools-for-stm32.7-2018-q2-update.win32_1.4.0.202007081208/tools/bin/../lib/gcc/arm-none-eabi/7.3.1/thumb/v7e-m/fpv4-sp/hard/crtbegin.o

.rodata         0x0000000008006f3c       0x20
                0x0000000008006f3c                . = ALIGN (0x4)
 *(.rodata)
 *(.rodata*)
 .rodata.AHBPrescTable
                0x0000000008006f3c       0x10 Core/Src/system_stm32f4xx.o
                0x0000000008006f3c                AHBPrescTable
 .rodata.APBPrescTable
                0x0000000008006f4c        0x8 Core/Src/system_stm32f4xx.o
                0x0000000008006f4c                APBPrescTable
 .rodata.flagBitshiftOffset.8962
                0x0000000008006f54        0x8 Drivers/STM32F4xx_HAL_Driver/Src/stm32f4xx_hal_dma.o
                0x0000000008006f5c                . = ALIGN (0x4)

.ARM.extab      0x0000000008006f5c        0x0
                0x0000000008006f5c                . = ALIGN (0x4)
 *(.ARM.extab* .gnu.linkonce.armextab.*)
                0x0000000008006f5c                . = ALIGN (0x4)

.ARM            0x0000000008006f5c        0x8
                0x0000000008006f5c                . = ALIGN (0x4)
                0x0000000008006f5c                __exidx_start = .
 *(.ARM.exidx*)
 .ARM.exidx     0x0000000008006f5c        0x8 d:/st/stm32cubeide_1.2.0/stm32cubeide/plugins/com.st.stm32cube.ide.mcu.externaltools.gnu-tools-for-stm32.7-2018-q2-update.win32_1.4.0.202007081208/tools/bin/../lib/gcc/arm-none-eabi/7.3.1/thumb/v7e-m/fpv4-sp/hard\libgcc.a(_udivmoddi4.o)
                0x0000000008006f64                __exidx_end = .
                0x0000000008006f64                . = ALIGN (0x4)

.rel.dyn        0x0000000008006f64        0x0
 .rel.iplt      0x0000000008006f64        0x0 d:/st/stm32cubeide_1.2.0/stm32cubeide/plugins/com.st.stm32cube.ide.mcu.externaltools.gnu-tools-for-stm32.7-2018-q2-update.win32_1.4.0.202007081208/tools/bin/../lib/gcc/arm-none-eabi/7.3.1/thumb/v7e-m/fpv4-sp/hard/crtbegin.o

.preinit_array  0x0000000008006f64        0x0
                0x0000000008006f64                . = ALIGN (0x4)
                0x0000000008006f64                PROVIDE (__preinit_array_start = .)
 *(.preinit_array*)
                0x0000000008006f64                PROVIDE (__preinit_array_end = .)
                0x0000000008006f64                . = ALIGN (0x4)

.init_array     0x0000000008006f64        0x4
                0x0000000008006f64                . = ALIGN (0x4)
                0x0000000008006f64                PROVIDE (__init_array_start = .)
 *(SORT_BY_NAME(.init_array.*))
 *(.init_array*)
 .init_array    0x0000000008006f64        0x4 d:/st/stm32cubeide_1.2.0/stm32cubeide/plugins/com.st.stm32cube.ide.mcu.externaltools.gnu-tools-for-stm32.7-2018-q2-update.win32_1.4.0.202007081208/tools/bin/../lib/gcc/arm-none-eabi/7.3.1/thumb/v7e-m/fpv4-sp/hard/crtbegin.o
                0x0000000008006f68                PROVIDE (__init_array_end = .)
                0x0000000008006f68                . = ALIGN (0x4)

.fini_array     0x0000000008006f68        0x4
                0x0000000008006f68                . = ALIGN (0x4)
                [!provide]                        PROVIDE (__fini_array_start = .)
 *(SORT_BY_NAME(.fini_array.*))
 *(.fini_array*)
 .fini_array    0x0000000008006f68        0x4 d:/st/stm32cubeide_1.2.0/stm32cubeide/plugins/com.st.stm32cube.ide.mcu.externaltools.gnu-tools-for-stm32.7-2018-q2-update.win32_1.4.0.202007081208/tools/bin/../lib/gcc/arm-none-eabi/7.3.1/thumb/v7e-m/fpv4-sp/hard/crtbegin.o
                [!provide]                        PROVIDE (__fini_array_end = .)
                0x0000000008006f6c                . = ALIGN (0x4)
                0x0000000008006f6c                _sidata = LOADADDR (.data)

.data           0x0000000020000000       0x2c load address 0x0000000008006f6c
                0x0000000020000000                . = ALIGN (0x4)
                0x0000000020000000                _sdata = .
 *(.data)
 *(.data*)
 .data.Hwcal_Data
                0x0000000020000000       0x20 Core/Src/adc.o
                0x0000000020000000                Hwcal_Data
 .data.SystemCoreClock
                0x0000000020000020        0x4 Core/Src/system_stm32f4xx.o
                0x0000000020000020                SystemCoreClock
 .data.uwTickPrio
                0x0000000020000024        0x4 Drivers/STM32F4xx_HAL_Driver/Src/stm32f4xx_hal.o
                0x0000000020000024                uwTickPrio
 .data.uwTickFreq
                0x0000000020000028        0x1 Drivers/STM32F4xx_HAL_Driver/Src/stm32f4xx_hal.o
                0x0000000020000028                uwTickFreq
                0x000000002000002c                . = ALIGN (0x4)
 *fill*         0x0000000020000029        0x3 
                0x000000002000002c                _edata = .

.igot.plt       0x000000002000002c        0x0 load address 0x0000000008006f98
 .igot.plt      0x000000002000002c        0x0 d:/st/stm32cubeide_1.2.0/stm32cubeide/plugins/com.st.stm32cube.ide.mcu.externaltools.gnu-tools-for-stm32.7-2018-q2-update.win32_1.4.0.202007081208/tools/bin/../lib/gcc/arm-none-eabi/7.3.1/thumb/v7e-m/fpv4-sp/hard/crtbegin.o
                0x000000002000002c                . = ALIGN (0x4)

.bss            0x000000002000002c    0x165b8 load address 0x0000000008006f98
                0x000000002000002c                _sbss = .
                0x000000002000002c                __bss_start__ = _sbss
 *(.bss)
 .bss           0x000000002000002c       0x1c d:/st/stm32cubeide_1.2.0/stm32cubeide/plugins/com.st.stm32cube.ide.mcu.externaltools.gnu-tools-for-stm32.7-2018-q2-update.win32_1.4.0.202007081208/tools/bin/../lib/gcc/arm-none-eabi/7.3.1/thumb/v7e-m/fpv4-sp/hard/crtbegin.o
 *(.bss*)
 .bss.Cnt_adcConvCplt
                0x0000000020000048        0x2 Core/Src/adc.o
                0x0000000020000048                Cnt_adcConvCplt
 *fill*         0x000000002000004a        0x2 
 .bss.Trigger   0x000000002000004c        0xc Core/Src/logger.o
                0x000000002000004c                Trigger
 .bss.Datahandler
                0x0000000020000058        0x1 Core/Src/logger.o
                0x0000000020000058                Datahandler
 *fill*         0x0000000020000059        0x3 
 .bss.V_U_TrigAnalog_old
                0x000000002000005c        0x4 Core/Src/logger.o
                0x000000002000005c                V_U_TrigAnalog_old
 .bss.V_D_TrigDigital_old
                0x0000000020000060        0x1 Core/Src/logger.o
                0x0000000020000060                V_D_TrigDigital_old
 *fill*         0x0000000020000061        0x3 
 .bss.BuffIdx   0x0000000020000064        0x4 Core/Src/logger.o
                0x0000000020000064                BuffIdx
 .bss.StartSendIdx
                0x0000000020000068        0x4 Core/Src/logger.o
                0x0000000020000068                StartSendIdx
 .bss.triggered
                0x000000002000006c        0x1 Core/Src/logger.o
                0x000000002000006c                triggered
 .bss.sendChunk
                0x000000002000006d        0x1 Core/Src/logger.o
                0x000000002000006d                sendChunk
 .bss.CntSampleRemaining
                0x000000002000006e        0x2 Core/Src/logger.o
                0x000000002000006e                CntSampleRemaining
 .bss.Cnt_Loop  0x0000000020000070        0x4 Core/Src/main.o
                0x0000000020000070                Cnt_Loop
 .bss.Cnt_tim4  0x0000000020000074        0x4 Core/Src/main.o
                0x0000000020000074                Cnt_tim4
 *(COMMON)
 COMMON         0x0000000020000078       0xc4 Core/Src/adc.o
                0x0000000020000078                V_D_Input
                0x000000002000007c                hadc1
                0x00000000200000c4                hdma_adc1
                0x0000000020000124                adcSamples
                0x000000002000012c                V_U_Analog
 COMMON         0x000000002000013c    0x15f98 Core/Src/logger.o
                0x000000002000013c                rxData
                0x0000000020000144                BuffDig_q11
                0x0000000020007674                BuffAna_q11
 COMMON         0x00000000200160d4       0x84 Core/Src/sdio.o
                0x00000000200160d4                hsd
 COMMON         0x0000000020016158       0x40 Core/Src/tim.o
                0x0000000020016158                htim4
 COMMON         0x0000000020016198       0x40 Core/Src/usart.o
                0x0000000020016198                huart3
 COMMON         0x00000000200161d8      0x408 Core/Src/usb_otg.o
                0x00000000200161d8                hpcd_USB_OTG_FS
 COMMON         0x00000000200165e0        0x4 Drivers/STM32F4xx_HAL_Driver/Src/stm32f4xx_hal.o
                0x00000000200165e0                uwTick
                0x00000000200165e4                . = ALIGN (0x4)
                0x00000000200165e4                _ebss = .
                0x00000000200165e4                __bss_end__ = _ebss

._user_heap_stack
                0x00000000200165e4      0x604 load address 0x0000000008006f98
                0x00000000200165e8                . = ALIGN (0x8)
 *fill*         0x00000000200165e4        0x4 
                0x00000000200165e8                PROVIDE (end = .)
                [!provide]                        PROVIDE (_end = .)
                0x00000000200167e8                . = (. + _Min_Heap_Size)
 *fill*         0x00000000200165e8      0x200 
                0x0000000020016be8                . = (. + _Min_Stack_Size)
 *fill*         0x00000000200167e8      0x400 
                0x0000000020016be8                . = ALIGN (0x8)

/DISCARD/
 libc.a(*)
 libm.a(*)
 libgcc.a(*)

.ARM.attributes
                0x0000000000000000       0x30
 *(.ARM.attributes)
 .ARM.attributes
                0x0000000000000000       0x22 d:/st/stm32cubeide_1.2.0/stm32cubeide/plugins/com.st.stm32cube.ide.mcu.externaltools.gnu-tools-for-stm32.7-2018-q2-update.win32_1.4.0.202007081208/tools/bin/../lib/gcc/arm-none-eabi/7.3.1/thumb/v7e-m/fpv4-sp/hard/crti.o
 .ARM.attributes
                0x0000000000000022       0x34 d:/st/stm32cubeide_1.2.0/stm32cubeide/plugins/com.st.stm32cube.ide.mcu.externaltools.gnu-tools-for-stm32.7-2018-q2-update.win32_1.4.0.202007081208/tools/bin/../lib/gcc/arm-none-eabi/7.3.1/thumb/v7e-m/fpv4-sp/hard/crtbegin.o
 .ARM.attributes
                0x0000000000000056       0x39 Core/Src/adc.o
 .ARM.attributes
                0x000000000000008f       0x39 Core/Src/dma.o
 .ARM.attributes
                0x00000000000000c8       0x39 Core/Src/gpio.o
 .ARM.attributes
                0x0000000000000101       0x39 Core/Src/logger.o
 .ARM.attributes
                0x000000000000013a       0x39 Core/Src/main.o
 .ARM.attributes
                0x0000000000000173       0x39 Core/Src/sdio.o
 .ARM.attributes
                0x00000000000001ac       0x39 Core/Src/stm32f4xx_hal_msp.o
 .ARM.attributes
                0x00000000000001e5       0x39 Core/Src/stm32f4xx_it.o
 .ARM.attributes
                0x000000000000021e       0x39 Core/Src/system_stm32f4xx.o
 .ARM.attributes
                0x0000000000000257       0x39 Core/Src/tim.o
 .ARM.attributes
                0x0000000000000290       0x39 Core/Src/usart.o
 .ARM.attributes
                0x00000000000002c9       0x39 Core/Src/usb_otg.o
 .ARM.attributes
                0x0000000000000302       0x21 Core/Startup/startup_stm32f413zhtx.o
 .ARM.attributes
                0x0000000000000323       0x39 Drivers/STM32F4xx_HAL_Driver/Src/stm32f4xx_hal.o
 .ARM.attributes
                0x000000000000035c       0x39 Drivers/STM32F4xx_HAL_Driver/Src/stm32f4xx_hal_adc.o
 .ARM.attributes
                0x0000000000000395       0x39 Drivers/STM32F4xx_HAL_Driver/Src/stm32f4xx_hal_cortex.o
 .ARM.attributes
                0x00000000000003ce       0x39 Drivers/STM32F4xx_HAL_Driver/Src/stm32f4xx_hal_dma.o
 .ARM.attributes
                0x0000000000000407       0x39 Drivers/STM32F4xx_HAL_Driver/Src/stm32f4xx_hal_gpio.o
 .ARM.attributes
                0x0000000000000440       0x39 Drivers/STM32F4xx_HAL_Driver/Src/stm32f4xx_hal_pcd.o
 .ARM.attributes
                0x0000000000000479       0x39 Drivers/STM32F4xx_HAL_Driver/Src/stm32f4xx_hal_pcd_ex.o
 .ARM.attributes
                0x00000000000004b2       0x39 Drivers/STM32F4xx_HAL_Driver/Src/stm32f4xx_hal_rcc.o
 .ARM.attributes
                0x00000000000004eb       0x39 Drivers/STM32F4xx_HAL_Driver/Src/stm32f4xx_hal_rcc_ex.o
 .ARM.attributes
                0x0000000000000524       0x39 Drivers/STM32F4xx_HAL_Driver/Src/stm32f4xx_hal_sd.o
 .ARM.attributes
                0x000000000000055d       0x39 Drivers/STM32F4xx_HAL_Driver/Src/stm32f4xx_hal_tim.o
 .ARM.attributes
                0x0000000000000596       0x39 Drivers/STM32F4xx_HAL_Driver/Src/stm32f4xx_hal_tim_ex.o
 .ARM.attributes
                0x00000000000005cf       0x39 Drivers/STM32F4xx_HAL_Driver/Src/stm32f4xx_hal_uart.o
 .ARM.attributes
                0x0000000000000608       0x39 Drivers/STM32F4xx_HAL_Driver/Src/stm32f4xx_ll_sdmmc.o
 .ARM.attributes
                0x0000000000000641       0x39 Drivers/STM32F4xx_HAL_Driver/Src/stm32f4xx_ll_usb.o
 .ARM.attributes
                0x000000000000067a       0x34 d:/st/stm32cubeide_1.2.0/stm32cubeide/plugins/com.st.stm32cube.ide.mcu.externaltools.gnu-tools-for-stm32.7-2018-q2-update.win32_1.4.0.202007081208/tools/bin/../lib/gcc/arm-none-eabi/7.3.1/../../../../arm-none-eabi/lib/thumb/v7e-m/fpv4-sp/hard\libc_nano.a(lib_a-init.o)
 .ARM.attributes
                0x00000000000006ae       0x34 d:/st/stm32cubeide_1.2.0/stm32cubeide/plugins/com.st.stm32cube.ide.mcu.externaltools.gnu-tools-for-stm32.7-2018-q2-update.win32_1.4.0.202007081208/tools/bin/../lib/gcc/arm-none-eabi/7.3.1/../../../../arm-none-eabi/lib/thumb/v7e-m/fpv4-sp/hard\libc_nano.a(lib_a-memset.o)
 .ARM.attributes
                0x00000000000006e2       0x22 d:/st/stm32cubeide_1.2.0/stm32cubeide/plugins/com.st.stm32cube.ide.mcu.externaltools.gnu-tools-for-stm32.7-2018-q2-update.win32_1.4.0.202007081208/tools/bin/../lib/gcc/arm-none-eabi/7.3.1/thumb/v7e-m/fpv4-sp/hard\libgcc.a(_arm_addsubdf3.o)
 .ARM.attributes
                0x0000000000000704       0x22 d:/st/stm32cubeide_1.2.0/stm32cubeide/plugins/com.st.stm32cube.ide.mcu.externaltools.gnu-tools-for-stm32.7-2018-q2-update.win32_1.4.0.202007081208/tools/bin/../lib/gcc/arm-none-eabi/7.3.1/thumb/v7e-m/fpv4-sp/hard\libgcc.a(_arm_muldivdf3.o)
 .ARM.attributes
                0x0000000000000726       0x22 d:/st/stm32cubeide_1.2.0/stm32cubeide/plugins/com.st.stm32cube.ide.mcu.externaltools.gnu-tools-for-stm32.7-2018-q2-update.win32_1.4.0.202007081208/tools/bin/../lib/gcc/arm-none-eabi/7.3.1/thumb/v7e-m/fpv4-sp/hard\libgcc.a(_arm_fixunsdfsi.o)
 .ARM.attributes
                0x0000000000000748       0x22 d:/st/stm32cubeide_1.2.0/stm32cubeide/plugins/com.st.stm32cube.ide.mcu.externaltools.gnu-tools-for-stm32.7-2018-q2-update.win32_1.4.0.202007081208/tools/bin/../lib/gcc/arm-none-eabi/7.3.1/thumb/v7e-m/fpv4-sp/hard\libgcc.a(_arm_truncdfsf2.o)
 .ARM.attributes
                0x000000000000076a       0x22 d:/st/stm32cubeide_1.2.0/stm32cubeide/plugins/com.st.stm32cube.ide.mcu.externaltools.gnu-tools-for-stm32.7-2018-q2-update.win32_1.4.0.202007081208/tools/bin/../lib/gcc/arm-none-eabi/7.3.1/thumb/v7e-m/fpv4-sp/hard\libgcc.a(_aeabi_uldivmod.o)
 .ARM.attributes
                0x000000000000078c       0x34 d:/st/stm32cubeide_1.2.0/stm32cubeide/plugins/com.st.stm32cube.ide.mcu.externaltools.gnu-tools-for-stm32.7-2018-q2-update.win32_1.4.0.202007081208/tools/bin/../lib/gcc/arm-none-eabi/7.3.1/thumb/v7e-m/fpv4-sp/hard\libgcc.a(_udivmoddi4.o)
 .ARM.attributes
                0x00000000000007c0       0x22 d:/st/stm32cubeide_1.2.0/stm32cubeide/plugins/com.st.stm32cube.ide.mcu.externaltools.gnu-tools-for-stm32.7-2018-q2-update.win32_1.4.0.202007081208/tools/bin/../lib/gcc/arm-none-eabi/7.3.1/thumb/v7e-m/fpv4-sp/hard\libgcc.a(_dvmd_tls.o)
 .ARM.attributes
                0x00000000000007e2       0x22 d:/st/stm32cubeide_1.2.0/stm32cubeide/plugins/com.st.stm32cube.ide.mcu.externaltools.gnu-tools-for-stm32.7-2018-q2-update.win32_1.4.0.202007081208/tools/bin/../lib/gcc/arm-none-eabi/7.3.1/thumb/v7e-m/fpv4-sp/hard/crtn.o
OUTPUT(Datenlogger_Schaltungstechnik.elf elf32-littlearm)

.debug_info     0x0000000000000000    0x1726a
 .debug_info    0x0000000000000000      0xb9f Core/Src/adc.o
 .debug_info    0x0000000000000b9f      0x5ec Core/Src/dma.o
 .debug_info    0x000000000000118b      0x534 Core/Src/gpio.o
 .debug_info    0x00000000000016bf     0x1353 Core/Src/logger.o
 .debug_info    0x0000000000002a12     0x190c Core/Src/main.o
 .debug_info    0x000000000000431e      0xaf1 Core/Src/sdio.o
 .debug_info    0x0000000000004e0f      0x396 Core/Src/stm32f4xx_hal_msp.o
 .debug_info    0x00000000000051a5      0x92f Core/Src/stm32f4xx_it.o
 .debug_info    0x0000000000005ad4      0x588 Core/Src/system_stm32f4xx.o
 .debug_info    0x000000000000605c      0xbc9 Core/Src/tim.o
 .debug_info    0x0000000000006c25      0xbf0 Core/Src/usart.o
 .debug_info    0x0000000000007815      0x9d6 Core/Src/usb_otg.o
 .debug_info    0x00000000000081eb       0x22 Core/Startup/startup_stm32f413zhtx.o
 .debug_info    0x000000000000820d      0x9c7 Drivers/STM32F4xx_HAL_Driver/Src/stm32f4xx_hal.o
 .debug_info    0x0000000000008bd4      0xcee Drivers/STM32F4xx_HAL_Driver/Src/stm32f4xx_hal_adc.o
 .debug_info    0x00000000000098c2      0xe76 Drivers/STM32F4xx_HAL_Driver/Src/stm32f4xx_hal_cortex.o
 .debug_info    0x000000000000a738      0x968 Drivers/STM32F4xx_HAL_Driver/Src/stm32f4xx_hal_dma.o
 .debug_info    0x000000000000b0a0      0x81d Drivers/STM32F4xx_HAL_Driver/Src/stm32f4xx_hal_gpio.o
 .debug_info    0x000000000000b8bd     0x1172 Drivers/STM32F4xx_HAL_Driver/Src/stm32f4xx_hal_pcd.o
 .debug_info    0x000000000000ca2f      0x8d5 Drivers/STM32F4xx_HAL_Driver/Src/stm32f4xx_hal_pcd_ex.o
 .debug_info    0x000000000000d304      0x944 Drivers/STM32F4xx_HAL_Driver/Src/stm32f4xx_hal_rcc.o
 .debug_info    0x000000000000dc48      0x873 Drivers/STM32F4xx_HAL_Driver/Src/stm32f4xx_hal_rcc_ex.o
 .debug_info    0x000000000000e4bb     0x18b9 Drivers/STM32F4xx_HAL_Driver/Src/stm32f4xx_hal_sd.o
 .debug_info    0x000000000000fd74     0x24a9 Drivers/STM32F4xx_HAL_Driver/Src/stm32f4xx_hal_tim.o
 .debug_info    0x000000000001221d     0x13d8 Drivers/STM32F4xx_HAL_Driver/Src/stm32f4xx_hal_tim_ex.o
 .debug_info    0x00000000000135f5     0x124c Drivers/STM32F4xx_HAL_Driver/Src/stm32f4xx_hal_uart.o
 .debug_info    0x0000000000014841     0x10ee Drivers/STM32F4xx_HAL_Driver/Src/stm32f4xx_ll_sdmmc.o
 .debug_info    0x000000000001592f     0x193b Drivers/STM32F4xx_HAL_Driver/Src/stm32f4xx_ll_usb.o

.debug_abbrev   0x0000000000000000     0x3310
 .debug_abbrev  0x0000000000000000      0x207 Core/Src/adc.o
 .debug_abbrev  0x0000000000000207      0x107 Core/Src/dma.o
 .debug_abbrev  0x000000000000030e      0x134 Core/Src/gpio.o
 .debug_abbrev  0x0000000000000442      0x257 Core/Src/logger.o
 .debug_abbrev  0x0000000000000699      0x224 Core/Src/main.o
 .debug_abbrev  0x00000000000008bd      0x1aa Core/Src/sdio.o
 .debug_abbrev  0x0000000000000a67      0x109 Core/Src/stm32f4xx_hal_msp.o
 .debug_abbrev  0x0000000000000b70      0x15a Core/Src/stm32f4xx_it.o
 .debug_abbrev  0x0000000000000cca      0x12b Core/Src/system_stm32f4xx.o
 .debug_abbrev  0x0000000000000df5      0x199 Core/Src/tim.o
 .debug_abbrev  0x0000000000000f8e      0x1a2 Core/Src/usart.o
 .debug_abbrev  0x0000000000001130      0x1b2 Core/Src/usb_otg.o
 .debug_abbrev  0x00000000000012e2       0x12 Core/Startup/startup_stm32f413zhtx.o
 .debug_abbrev  0x00000000000012f4      0x1c7 Drivers/STM32F4xx_HAL_Driver/Src/stm32f4xx_hal.o
 .debug_abbrev  0x00000000000014bb      0x205 Drivers/STM32F4xx_HAL_Driver/Src/stm32f4xx_hal_adc.o
 .debug_abbrev  0x00000000000016c0      0x2fa Drivers/STM32F4xx_HAL_Driver/Src/stm32f4xx_hal_cortex.o
 .debug_abbrev  0x00000000000019ba      0x229 Drivers/STM32F4xx_HAL_Driver/Src/stm32f4xx_hal_dma.o
 .debug_abbrev  0x0000000000001be3      0x1c9 Drivers/STM32F4xx_HAL_Driver/Src/stm32f4xx_hal_gpio.o
 .debug_abbrev  0x0000000000001dac      0x266 Drivers/STM32F4xx_HAL_Driver/Src/stm32f4xx_hal_pcd.o
 .debug_abbrev  0x0000000000002012      0x214 Drivers/STM32F4xx_HAL_Driver/Src/stm32f4xx_hal_pcd_ex.o
 .debug_abbrev  0x0000000000002226      0x245 Drivers/STM32F4xx_HAL_Driver/Src/stm32f4xx_hal_rcc.o
 .debug_abbrev  0x000000000000246b      0x19e Drivers/STM32F4xx_HAL_Driver/Src/stm32f4xx_hal_rcc_ex.o
 .debug_abbrev  0x0000000000002609      0x23d Drivers/STM32F4xx_HAL_Driver/Src/stm32f4xx_hal_sd.o
 .debug_abbrev  0x0000000000002846      0x230 Drivers/STM32F4xx_HAL_Driver/Src/stm32f4xx_hal_tim.o
 .debug_abbrev  0x0000000000002a76      0x227 Drivers/STM32F4xx_HAL_Driver/Src/stm32f4xx_hal_tim_ex.o
 .debug_abbrev  0x0000000000002c9d      0x242 Drivers/STM32F4xx_HAL_Driver/Src/stm32f4xx_hal_uart.o
 .debug_abbrev  0x0000000000002edf      0x1c4 Drivers/STM32F4xx_HAL_Driver/Src/stm32f4xx_ll_sdmmc.o
 .debug_abbrev  0x00000000000030a3      0x26d Drivers/STM32F4xx_HAL_Driver/Src/stm32f4xx_ll_usb.o

.debug_aranges  0x0000000000000000     0x1450
 .debug_aranges
                0x0000000000000000       0x48 Core/Src/adc.o
 .debug_aranges
                0x0000000000000048       0x20 Core/Src/dma.o
 .debug_aranges
                0x0000000000000068       0x20 Core/Src/gpio.o
 .debug_aranges
                0x0000000000000088       0x58 Core/Src/logger.o
 .debug_aranges
                0x00000000000000e0       0x38 Core/Src/main.o
 .debug_aranges
                0x0000000000000118       0x30 Core/Src/sdio.o
 .debug_aranges
                0x0000000000000148       0x20 Core/Src/stm32f4xx_hal_msp.o
 .debug_aranges
                0x0000000000000168       0x78 Core/Src/stm32f4xx_it.o
 .debug_aranges
                0x00000000000001e0       0x28 Core/Src/system_stm32f4xx.o
 .debug_aranges
                0x0000000000000208       0x30 Core/Src/tim.o
 .debug_aranges
                0x0000000000000238       0x30 Core/Src/usart.o
 .debug_aranges
                0x0000000000000268       0x30 Core/Src/usb_otg.o
 .debug_aranges
                0x0000000000000298       0x28 Core/Startup/startup_stm32f413zhtx.o
 .debug_aranges
                0x00000000000002c0       0xf0 Drivers/STM32F4xx_HAL_Driver/Src/stm32f4xx_hal.o
 .debug_aranges
                0x00000000000003b0       0xe8 Drivers/STM32F4xx_HAL_Driver/Src/stm32f4xx_hal_adc.o
 .debug_aranges
                0x0000000000000498      0x118 Drivers/STM32F4xx_HAL_Driver/Src/stm32f4xx_hal_cortex.o
 .debug_aranges
                0x00000000000005b0       0x90 Drivers/STM32F4xx_HAL_Driver/Src/stm32f4xx_hal_dma.o
 .debug_aranges
                0x0000000000000640       0x58 Drivers/STM32F4xx_HAL_Driver/Src/stm32f4xx_hal_gpio.o
 .debug_aranges
                0x0000000000000698      0x130 Drivers/STM32F4xx_HAL_Driver/Src/stm32f4xx_hal_pcd.o
 .debug_aranges
                0x00000000000007c8       0x60 Drivers/STM32F4xx_HAL_Driver/Src/stm32f4xx_hal_pcd_ex.o
 .debug_aranges
                0x0000000000000828       0x88 Drivers/STM32F4xx_HAL_Driver/Src/stm32f4xx_hal_rcc.o
 .debug_aranges
                0x00000000000008b0       0x60 Drivers/STM32F4xx_HAL_Driver/Src/stm32f4xx_hal_rcc_ex.o
 .debug_aranges
                0x0000000000000910      0x168 Drivers/STM32F4xx_HAL_Driver/Src/stm32f4xx_hal_sd.o
 .debug_aranges
                0x0000000000000a78      0x3a8 Drivers/STM32F4xx_HAL_Driver/Src/stm32f4xx_hal_tim.o
 .debug_aranges
                0x0000000000000e20      0x150 Drivers/STM32F4xx_HAL_Driver/Src/stm32f4xx_hal_tim_ex.o
 .debug_aranges
                0x0000000000000f70      0x1d0 Drivers/STM32F4xx_HAL_Driver/Src/stm32f4xx_hal_uart.o
 .debug_aranges
                0x0000000000001140      0x178 Drivers/STM32F4xx_HAL_Driver/Src/stm32f4xx_ll_sdmmc.o
 .debug_aranges
                0x00000000000012b8      0x198 Drivers/STM32F4xx_HAL_Driver/Src/stm32f4xx_ll_usb.o

.debug_ranges   0x0000000000000000     0x1298
 .debug_ranges  0x0000000000000000       0x38 Core/Src/adc.o
 .debug_ranges  0x0000000000000038       0x10 Core/Src/dma.o
 .debug_ranges  0x0000000000000048       0x10 Core/Src/gpio.o
 .debug_ranges  0x0000000000000058       0x48 Core/Src/logger.o
 .debug_ranges  0x00000000000000a0       0x28 Core/Src/main.o
 .debug_ranges  0x00000000000000c8       0x20 Core/Src/sdio.o
 .debug_ranges  0x00000000000000e8       0x10 Core/Src/stm32f4xx_hal_msp.o
 .debug_ranges  0x00000000000000f8       0x68 Core/Src/stm32f4xx_it.o
 .debug_ranges  0x0000000000000160       0x18 Core/Src/system_stm32f4xx.o
 .debug_ranges  0x0000000000000178       0x20 Core/Src/tim.o
 .debug_ranges  0x0000000000000198       0x20 Core/Src/usart.o
 .debug_ranges  0x00000000000001b8       0x20 Core/Src/usb_otg.o
 .debug_ranges  0x00000000000001d8       0x20 Core/Startup/startup_stm32f413zhtx.o
 .debug_ranges  0x00000000000001f8       0xe0 Drivers/STM32F4xx_HAL_Driver/Src/stm32f4xx_hal.o
 .debug_ranges  0x00000000000002d8       0xd8 Drivers/STM32F4xx_HAL_Driver/Src/stm32f4xx_hal_adc.o
 .debug_ranges  0x00000000000003b0      0x108 Drivers/STM32F4xx_HAL_Driver/Src/stm32f4xx_hal_cortex.o
 .debug_ranges  0x00000000000004b8       0x80 Drivers/STM32F4xx_HAL_Driver/Src/stm32f4xx_hal_dma.o
 .debug_ranges  0x0000000000000538       0x48 Drivers/STM32F4xx_HAL_Driver/Src/stm32f4xx_hal_gpio.o
 .debug_ranges  0x0000000000000580      0x120 Drivers/STM32F4xx_HAL_Driver/Src/stm32f4xx_hal_pcd.o
 .debug_ranges  0x00000000000006a0       0x50 Drivers/STM32F4xx_HAL_Driver/Src/stm32f4xx_hal_pcd_ex.o
 .debug_ranges  0x00000000000006f0       0x78 Drivers/STM32F4xx_HAL_Driver/Src/stm32f4xx_hal_rcc.o
 .debug_ranges  0x0000000000000768       0x50 Drivers/STM32F4xx_HAL_Driver/Src/stm32f4xx_hal_rcc_ex.o
 .debug_ranges  0x00000000000007b8      0x158 Drivers/STM32F4xx_HAL_Driver/Src/stm32f4xx_hal_sd.o
 .debug_ranges  0x0000000000000910      0x398 Drivers/STM32F4xx_HAL_Driver/Src/stm32f4xx_hal_tim.o
 .debug_ranges  0x0000000000000ca8      0x140 Drivers/STM32F4xx_HAL_Driver/Src/stm32f4xx_hal_tim_ex.o
 .debug_ranges  0x0000000000000de8      0x1c0 Drivers/STM32F4xx_HAL_Driver/Src/stm32f4xx_hal_uart.o
 .debug_ranges  0x0000000000000fa8      0x168 Drivers/STM32F4xx_HAL_Driver/Src/stm32f4xx_ll_sdmmc.o
 .debug_ranges  0x0000000000001110      0x188 Drivers/STM32F4xx_HAL_Driver/Src/stm32f4xx_ll_usb.o

.debug_macro    0x0000000000000000    0x24320
 .debug_macro   0x0000000000000000      0x238 Core/Src/adc.o
 .debug_macro   0x0000000000000238      0xa5a Core/Src/adc.o
 .debug_macro   0x0000000000000c92      0x19c Core/Src/adc.o
 .debug_macro   0x0000000000000e2e       0x2e Core/Src/adc.o
 .debug_macro   0x0000000000000e5c       0x28 Core/Src/adc.o
 .debug_macro   0x0000000000000e84       0x22 Core/Src/adc.o
 .debug_macro   0x0000000000000ea6       0x8e Core/Src/adc.o
 .debug_macro   0x0000000000000f34       0x51 Core/Src/adc.o
 .debug_macro   0x0000000000000f85       0xef Core/Src/adc.o
 .debug_macro   0x0000000000001074       0x6a Core/Src/adc.o
 .debug_macro   0x00000000000010de      0x1df Core/Src/adc.o
 .debug_macro   0x00000000000012bd       0x1c Core/Src/adc.o
 .debug_macro   0x00000000000012d9       0x22 Core/Src/adc.o
 .debug_macro   0x00000000000012fb       0xdf Core/Src/adc.o
 .debug_macro   0x00000000000013da     0x102d Core/Src/adc.o
 .debug_macro   0x0000000000002407      0x11f Core/Src/adc.o
 .debug_macro   0x0000000000002526    0x15a6f Core/Src/adc.o
 .debug_macro   0x0000000000017f95       0x43 Core/Src/adc.o
 .debug_macro   0x0000000000017fd8     0x3659 Core/Src/adc.o
 .debug_macro   0x000000000001b631      0x174 Core/Src/adc.o
 .debug_macro   0x000000000001b7a5       0x5a Core/Src/adc.o
 .debug_macro   0x000000000001b7ff      0xcdd Core/Src/adc.o
 .debug_macro   0x000000000001c4dc      0x9fe Core/Src/adc.o
 .debug_macro   0x000000000001ceda      0x173 Core/Src/adc.o
 .debug_macro   0x000000000001d04d      0x117 Core/Src/adc.o
 .debug_macro   0x000000000001d164      0x202 Core/Src/adc.o
 .debug_macro   0x000000000001d366       0x27 Core/Src/adc.o
 .debug_macro   0x000000000001d38d      0x2bf Core/Src/adc.o
 .debug_macro   0x000000000001d64c       0x5f Core/Src/adc.o
 .debug_macro   0x000000000001d6ab      0x236 Core/Src/adc.o
 .debug_macro   0x000000000001d8e1      0x391 Core/Src/adc.o
 .debug_macro   0x000000000001dc72      0x17d Core/Src/adc.o
 .debug_macro   0x000000000001ddef       0xf9 Core/Src/adc.o
 .debug_macro   0x000000000001dee8      0x132 Core/Src/adc.o
 .debug_macro   0x000000000001e01a      0x30c Core/Src/adc.o
 .debug_macro   0x000000000001e326       0x2e Core/Src/adc.o
 .debug_macro   0x000000000001e354      0x11a Core/Src/adc.o
 .debug_macro   0x000000000001e46e       0x91 Core/Src/adc.o
 .debug_macro   0x000000000001e4ff       0x89 Core/Src/adc.o
 .debug_macro   0x000000000001e588      0x81b Core/Src/adc.o
 .debug_macro   0x000000000001eda3      0x1d5 Core/Src/adc.o
 .debug_macro   0x000000000001ef78      0x8a0 Core/Src/adc.o
 .debug_macro   0x000000000001f818       0x71 Core/Src/adc.o
 .debug_macro   0x000000000001f889      0x287 Core/Src/adc.o
 .debug_macro   0x000000000001fb10      0x21e Core/Src/adc.o
 .debug_macro   0x000000000001fd2e       0xba Core/Src/adc.o
 .debug_macro   0x000000000001fde8      0x134 Core/Src/adc.o
 .debug_macro   0x000000000001ff1c      0x238 Core/Src/dma.o
 .debug_macro   0x0000000000020154      0x238 Core/Src/gpio.o
 .debug_macro   0x000000000002038c      0x30e Core/Src/logger.o
 .debug_macro   0x000000000002069a       0x18 Core/Src/logger.o
 .debug_macro   0x00000000000206b2       0x46 Core/Src/logger.o
 .debug_macro   0x00000000000206f8       0x3c Core/Src/logger.o
 .debug_macro   0x0000000000020734       0x34 Core/Src/logger.o
 .debug_macro   0x0000000000020768       0x16 Core/Src/logger.o
 .debug_macro   0x000000000002077e      0x10e Core/Src/logger.o
 .debug_macro   0x000000000002088c       0x8d Core/Src/logger.o
 .debug_macro   0x0000000000020919       0x52 Core/Src/logger.o
 .debug_macro   0x000000000002096b       0x1f Core/Src/logger.o
 .debug_macro   0x000000000002098a       0x43 Core/Src/logger.o
 .debug_macro   0x00000000000209cd       0x20 Core/Src/logger.o
 .debug_macro   0x00000000000209ed      0x1a3 Core/Src/logger.o
 .debug_macro   0x0000000000020b90      0x330 Core/Src/logger.o
 .debug_macro   0x0000000000020ec0       0x16 Core/Src/logger.o
 .debug_macro   0x0000000000020ed6       0x29 Core/Src/logger.o
 .debug_macro   0x0000000000020eff       0xd9 Core/Src/logger.o
 .debug_macro   0x0000000000020fd8       0x54 Core/Src/logger.o
 .debug_macro   0x000000000002102c       0x16 Core/Src/logger.o
 .debug_macro   0x0000000000021042      0x281 Core/Src/main.o
 .debug_macro   0x00000000000212c3      0x238 Core/Src/sdio.o
 .debug_macro   0x00000000000214fb      0x22e Core/Src/stm32f4xx_hal_msp.o
 .debug_macro   0x0000000000021729      0x238 Core/Src/stm32f4xx_it.o
 .debug_macro   0x0000000000021961      0x22a Core/Src/system_stm32f4xx.o
 .debug_macro   0x0000000000021b8b      0x238 Core/Src/tim.o
 .debug_macro   0x0000000000021dc3      0x238 Core/Src/usart.o
 .debug_macro   0x0000000000021ffb      0x238 Core/Src/usb_otg.o
 .debug_macro   0x0000000000022233      0x284 Drivers/STM32F4xx_HAL_Driver/Src/stm32f4xx_hal.o
 .debug_macro   0x00000000000224b7      0x225 Drivers/STM32F4xx_HAL_Driver/Src/stm32f4xx_hal_adc.o
 .debug_macro   0x00000000000226dc      0x224 Drivers/STM32F4xx_HAL_Driver/Src/stm32f4xx_hal_cortex.o
 .debug_macro   0x0000000000022900      0x22a Drivers/STM32F4xx_HAL_Driver/Src/stm32f4xx_hal_dma.o
 .debug_macro   0x0000000000022b2a      0x25a Drivers/STM32F4xx_HAL_Driver/Src/stm32f4xx_hal_gpio.o
 .debug_macro   0x0000000000022d84      0x230 Drivers/STM32F4xx_HAL_Driver/Src/stm32f4xx_hal_pcd.o
 .debug_macro   0x0000000000022fb4      0x224 Drivers/STM32F4xx_HAL_Driver/Src/stm32f4xx_hal_pcd_ex.o
 .debug_macro   0x00000000000231d8      0x248 Drivers/STM32F4xx_HAL_Driver/Src/stm32f4xx_hal_rcc.o
 .debug_macro   0x0000000000023420      0x224 Drivers/STM32F4xx_HAL_Driver/Src/stm32f4xx_hal_rcc_ex.o
 .debug_macro   0x0000000000023644      0x225 Drivers/STM32F4xx_HAL_Driver/Src/stm32f4xx_hal_sd.o
 .debug_macro   0x0000000000023869      0x225 Drivers/STM32F4xx_HAL_Driver/Src/stm32f4xx_hal_tim.o
 .debug_macro   0x0000000000023a8e      0x224 Drivers/STM32F4xx_HAL_Driver/Src/stm32f4xx_hal_tim_ex.o
 .debug_macro   0x0000000000023cb2      0x225 Drivers/STM32F4xx_HAL_Driver/Src/stm32f4xx_hal_uart.o
 .debug_macro   0x0000000000023ed7      0x225 Drivers/STM32F4xx_HAL_Driver/Src/stm32f4xx_ll_sdmmc.o
 .debug_macro   0x00000000000240fc      0x224 Drivers/STM32F4xx_HAL_Driver/Src/stm32f4xx_ll_usb.o

.debug_line     0x0000000000000000    0x11e6c
 .debug_line    0x0000000000000000      0x7fe Core/Src/adc.o
 .debug_line    0x00000000000007fe      0x762 Core/Src/dma.o
 .debug_line    0x0000000000000f60      0x786 Core/Src/gpio.o
 .debug_line    0x00000000000016e6      0x9c1 Core/Src/logger.o
 .debug_line    0x00000000000020a7      0x810 Core/Src/main.o
 .debug_line    0x00000000000028b7      0x7a8 Core/Src/sdio.o
 .debug_line    0x000000000000305f      0x767 Core/Src/stm32f4xx_hal_msp.o
 .debug_line    0x00000000000037c6      0x841 Core/Src/stm32f4xx_it.o
 .debug_line    0x0000000000004007      0x782 Core/Src/system_stm32f4xx.o
 .debug_line    0x0000000000004789      0x798 Core/Src/tim.o
 .debug_line    0x0000000000004f21      0x79e Core/Src/usart.o
 .debug_line    0x00000000000056bf      0x7a9 Core/Src/usb_otg.o
 .debug_line    0x0000000000005e68       0x85 Core/Startup/startup_stm32f413zhtx.o
 .debug_line    0x0000000000005eed      0x96c Drivers/STM32F4xx_HAL_Driver/Src/stm32f4xx_hal.o
 .debug_line    0x0000000000006859      0xb94 Drivers/STM32F4xx_HAL_Driver/Src/stm32f4xx_hal_adc.o
 .debug_line    0x00000000000073ed      0xa90 Drivers/STM32F4xx_HAL_Driver/Src/stm32f4xx_hal_cortex.o
 .debug_line    0x0000000000007e7d      0xa3a Drivers/STM32F4xx_HAL_Driver/Src/stm32f4xx_hal_dma.o
 .debug_line    0x00000000000088b7      0x937 Drivers/STM32F4xx_HAL_Driver/Src/stm32f4xx_hal_gpio.o
 .debug_line    0x00000000000091ee      0xcea Drivers/STM32F4xx_HAL_Driver/Src/stm32f4xx_hal_pcd.o
 .debug_line    0x0000000000009ed8      0x852 Drivers/STM32F4xx_HAL_Driver/Src/stm32f4xx_hal_pcd_ex.o
 .debug_line    0x000000000000a72a      0x9c4 Drivers/STM32F4xx_HAL_Driver/Src/stm32f4xx_hal_rcc.o
 .debug_line    0x000000000000b0ee      0xa6d Drivers/STM32F4xx_HAL_Driver/Src/stm32f4xx_hal_rcc_ex.o
 .debug_line    0x000000000000bb5b     0x107f Drivers/STM32F4xx_HAL_Driver/Src/stm32f4xx_hal_sd.o
 .debug_line    0x000000000000cbda     0x19e5 Drivers/STM32F4xx_HAL_Driver/Src/stm32f4xx_hal_tim.o
 .debug_line    0x000000000000e5bf      0xd7b Drivers/STM32F4xx_HAL_Driver/Src/stm32f4xx_hal_tim_ex.o
 .debug_line    0x000000000000f33a     0x108c Drivers/STM32F4xx_HAL_Driver/Src/stm32f4xx_hal_uart.o
 .debug_line    0x00000000000103c6      0xc12 Drivers/STM32F4xx_HAL_Driver/Src/stm32f4xx_ll_sdmmc.o
 .debug_line    0x0000000000010fd8      0xe94 Drivers/STM32F4xx_HAL_Driver/Src/stm32f4xx_ll_usb.o

.debug_str      0x0000000000000000    0xd7851
 .debug_str     0x0000000000000000    0xcedee Core/Src/adc.o
                                      0xcf150 (size before relaxing)
 .debug_str     0x00000000000cedee      0x5a3 Core/Src/dma.o
                                      0xcf164 (size before relaxing)
 .debug_str     0x00000000000cf391       0x46 Core/Src/gpio.o
                                      0xcec64 (size before relaxing)
 .debug_str     0x00000000000cf3d7     0x3343 Core/Src/logger.o
                                      0xd2251 (size before relaxing)
 .debug_str     0x00000000000d271a      0x9ed Core/Src/main.o
                                      0xcfda4 (size before relaxing)
 .debug_str     0x00000000000d3107       0x4c Core/Src/sdio.o
                                      0xcf11d (size before relaxing)
 .debug_str     0x00000000000d3153       0x2c Core/Src/stm32f4xx_hal_msp.o
                                      0xcebc9 (size before relaxing)
 .debug_str     0x00000000000d317f       0xf7 Core/Src/stm32f4xx_it.o
                                      0xcf167 (size before relaxing)
 .debug_str     0x00000000000d3276       0xc4 Core/Src/system_stm32f4xx.o
                                      0xcec50 (size before relaxing)
 .debug_str     0x00000000000d333a       0xe8 Core/Src/tim.o
                                      0xcf694 (size before relaxing)
 .debug_str     0x00000000000d3422       0x57 Core/Src/usart.o
                                      0xcf644 (size before relaxing)
 .debug_str     0x00000000000d3479       0x59 Core/Src/usb_otg.o
                                      0xcf07f (size before relaxing)
 .debug_str     0x00000000000d34d2       0x36 Core/Startup/startup_stm32f413zhtx.o
                                         0x60 (size before relaxing)
 .debug_str     0x00000000000d3508      0x588 Drivers/STM32F4xx_HAL_Driver/Src/stm32f4xx_hal.o
                                      0xcf7cf (size before relaxing)
 .debug_str     0x00000000000d3a90      0x27e Drivers/STM32F4xx_HAL_Driver/Src/stm32f4xx_hal_adc.o
                                      0xcf1c3 (size before relaxing)
 .debug_str     0x00000000000d3d0e      0x392 Drivers/STM32F4xx_HAL_Driver/Src/stm32f4xx_hal_cortex.o
                                      0xcf59a (size before relaxing)
 .debug_str     0x00000000000d40a0      0x31d Drivers/STM32F4xx_HAL_Driver/Src/stm32f4xx_hal_dma.o
                                      0xcf041 (size before relaxing)
 .debug_str     0x00000000000d43bd      0x215 Drivers/STM32F4xx_HAL_Driver/Src/stm32f4xx_hal_gpio.o
                                      0xcee9e (size before relaxing)
 .debug_str     0x00000000000d45d2      0x535 Drivers/STM32F4xx_HAL_Driver/Src/stm32f4xx_hal_pcd.o
                                      0xcf40e (size before relaxing)
 .debug_str     0x00000000000d4b07      0x1b4 Drivers/STM32F4xx_HAL_Driver/Src/stm32f4xx_hal_pcd_ex.o
                                      0xcf087 (size before relaxing)
 .debug_str     0x00000000000d4cbb      0x259 Drivers/STM32F4xx_HAL_Driver/Src/stm32f4xx_hal_rcc.o
                                      0xcf042 (size before relaxing)
 .debug_str     0x00000000000d4f14      0x13e Drivers/STM32F4xx_HAL_Driver/Src/stm32f4xx_hal_rcc_ex.o
                                      0xcefe6 (size before relaxing)
 .debug_str     0x00000000000d5052      0x6db Drivers/STM32F4xx_HAL_Driver/Src/stm32f4xx_hal_sd.o
                                      0xcf718 (size before relaxing)
 .debug_str     0x00000000000d572d      0xce2 Drivers/STM32F4xx_HAL_Driver/Src/stm32f4xx_hal_tim.o
                                      0xcfd38 (size before relaxing)
 .debug_str     0x00000000000d640f      0x4b0 Drivers/STM32F4xx_HAL_Driver/Src/stm32f4xx_hal_tim_ex.o
                                      0xcf66d (size before relaxing)
 .debug_str     0x00000000000d68bf      0x4e1 Drivers/STM32F4xx_HAL_Driver/Src/stm32f4xx_hal_uart.o
                                      0xcf478 (size before relaxing)
 .debug_str     0x00000000000d6da0      0x43b Drivers/STM32F4xx_HAL_Driver/Src/stm32f4xx_ll_sdmmc.o
                                      0xcf090 (size before relaxing)
 .debug_str     0x00000000000d71db      0x676 Drivers/STM32F4xx_HAL_Driver/Src/stm32f4xx_ll_usb.o
                                      0xcf539 (size before relaxing)

.comment        0x0000000000000000       0x7b
 .comment       0x0000000000000000       0x7b Core/Src/adc.o
                                         0x7c (size before relaxing)
 .comment       0x000000000000007b       0x7c Core/Src/dma.o
 .comment       0x000000000000007b       0x7c Core/Src/gpio.o
 .comment       0x000000000000007b       0x7c Core/Src/logger.o
 .comment       0x000000000000007b       0x7c Core/Src/main.o
 .comment       0x000000000000007b       0x7c Core/Src/sdio.o
 .comment       0x000000000000007b       0x7c Core/Src/stm32f4xx_hal_msp.o
 .comment       0x000000000000007b       0x7c Core/Src/stm32f4xx_it.o
 .comment       0x000000000000007b       0x7c Core/Src/system_stm32f4xx.o
 .comment       0x000000000000007b       0x7c Core/Src/tim.o
 .comment       0x000000000000007b       0x7c Core/Src/usart.o
 .comment       0x000000000000007b       0x7c Core/Src/usb_otg.o
 .comment       0x000000000000007b       0x7c Drivers/STM32F4xx_HAL_Driver/Src/stm32f4xx_hal.o
 .comment       0x000000000000007b       0x7c Drivers/STM32F4xx_HAL_Driver/Src/stm32f4xx_hal_adc.o
 .comment       0x000000000000007b       0x7c Drivers/STM32F4xx_HAL_Driver/Src/stm32f4xx_hal_cortex.o
 .comment       0x000000000000007b       0x7c Drivers/STM32F4xx_HAL_Driver/Src/stm32f4xx_hal_dma.o
 .comment       0x000000000000007b       0x7c Drivers/STM32F4xx_HAL_Driver/Src/stm32f4xx_hal_gpio.o
 .comment       0x000000000000007b       0x7c Drivers/STM32F4xx_HAL_Driver/Src/stm32f4xx_hal_pcd.o
 .comment       0x000000000000007b       0x7c Drivers/STM32F4xx_HAL_Driver/Src/stm32f4xx_hal_pcd_ex.o
 .comment       0x000000000000007b       0x7c Drivers/STM32F4xx_HAL_Driver/Src/stm32f4xx_hal_rcc.o
 .comment       0x000000000000007b       0x7c Drivers/STM32F4xx_HAL_Driver/Src/stm32f4xx_hal_rcc_ex.o
 .comment       0x000000000000007b       0x7c Drivers/STM32F4xx_HAL_Driver/Src/stm32f4xx_hal_sd.o
 .comment       0x000000000000007b       0x7c Drivers/STM32F4xx_HAL_Driver/Src/stm32f4xx_hal_tim.o
 .comment       0x000000000000007b       0x7c Drivers/STM32F4xx_HAL_Driver/Src/stm32f4xx_hal_tim_ex.o
 .comment       0x000000000000007b       0x7c Drivers/STM32F4xx_HAL_Driver/Src/stm32f4xx_hal_uart.o
 .comment       0x000000000000007b       0x7c Drivers/STM32F4xx_HAL_Driver/Src/stm32f4xx_ll_sdmmc.o
 .comment       0x000000000000007b       0x7c Drivers/STM32F4xx_HAL_Driver/Src/stm32f4xx_ll_usb.o

.debug_frame    0x0000000000000000     0x55e4
 .debug_frame   0x0000000000000000       0xe8 Core/Src/adc.o
 .debug_frame   0x00000000000000e8       0x34 Core/Src/dma.o
 .debug_frame   0x000000000000011c       0x34 Core/Src/gpio.o
 .debug_frame   0x0000000000000150      0x120 Core/Src/logger.o
 .debug_frame   0x0000000000000270       0x98 Core/Src/main.o
 .debug_frame   0x0000000000000308       0x74 Core/Src/sdio.o
 .debug_frame   0x000000000000037c       0x38 Core/Src/stm32f4xx_hal_msp.o
 .debug_frame   0x00000000000003b4      0x160 Core/Src/stm32f4xx_it.o
 .debug_frame   0x0000000000000514       0x58 Core/Src/system_stm32f4xx.o
 .debug_frame   0x000000000000056c       0x7c Core/Src/tim.o
 .debug_frame   0x00000000000005e8       0x74 Core/Src/usart.o
 .debug_frame   0x000000000000065c       0x74 Core/Src/usb_otg.o
 .debug_frame   0x00000000000006d0      0x374 Drivers/STM32F4xx_HAL_Driver/Src/stm32f4xx_hal.o
 .debug_frame   0x0000000000000a44      0x3fc Drivers/STM32F4xx_HAL_Driver/Src/stm32f4xx_hal_adc.o
 .debug_frame   0x0000000000000e40      0x498 Drivers/STM32F4xx_HAL_Driver/Src/stm32f4xx_hal_cortex.o
 .debug_frame   0x00000000000012d8      0x250 Drivers/STM32F4xx_HAL_Driver/Src/stm32f4xx_hal_dma.o
 .debug_frame   0x0000000000001528      0x14c Drivers/STM32F4xx_HAL_Driver/Src/stm32f4xx_hal_gpio.o
 .debug_frame   0x0000000000001674      0x54c Drivers/STM32F4xx_HAL_Driver/Src/stm32f4xx_hal_pcd.o
 .debug_frame   0x0000000000001bc0      0x174 Drivers/STM32F4xx_HAL_Driver/Src/stm32f4xx_hal_pcd_ex.o
 .debug_frame   0x0000000000001d34      0x1f0 Drivers/STM32F4xx_HAL_Driver/Src/stm32f4xx_hal_rcc.o
 .debug_frame   0x0000000000001f24      0x16c Drivers/STM32F4xx_HAL_Driver/Src/stm32f4xx_hal_rcc_ex.o
 .debug_frame   0x0000000000002090      0x650 Drivers/STM32F4xx_HAL_Driver/Src/stm32f4xx_hal_sd.o
 .debug_frame   0x00000000000026e0     0x10f0 Drivers/STM32F4xx_HAL_Driver/Src/stm32f4xx_hal_tim.o
 .debug_frame   0x00000000000037d0      0x5c0 Drivers/STM32F4xx_HAL_Driver/Src/stm32f4xx_hal_tim_ex.o
 .debug_frame   0x0000000000003d90      0x844 Drivers/STM32F4xx_HAL_Driver/Src/stm32f4xx_hal_uart.o
 .debug_frame   0x00000000000045d4      0x690 Drivers/STM32F4xx_HAL_Driver/Src/stm32f4xx_ll_sdmmc.o
 .debug_frame   0x0000000000004c64      0x790 Drivers/STM32F4xx_HAL_Driver/Src/stm32f4xx_ll_usb.o
 .debug_frame   0x00000000000053f4       0x2c d:/st/stm32cubeide_1.2.0/stm32cubeide/plugins/com.st.stm32cube.ide.mcu.externaltools.gnu-tools-for-stm32.7-2018-q2-update.win32_1.4.0.202007081208/tools/bin/../lib/gcc/arm-none-eabi/7.3.1/../../../../arm-none-eabi/lib/thumb/v7e-m/fpv4-sp/hard\libc_nano.a(lib_a-init.o)
 .debug_frame   0x0000000000005420       0x20 d:/st/stm32cubeide_1.2.0/stm32cubeide/plugins/com.st.stm32cube.ide.mcu.externaltools.gnu-tools-for-stm32.7-2018-q2-update.win32_1.4.0.202007081208/tools/bin/../lib/gcc/arm-none-eabi/7.3.1/../../../../arm-none-eabi/lib/thumb/v7e-m/fpv4-sp/hard\libc_nano.a(lib_a-memset.o)
 .debug_frame   0x0000000000005440       0xac d:/st/stm32cubeide_1.2.0/stm32cubeide/plugins/com.st.stm32cube.ide.mcu.externaltools.gnu-tools-for-stm32.7-2018-q2-update.win32_1.4.0.202007081208/tools/bin/../lib/gcc/arm-none-eabi/7.3.1/thumb/v7e-m/fpv4-sp/hard\libgcc.a(_arm_addsubdf3.o)
 .debug_frame   0x00000000000054ec       0x50 d:/st/stm32cubeide_1.2.0/stm32cubeide/plugins/com.st.stm32cube.ide.mcu.externaltools.gnu-tools-for-stm32.7-2018-q2-update.win32_1.4.0.202007081208/tools/bin/../lib/gcc/arm-none-eabi/7.3.1/thumb/v7e-m/fpv4-sp/hard\libgcc.a(_arm_muldivdf3.o)
 .debug_frame   0x000000000000553c       0x24 d:/st/stm32cubeide_1.2.0/stm32cubeide/plugins/com.st.stm32cube.ide.mcu.externaltools.gnu-tools-for-stm32.7-2018-q2-update.win32_1.4.0.202007081208/tools/bin/../lib/gcc/arm-none-eabi/7.3.1/thumb/v7e-m/fpv4-sp/hard\libgcc.a(_arm_fixunsdfsi.o)
 .debug_frame   0x0000000000005560       0x24 d:/st/stm32cubeide_1.2.0/stm32cubeide/plugins/com.st.stm32cube.ide.mcu.externaltools.gnu-tools-for-stm32.7-2018-q2-update.win32_1.4.0.202007081208/tools/bin/../lib/gcc/arm-none-eabi/7.3.1/thumb/v7e-m/fpv4-sp/hard\libgcc.a(_arm_truncdfsf2.o)
 .debug_frame   0x0000000000005584       0x2c d:/st/stm32cubeide_1.2.0/stm32cubeide/plugins/com.st.stm32cube.ide.mcu.externaltools.gnu-tools-for-stm32.7-2018-q2-update.win32_1.4.0.202007081208/tools/bin/../lib/gcc/arm-none-eabi/7.3.1/thumb/v7e-m/fpv4-sp/hard\libgcc.a(_aeabi_uldivmod.o)
 .debug_frame   0x00000000000055b0       0x34 d:/st/stm32cubeide_1.2.0/stm32cubeide/plugins/com.st.stm32cube.ide.mcu.externaltools.gnu-tools-for-stm32.7-2018-q2-update.win32_1.4.0.202007081208/tools/bin/../lib/gcc/arm-none-eabi/7.3.1/thumb/v7e-m/fpv4-sp/hard\libgcc.a(_udivmoddi4.o)
