Archive member included to satisfy reference by file (symbol)

d:/st/stm32cubeide_1.2.0/stm32cubeide/plugins/com.st.stm32cube.ide.mcu.externaltools.gnu-tools-for-stm32.7-2018-q2-update.win32_1.4.0.202007081208/tools/bin/../lib/gcc/arm-none-eabi/7.3.1/../../../../arm-none-eabi/lib/thumb/v7e-m/fpv4-sp/hard\libc_nano.a(lib_a-errno.o)
                              Core/Src/syscalls.o (__errno)
d:/st/stm32cubeide_1.2.0/stm32cubeide/plugins/com.st.stm32cube.ide.mcu.externaltools.gnu-tools-for-stm32.7-2018-q2-update.win32_1.4.0.202007081208/tools/bin/../lib/gcc/arm-none-eabi/7.3.1/../../../../arm-none-eabi/lib/thumb/v7e-m/fpv4-sp/hard\libc_nano.a(lib_a-exit.o)
                              d:/st/stm32cubeide_1.2.0/stm32cubeide/plugins/com.st.stm32cube.ide.mcu.externaltools.gnu-tools-for-stm32.7-2018-q2-update.win32_1.4.0.202007081208/tools/bin/../lib/gcc/arm-none-eabi/7.3.1/../../../../arm-none-eabi/lib/thumb/v7e-m/fpv4-sp/hard/crt0.o (exit)
d:/st/stm32cubeide_1.2.0/stm32cubeide/plugins/com.st.stm32cube.ide.mcu.externaltools.gnu-tools-for-stm32.7-2018-q2-update.win32_1.4.0.202007081208/tools/bin/../lib/gcc/arm-none-eabi/7.3.1/../../../../arm-none-eabi/lib/thumb/v7e-m/fpv4-sp/hard\libc_nano.a(lib_a-impure.o)
                              d:/st/stm32cubeide_1.2.0/stm32cubeide/plugins/com.st.stm32cube.ide.mcu.externaltools.gnu-tools-for-stm32.7-2018-q2-update.win32_1.4.0.202007081208/tools/bin/../lib/gcc/arm-none-eabi/7.3.1/../../../../arm-none-eabi/lib/thumb/v7e-m/fpv4-sp/hard\libc_nano.a(lib_a-exit.o) (_global_impure_ptr)
d:/st/stm32cubeide_1.2.0/stm32cubeide/plugins/com.st.stm32cube.ide.mcu.externaltools.gnu-tools-for-stm32.7-2018-q2-update.win32_1.4.0.202007081208/tools/bin/../lib/gcc/arm-none-eabi/7.3.1/../../../../arm-none-eabi/lib/thumb/v7e-m/fpv4-sp/hard\libc_nano.a(lib_a-init.o)
                              d:/st/stm32cubeide_1.2.0/stm32cubeide/plugins/com.st.stm32cube.ide.mcu.externaltools.gnu-tools-for-stm32.7-2018-q2-update.win32_1.4.0.202007081208/tools/bin/../lib/gcc/arm-none-eabi/7.3.1/../../../../arm-none-eabi/lib/thumb/v7e-m/fpv4-sp/hard/crt0.o (__libc_init_array)
d:/st/stm32cubeide_1.2.0/stm32cubeide/plugins/com.st.stm32cube.ide.mcu.externaltools.gnu-tools-for-stm32.7-2018-q2-update.win32_1.4.0.202007081208/tools/bin/../lib/gcc/arm-none-eabi/7.3.1/../../../../arm-none-eabi/lib/thumb/v7e-m/fpv4-sp/hard\libc_nano.a(lib_a-memset.o)
                              d:/st/stm32cubeide_1.2.0/stm32cubeide/plugins/com.st.stm32cube.ide.mcu.externaltools.gnu-tools-for-stm32.7-2018-q2-update.win32_1.4.0.202007081208/tools/bin/../lib/gcc/arm-none-eabi/7.3.1/../../../../arm-none-eabi/lib/thumb/v7e-m/fpv4-sp/hard/crt0.o (memset)
d:/st/stm32cubeide_1.2.0/stm32cubeide/plugins/com.st.stm32cube.ide.mcu.externaltools.gnu-tools-for-stm32.7-2018-q2-update.win32_1.4.0.202007081208/tools/bin/../lib/gcc/arm-none-eabi/7.3.1/thumb/v7e-m/fpv4-sp/hard\libgcc.a(_arm_addsubdf3.o)
                              Core/Src/logger.o (__aeabi_dadd)
d:/st/stm32cubeide_1.2.0/stm32cubeide/plugins/com.st.stm32cube.ide.mcu.externaltools.gnu-tools-for-stm32.7-2018-q2-update.win32_1.4.0.202007081208/tools/bin/../lib/gcc/arm-none-eabi/7.3.1/thumb/v7e-m/fpv4-sp/hard\libgcc.a(_arm_muldivdf3.o)
                              Core/Src/logger.o (__aeabi_ddiv)
d:/st/stm32cubeide_1.2.0/stm32cubeide/plugins/com.st.stm32cube.ide.mcu.externaltools.gnu-tools-for-stm32.7-2018-q2-update.win32_1.4.0.202007081208/tools/bin/../lib/gcc/arm-none-eabi/7.3.1/thumb/v7e-m/fpv4-sp/hard\libgcc.a(_arm_fixunsdfsi.o)
                              Core/Src/logger.o (__aeabi_d2uiz)
d:/st/stm32cubeide_1.2.0/stm32cubeide/plugins/com.st.stm32cube.ide.mcu.externaltools.gnu-tools-for-stm32.7-2018-q2-update.win32_1.4.0.202007081208/tools/bin/../lib/gcc/arm-none-eabi/7.3.1/thumb/v7e-m/fpv4-sp/hard\libgcc.a(_arm_truncdfsf2.o)
                              Core/Src/logger.o (__aeabi_d2f)
d:/st/stm32cubeide_1.2.0/stm32cubeide/plugins/com.st.stm32cube.ide.mcu.externaltools.gnu-tools-for-stm32.7-2018-q2-update.win32_1.4.0.202007081208/tools/bin/../lib/gcc/arm-none-eabi/7.3.1/thumb/v7e-m/fpv4-sp/hard\libgcc.a(_aeabi_uldivmod.o)
                              Drivers/STM32F4xx_HAL_Driver/Src/stm32f4xx_hal_rcc.o (__aeabi_uldivmod)
d:/st/stm32cubeide_1.2.0/stm32cubeide/plugins/com.st.stm32cube.ide.mcu.externaltools.gnu-tools-for-stm32.7-2018-q2-update.win32_1.4.0.202007081208/tools/bin/../lib/gcc/arm-none-eabi/7.3.1/thumb/v7e-m/fpv4-sp/hard\libgcc.a(_udivmoddi4.o)
                              d:/st/stm32cubeide_1.2.0/stm32cubeide/plugins/com.st.stm32cube.ide.mcu.externaltools.gnu-tools-for-stm32.7-2018-q2-update.win32_1.4.0.202007081208/tools/bin/../lib/gcc/arm-none-eabi/7.3.1/thumb/v7e-m/fpv4-sp/hard\libgcc.a(_aeabi_uldivmod.o) (__udivmoddi4)
d:/st/stm32cubeide_1.2.0/stm32cubeide/plugins/com.st.stm32cube.ide.mcu.externaltools.gnu-tools-for-stm32.7-2018-q2-update.win32_1.4.0.202007081208/tools/bin/../lib/gcc/arm-none-eabi/7.3.1/thumb/v7e-m/fpv4-sp/hard\libgcc.a(_dvmd_tls.o)
[...]
Memory Configuration

Name             Origin             Length             Attributes
RAM              0x0000000020000000 0x0000000000050000 xrw
FLASH            0x0000000008000000 0x0000000000180000 xr
*default*        0x0000000000000000 0xffffffffffffffff

Linker script and memory map

LOAD d:/st/stm32cubeide_1.2.0/stm32cubeide/plugins/com.st.stm32cube.ide.mcu.externaltools.gnu-tools-for-stm32.7-2018-q2-update.win32_1.4.0.202007081208/tools/bin/../lib/gcc/arm-none-eabi/7.3.1/thumb/v7e-m/fpv4-sp/hard/crti.o
LOAD d:/st/stm32cubeide_1.2.0/stm32cubeide/plugins/com.st.stm32cube.ide.mcu.externaltools.gnu-tools-for-stm32.7-2018-q2-update.win32_1.4.0.202007081208/tools/bin/../lib/gcc/arm-none-eabi/7.3.1/thumb/v7e-m/fpv4-sp/hard/crtbegin.o
LOAD d:/st/stm32cubeide_1.2.0/stm32cubeide/plugins/com.st.stm32cube.ide.mcu.externaltools.gnu-tools-for-stm32.7-2018-q2-update.win32_1.4.0.202007081208/tools/bin/../lib/gcc/arm-none-eabi/7.3.1/../../../../arm-none-eabi/lib/thumb/v7e-m/fpv4-sp/hard/crt0.o
LOAD Core/Src/adc.o
LOAD Core/Src/dma.o
LOAD Core/Src/gpio.o
LOAD Core/Src/logger.o
LOAD Core/Src/main.o
LOAD Core/Src/sdio.o
LOAD Core/Src/stm32f4xx_hal_msp.o
LOAD Core/Src/stm32f4xx_it.o
LOAD Core/Src/syscalls.o
LOAD Core/Src/sysmem.o
LOAD Core/Src/system_stm32f4xx.o
LOAD Core/Src/tim.o
LOAD Core/Src/usart.o
LOAD Core/Src/usb_otg.o
LOAD Core/Startup/startup_stm32f413zhtx.o
LOAD Drivers/STM32F4xx_HAL_Driver/Src/stm32f4xx_hal.o
LOAD Drivers/STM32F4xx_HAL_Driver/Src/stm32f4xx_hal_adc.o
LOAD Drivers/STM32F4xx_HAL_Driver/Src/stm32f4xx_hal_adc_ex.o
LOAD Drivers/STM32F4xx_HAL_Driver/Src/stm32f4xx_hal_cortex.o
LOAD Drivers/STM32F4xx_HAL_Driver/Src/stm32f4xx_hal_dma.o
LOAD Drivers/STM32F4xx_HAL_Driver/Src/stm32f4xx_hal_dma_ex.o
LOAD Drivers/STM32F4xx_HAL_Driver/Src/stm32f4xx_hal_exti.o
LOAD Drivers/STM32F4xx_HAL_Driver/Src/stm32f4xx_hal_flash.o
LOAD Drivers/STM32F4xx_HAL_Driver/Src/stm32f4xx_hal_flash_ex.o
LOAD Drivers/STM32F4xx_HAL_Driver/Src/stm32f4xx_hal_flash_ramfunc.o
LOAD Drivers/STM32F4xx_HAL_Driver/Src/stm32f4xx_hal_gpio.o
LOAD Drivers/STM32F4xx_HAL_Driver/Src/stm32f4xx_hal_pcd.o
LOAD Drivers/STM32F4xx_HAL_Driver/Src/stm32f4xx_hal_pcd_ex.o
LOAD Drivers/STM32F4xx_HAL_Driver/Src/stm32f4xx_hal_pwr.o
LOAD Drivers/STM32F4xx_HAL_Driver/Src/stm32f4xx_hal_pwr_ex.o
LOAD Drivers/STM32F4xx_HAL_Driver/Src/stm32f4xx_hal_rcc.o
LOAD Drivers/STM32F4xx_HAL_Driver/Src/stm32f4xx_hal_rcc_ex.o
LOAD Drivers/STM32F4xx_HAL_Driver/Src/stm32f4xx_hal_sd.o
LOAD Drivers/STM32F4xx_HAL_Driver/Src/stm32f4xx_hal_tim.o
LOAD Drivers/STM32F4xx_HAL_Driver/Src/stm32f4xx_hal_tim_ex.o
LOAD Drivers/STM32F4xx_HAL_Driver/Src/stm32f4xx_hal_uart.o
LOAD Drivers/STM32F4xx_HAL_Driver/Src/stm32f4xx_ll_sdmmc.o
LOAD Drivers/STM32F4xx_HAL_Driver/Src/stm32f4xx_ll_usb.o
START GROUP
LOAD d:/st/stm32cubeide_1.2.0/stm32cubeide/plugins/com.st.stm32cube.ide.mcu.externaltools.gnu-tools-for-stm32.7-2018-q2-update.win32_1.4.0.202007081208/tools/bin/../lib/gcc/arm-none-eabi/7.3.1/../../../../arm-none-eabi/lib/thumb/v7e-m/fpv4-sp/hard\libc_nano.a
LOAD d:/st/stm32cubeide_1.2.0/stm32cubeide/plugins/com.st.stm32cube.ide.mcu.externaltools.gnu-tools-for-stm32.7-2018-q2-update.win32_1.4.0.202007081208/tools/bin/../lib/gcc/arm-none-eabi/7.3.1/../../../../arm-none-eabi/lib/thumb/v7e-m/fpv4-sp/hard\libm.a
END GROUP
START GROUP
LOAD d:/st/stm32cubeide_1.2.0/stm32cubeide/plugins/com.st.stm32cube.ide.mcu.externaltools.gnu-tools-for-stm32.7-2018-q2-update.win32_1.4.0.202007081208/tools/bin/../lib/gcc/arm-none-eabi/7.3.1/thumb/v7e-m/fpv4-sp/hard\libgcc.a
LOAD d:/st/stm32cubeide_1.2.0/stm32cubeide/plugins/com.st.stm32cube.ide.mcu.externaltools.gnu-tools-for-stm32.7-2018-q2-update.win32_1.4.0.202007081208/tools/bin/../lib/gcc/arm-none-eabi/7.3.1/../../../../arm-none-eabi/lib/thumb/v7e-m/fpv4-sp/hard\libc_nano.a
END GROUP
START GROUP
LOAD d:/st/stm32cubeide_1.2.0/stm32cubeide/plugins/com.st.stm32cube.ide.mcu.externaltools.gnu-tools-for-stm32.7-2018-q2-update.win32_1.4.0.202007081208/tools/bin/../lib/gcc/arm-none-eabi/7.3.1/thumb/v7e-m/fpv4-sp/hard\libgcc.a
LOAD d:/st/stm32cubeide_1.2.0/stm32cubeide/plugins/com.st.stm32cube.ide.mcu.externaltools.gnu-tools-for-stm32.7-2018-q2-update.win32_1.4.0.202007081208/tools/bin/../lib/gcc/arm-none-eabi/7.3.1/../../../../arm-none-eabi/lib/thumb/v7e-m/fpv4-sp/hard\libc_nano.a
LOAD d:/st/stm32cubeide_1.2.0/stm32cubeide/plugins/com.st.stm32cube.ide.mcu.externaltools.gnu-tools-for-stm32.7-2018-q2-update.win32_1.4.0.202007081208/tools/bin/../lib/gcc/arm-none-eabi/7.3.1/../../../../arm-none-eabi/lib/thumb/v7e-m/fpv4-sp/hard\libnosys.a
END GROUP
START GROUP
LOAD d:/st/stm32cubeide_1.2.0/stm32cubeide/plugins/com.st.stm32cube.ide.mcu.externaltools.gnu-tools-for-stm32.7-2018-q2-update.win32_1.4.0.202007081208/tools/bin/../lib/gcc/arm-none-eabi/7.3.1/thumb/v7e-m/fpv4-sp/hard\libgcc.a
LOAD d:/st/stm32cubeide_1.2.0/stm32cubeide/plugins/com.st.stm32cube.ide.mcu.externaltools.gnu-tools-for-stm32.7-2018-q2-update.win32_1.4.0.202007081208/tools/bin/../lib/gcc/arm-none-eabi/7.3.1/../../../../arm-none-eabi/lib/thumb/v7e-m/fpv4-sp/hard\libc_nano.a
LOAD d:/st/stm32cubeide_1.2.0/stm32cubeide/plugins/com.st.stm32cube.ide.mcu.externaltools.gnu-tools-for-stm32.7-2018-q2-update.win32_1.4.0.202007081208/tools/bin/../lib/gcc/arm-none-eabi/7.3.1/../../../../arm-none-eabi/lib/thumb/v7e-m/fpv4-sp/hard\libnosys.a
END GROUP
LOAD d:/st/stm32cubeide_1.2.0/stm32cubeide/plugins/com.st.stm32cube.ide.mcu.externaltools.gnu-tools-for-stm32.7-2018-q2-update.win32_1.4.0.202007081208/tools/bin/../lib/gcc/arm-none-eabi/7.3.1/thumb/v7e-m/fpv4-sp/hard/crtend.o
LOAD d:/st/stm32cubeide_1.2.0/stm32cubeide/plugins/com.st.stm32cube.ide.mcu.externaltools.gnu-tools-for-stm32.7-2018-q2-update.win32_1.4.0.202007081208/tools/bin/../lib/gcc/arm-none-eabi/7.3.1/thumb/v7e-m/fpv4-sp/hard/crtn.o
                0x0000000020050000                _estack = (ORIGIN (RAM) + LENGTH (RAM))
                0x0000000000000200                _Min_Heap_Size = 0x200
                0x0000000000000400                _Min_Stack_Size = 0x400

.isr_vector     0x0000000008000000      0x1d8
                0x0000000008000000                . = ALIGN (0x4)
 *(.isr_vector)
 .isr_vector    0x0000000008000000      0x1d8 Core/Startup/startup_stm32f413zhtx.o
                0x0000000008000000                g_pfnVectors
                0x00000000080001d8                . = ALIGN (0x4)

.text           0x00000000080001d8     0x6b7c
                0x00000000080001d8                . = ALIGN (0x4)
 *(.text)
 .text          0x00000000080001d8       0x40 d:/st/stm32cubeide_1.2.0/stm32cubeide/plugins/com.st.stm32cube.ide.mcu.externaltools.gnu-tools-for-stm32.7-2018-q2-update.win32_1.4.0.202007081208/tools/bin/../lib/gcc/arm-none-eabi/7.3.1/thumb/v7e-m/fpv4-sp/hard/crtbegin.o
 .text          0x0000000008000218      0x378 d:/st/stm32cubeide_1.2.0/stm32cubeide/plugins/com.st.stm32cube.ide.mcu.externaltools.gnu-tools-for-stm32.7-2018-q2-update.win32_1.4.0.202007081208/tools/bin/../lib/gcc/arm-none-eabi/7.3.1/thumb/v7e-m/fpv4-sp/hard\libgcc.a(_arm_addsubdf3.o)
                0x0000000008000218                __aeabi_drsub
                0x0000000008000220                __aeabi_dsub
                0x0000000008000220                __subdf3
                0x0000000008000224                __aeabi_dadd
                0x0000000008000224                __adddf3
                0x000000000800049c                __floatunsidf
                0x000000000800049c                __aeabi_ui2d
                0x00000000080004bc                __floatsidf
                0x00000000080004bc                __aeabi_i2d
                0x00000000080004e0                __aeabi_f2d
                0x00000000080004e0                __extendsfdf2
                0x0000000008000524                __floatundidf
                0x0000000008000524                __aeabi_ul2d
                0x0000000008000534                __floatdidf
                0x0000000008000534                __aeabi_l2d
 .text          0x0000000008000590      0x424 d:/st/stm32cubeide_1.2.0/stm32cubeide/plugins/com.st.stm32cube.ide.mcu.externaltools.gnu-tools-for-stm32.7-2018-q2-update.win32_1.4.0.202007081208/tools/bin/../lib/gcc/arm-none-eabi/7.3.1/thumb/v7e-m/fpv4-sp/hard\libgcc.a(_arm_muldivdf3.o)
                0x0000000008000590                __aeabi_dmul
                0x0000000008000590                __muldf3
                0x00000000080007e4                __divdf3
                0x00000000080007e4                __aeabi_ddiv
 .text          0x00000000080009b4       0x40 d:/st/stm32cubeide_1.2.0/stm32cubeide/plugins/com.st.stm32cube.ide.mcu.externaltools.gnu-tools-for-stm32.7-2018-q2-update.win32_1.4.0.202007081208/tools/bin/../lib/gcc/arm-none-eabi/7.3.1/thumb/v7e-m/fpv4-sp/hard\libgcc.a(_arm_fixunsdfsi.o)
                0x00000000080009b4                __aeabi_d2uiz
                0x00000000080009b4                __fixunsdfsi
 .text          0x00000000080009f4       0xa0 d:/st/stm32cubeide_1.2.0/stm32cubeide/plugins/com.st.stm32cube.ide.mcu.externaltools.gnu-tools-for-stm32.7-2018-q2-update.win32_1.4.0.202007081208/tools/bin/../lib/gcc/arm-none-eabi/7.3.1/thumb/v7e-m/fpv4-sp/hard\libgcc.a(_arm_truncdfsf2.o)
                0x00000000080009f4                __truncdfsf2
                0x00000000080009f4                __aeabi_d2f
 .text          0x0000000008000a94       0x30 d:/st/stm32cubeide_1.2.0/stm32cubeide/plugins/com.st.stm32cube.ide.mcu.externaltools.gnu-tools-for-stm32.7-2018-q2-update.win32_1.4.0.202007081208/tools/bin/../lib/gcc/arm-none-eabi/7.3.1/thumb/v7e-m/fpv4-sp/hard\libgcc.a(_aeabi_uldivmod.o)
                0x0000000008000a94                __aeabi_uldivmod
 .text          0x0000000008000ac4      0x2cc d:/st/stm32cubeide_1.2.0/stm32cubeide/plugins/com.st.stm32cube.ide.mcu.externaltools.gnu-tools-for-stm32.7-2018-q2-update.win32_1.4.0.202007081208/tools/bin/../lib/gcc/arm-none-eabi/7.3.1/thumb/v7e-m/fpv4-sp/hard\libgcc.a(_udivmoddi4.o)
                0x0000000008000ac4                __udivmoddi4
 .text          0x0000000008000d90        0x4 d:/st/stm32cubeide_1.2.0/stm32cubeide/plugins/com.st.stm32cube.ide.mcu.externaltools.gnu-tools-for-stm32.7-2018-q2-update.win32_1.4.0.202007081208/tools/bin/../lib/gcc/arm-none-eabi/7.3.1/thumb/v7e-m/fpv4-sp/hard\libgcc.a(_dvmd_tls.o)
                0x0000000008000d90                __aeabi_idiv0
                0x0000000008000d90                __aeabi_ldiv0
 *(.text*)
 .text.MX_ADC1_Init
                0x0000000008000d94       0xf8 Core/Src/adc.o
                0x0000000008000d94                MX_ADC1_Init
 .text.HAL_ADC_MspInit
                0x0000000008000e8c      0x128 Core/Src/adc.o
                0x0000000008000e8c                HAL_ADC_MspInit
 .text.HAL_ADC_ConvCpltCallback
                0x0000000008000fb4       0x24 Core/Src/adc.o
                0x0000000008000fb4                HAL_ADC_ConvCpltCallback
 .text.adc_transform
                0x0000000008000fd8       0x4c Core/Src/adc.o
                0x0000000008000fd8                adc_transform
 .text.adc_100us
                0x0000000008001024       0x68 Core/Src/adc.o
                0x0000000008001024                adc_100us
 .text.MX_DMA_Init
                0x000000000800108c       0x40 Core/Src/dma.o
                0x000000000800108c                MX_DMA_Init
 .text.MX_GPIO_Init
                0x00000000080010cc      0x19c Core/Src/gpio.o
                0x00000000080010cc                MX_GPIO_Init
 .text.TrigHandler
                0x0000000008001268       0x98 Core/Src/logger.o
                0x0000000008001268                TrigHandler
 .text.SignalTriggered
                0x0000000008001300       0x60 Core/Src/logger.o
                0x0000000008001300                SignalTriggered
 .text.getSample
                0x0000000008001360      0x140 Core/Src/logger.o
                0x0000000008001360                getSample
 .text.DataHandler
                0x00000000080014a0       0x64 Core/Src/logger.o
                0x00000000080014a0                DataHandler
 .text.HAL_UART_TxCpltCallback
                0x0000000008001504       0x44 Core/Src/logger.o
                0x0000000008001504                HAL_UART_TxCpltCallback
 .text.encode_q11
                0x0000000008001548       0x48 Core/Src/logger.o
                0x0000000008001548                encode_q11
 .text.decode_q11
                0x0000000008001590       0x3c Core/Src/logger.o
                0x0000000008001590                decode_q11
 .text.main     0x00000000080015cc       0x68 Core/Src/main.o
                0x00000000080015cc                main
 .text.SystemClock_Config
                0x0000000008001634      0x114 Core/Src/main.o
                0x0000000008001634                SystemClock_Config
 .text.HAL_TIM_PeriodElapsedCallback
                0x0000000008001748       0x2c Core/Src/main.o
                0x0000000008001748                HAL_TIM_PeriodElapsedCallback
 .text.HAL_UART_RxCpltCallback
                0x0000000008001774       0x80 Core/Src/main.o
                0x0000000008001774                HAL_UART_RxCpltCallback
 .text.Error_Handler
                0x00000000080017f4        0xe Core/Src/main.o
                0x00000000080017f4                Error_Handler
 *fill*         0x0000000008001802        0x2 
 .text.MX_SDIO_SD_Init
                0x0000000008001804       0x4c Core/Src/sdio.o
                0x0000000008001804                MX_SDIO_SD_Init
 .text.HAL_SD_MspInit
                0x0000000008001850      0x114 Core/Src/sdio.o
                0x0000000008001850                HAL_SD_MspInit
 .text.HAL_MspInit
                0x0000000008001964       0x50 Core/Src/stm32f4xx_hal_msp.o
                0x0000000008001964                HAL_MspInit
 .text.NMI_Handler
                0x00000000080019b4        0xe Core/Src/stm32f4xx_it.o
                0x00000000080019b4                NMI_Handler
 .text.HardFault_Handler
                0x00000000080019c2        0x6 Core/Src/stm32f4xx_it.o
                0x00000000080019c2                HardFault_Handler
 .text.MemManage_Handler
                0x00000000080019c8        0x6 Core/Src/stm32f4xx_it.o
                0x00000000080019c8                MemManage_Handler
 .text.BusFault_Handler
                0x00000000080019ce        0x6 Core/Src/stm32f4xx_it.o
                0x00000000080019ce                BusFault_Handler
 .text.UsageFault_Handler
                0x00000000080019d4        0x6 Core/Src/stm32f4xx_it.o
                0x00000000080019d4                UsageFault_Handler
 .text.SVC_Handler
                0x00000000080019da        0xe Core/Src/stm32f4xx_it.o
                0x00000000080019da                SVC_Handler
 .text.DebugMon_Handler
                0x00000000080019e8        0xe Core/Src/stm32f4xx_it.o
                0x00000000080019e8                DebugMon_Handler
 .text.PendSV_Handler
                0x00000000080019f6        0xe Core/Src/stm32f4xx_it.o
                0x00000000080019f6                PendSV_Handler
 .text.SysTick_Handler
                0x0000000008001a04        0xc Core/Src/stm32f4xx_it.o
                0x0000000008001a04                SysTick_Handler
 .text.TIM4_IRQHandler
                0x0000000008001a10       0x14 Core/Src/stm32f4xx_it.o
                0x0000000008001a10                TIM4_IRQHandler
 .text.USART3_IRQHandler
                0x0000000008001a24       0x14 Core/Src/stm32f4xx_it.o
                0x0000000008001a24                USART3_IRQHandler
 .text.DMA2_Stream0_IRQHandler
                0x0000000008001a38       0x14 Core/Src/stm32f4xx_it.o
                0x0000000008001a38                DMA2_Stream0_IRQHandler
 .text.SystemInit
                0x0000000008001a4c       0x2c Core/Src/system_stm32f4xx.o
                0x0000000008001a4c                SystemInit
 .text.MX_TIM4_Init
                0x0000000008001a78       0x98 Core/Src/tim.o
                0x0000000008001a78                MX_TIM4_Init
 .text.HAL_TIM_Base_MspInit
                0x0000000008001b10       0x50 Core/Src/tim.o
                0x0000000008001b10                HAL_TIM_Base_MspInit
 .text.MX_USART3_UART_Init
                0x0000000008001b60       0x54 Core/Src/usart.o
                0x0000000008001b60                MX_USART3_UART_Init
 .text.HAL_UART_MspInit
                0x0000000008001bb4       0xa0 Core/Src/usart.o
                0x0000000008001bb4                HAL_UART_MspInit
 .text.MX_USB_OTG_FS_PCD_Init
                0x0000000008001c54       0x60 Core/Src/usb_otg.o
                0x0000000008001c54                MX_USB_OTG_FS_PCD_Init
 .text.HAL_PCD_MspInit
                0x0000000008001cb4       0xb4 Core/Src/usb_otg.o
                0x0000000008001cb4                HAL_PCD_MspInit
 .text.Reset_Handler
                0x0000000008001d68       0x50 Core/Startup/startup_stm32f413zhtx.o
                0x0000000008001d68                Reset_Handler
 .text.Default_Handler
                0x0000000008001db8        0x2 Core/Startup/startup_stm32f413zhtx.o
                0x0000000008001db8                RTC_Alarm_IRQHandler
                0x0000000008001db8                EXTI2_IRQHandler
                0x0000000008001db8                TIM8_CC_IRQHandler
                0x0000000008001db8                UART8_IRQHandler
                0x0000000008001db8                FMPI2C1_EV_IRQHandler
                0x0000000008001db8                SPI4_IRQHandler
                0x0000000008001db8                TIM1_CC_IRQHandler
                0x0000000008001db8                DMA2_Stream5_IRQHandler
                0x0000000008001db8                DMA1_Stream5_IRQHandler
                0x0000000008001db8                CAN3_RX1_IRQHandler
                0x0000000008001db8                PVD_IRQHandler
                0x0000000008001db8                SDIO_IRQHandler
                0x0000000008001db8                TAMP_STAMP_IRQHandler
                0x0000000008001db8                CAN2_RX1_IRQHandler
                0x0000000008001db8                EXTI3_IRQHandler
                0x0000000008001db8                TIM8_TRG_COM_TIM14_IRQHandler
                0x0000000008001db8                DFSDM1_FLT1_IRQHandler
                0x0000000008001db8                TIM1_UP_TIM10_IRQHandler
                0x0000000008001db8                TIM8_UP_TIM13_IRQHandler
                0x0000000008001db8                I2C3_ER_IRQHandler
                0x0000000008001db8                EXTI0_IRQHandler
                0x0000000008001db8                I2C2_EV_IRQHandler
                0x0000000008001db8                DMA1_Stream2_IRQHandler
                0x0000000008001db8                CAN1_RX0_IRQHandler
                0x0000000008001db8                FPU_IRQHandler
                0x0000000008001db8                CAN3_SCE_IRQHandler
                0x0000000008001db8                CAN2_SCE_IRQHandler
                0x0000000008001db8                DMA2_Stream2_IRQHandler
                0x0000000008001db8                SPI1_IRQHandler
                0x0000000008001db8                TIM6_DAC_IRQHandler
                0x0000000008001db8                TIM1_BRK_TIM9_IRQHandler
                0x0000000008001db8                CAN2_RX0_IRQHandler
                0x0000000008001db8                DMA2_Stream3_IRQHandler
                0x0000000008001db8                USART6_IRQHandler
                0x0000000008001db8                CAN3_RX0_IRQHandler
                0x0000000008001db8                DFSDM2_FLT3_IRQHandler
                0x0000000008001db8                CAN1_RX1_IRQHandler
                0x0000000008001db8                UART5_IRQHandler
                0x0000000008001db8                QUADSPI_IRQHandler
                0x0000000008001db8                I2C1_EV_IRQHandler
                0x0000000008001db8                DMA1_Stream6_IRQHandler
                0x0000000008001db8                DMA1_Stream1_IRQHandler
                0x0000000008001db8                UART4_IRQHandler
                0x0000000008001db8                TIM3_IRQHandler
                0x0000000008001db8                RCC_IRQHandler
                0x0000000008001db8                UART9_IRQHandler
                0x0000000008001db8                TIM8_BRK_TIM12_IRQHandler
                0x0000000008001db8                Default_Handler
                0x0000000008001db8                EXTI15_10_IRQHandler
                0x0000000008001db8                ADC_IRQHandler
                0x0000000008001db8                DMA1_Stream7_IRQHandler
                0x0000000008001db8                DFSDM2_FLT0_IRQHandler
                0x0000000008001db8                SPI5_IRQHandler
                0x0000000008001db8                TIM7_IRQHandler
                0x0000000008001db8                CAN2_TX_IRQHandler
                0x0000000008001db8                TIM5_IRQHandler
                0x0000000008001db8                DMA2_Stream7_IRQHandler
                0x0000000008001db8                I2C3_EV_IRQHandler
                0x0000000008001db8                DFSDM2_FLT2_IRQHandler
                0x0000000008001db8                EXTI9_5_IRQHandler
                0x0000000008001db8                RTC_WKUP_IRQHandler
                0x0000000008001db8                SPI2_IRQHandler
                0x0000000008001db8                DMA1_Stream0_IRQHandler
                0x0000000008001db8                CAN1_TX_IRQHandler
                0x0000000008001db8                FMPI2C1_ER_IRQHandler
                0x0000000008001db8                EXTI4_IRQHandler
                0x0000000008001db8                DFSDM2_FLT1_IRQHandler
                0x0000000008001db8                RNG_IRQHandler
                0x0000000008001db8                FSMC_IRQHandler
                0x0000000008001db8                WWDG_IRQHandler
                0x0000000008001db8                CAN3_TX_IRQHandler
                0x0000000008001db8                TIM2_IRQHandler
                0x0000000008001db8                OTG_FS_WKUP_IRQHandler
                0x0000000008001db8                TIM1_TRG_COM_TIM11_IRQHandler
                0x0000000008001db8                EXTI1_IRQHandler
                0x0000000008001db8                UART7_IRQHandler
                0x0000000008001db8                USART2_IRQHandler
                0x0000000008001db8                DFSDM1_FLT0_IRQHandler
                0x0000000008001db8                I2C2_ER_IRQHandler
                0x0000000008001db8                DMA2_Stream1_IRQHandler
                0x0000000008001db8                CAN1_SCE_IRQHandler
                0x0000000008001db8                FLASH_IRQHandler
                0x0000000008001db8                DMA2_Stream4_IRQHandler
                0x0000000008001db8                USART1_IRQHandler
                0x0000000008001db8                OTG_FS_IRQHandler
                0x0000000008001db8                SPI3_IRQHandler
                0x0000000008001db8                DMA1_Stream4_IRQHandler
                0x0000000008001db8                I2C1_ER_IRQHandler
                0x0000000008001db8                LPTIM1_IRQHandler
                0x0000000008001db8                DMA2_Stream6_IRQHandler
                0x0000000008001db8                UART10_IRQHandler
                0x0000000008001db8                SAI1_IRQHandler
                0x0000000008001db8                DMA1_Stream3_IRQHandler
 *fill*         0x0000000008001dba        0x2 
 .text.HAL_Init
                0x0000000008001dbc       0x44 Drivers/STM32F4xx_HAL_Driver/Src/stm32f4xx_hal.o
                0x0000000008001dbc                HAL_Init
 .text.HAL_InitTick
                0x0000000008001e00       0x60 Drivers/STM32F4xx_HAL_Driver/Src/stm32f4xx_hal.o
                0x0000000008001e00                HAL_InitTick
 .text.HAL_IncTick
                0x0000000008001e60       0x28 Drivers/STM32F4xx_HAL_Driver/Src/stm32f4xx_hal.o
                0x0000000008001e60                HAL_IncTick
 .text.HAL_GetTick
                0x0000000008001e88       0x18 Drivers/STM32F4xx_HAL_Driver/Src/stm32f4xx_hal.o
                0x0000000008001e88                HAL_GetTick
 .text.HAL_Delay
                0x0000000008001ea0       0x44 Drivers/STM32F4xx_HAL_Driver/Src/stm32f4xx_hal.o
                0x0000000008001ea0                HAL_Delay
 .text.HAL_ADC_Init
                0x0000000008001ee4       0x86 Drivers/STM32F4xx_HAL_Driver/Src/stm32f4xx_hal_adc.o
                0x0000000008001ee4                HAL_ADC_Init
 *fill*         0x0000000008001f6a        0x2 
 .text.HAL_ADC_Start_DMA
                0x0000000008001f6c      0x1a8 Drivers/STM32F4xx_HAL_Driver/Src/stm32f4xx_hal_adc.o
                0x0000000008001f6c                HAL_ADC_Start_DMA
 .text.HAL_ADC_ConvHalfCpltCallback
                0x0000000008002114       0x14 Drivers/STM32F4xx_HAL_Driver/Src/stm32f4xx_hal_adc.o
                0x0000000008002114                HAL_ADC_ConvHalfCpltCallback
 .text.HAL_ADC_ErrorCallback
                0x0000000008002128       0x14 Drivers/STM32F4xx_HAL_Driver/Src/stm32f4xx_hal_adc.o
                0x0000000008002128                HAL_ADC_ErrorCallback
 .text.HAL_ADC_ConfigChannel
                0x000000000800213c      0x264 Drivers/STM32F4xx_HAL_Driver/Src/stm32f4xx_hal_adc.o
                0x000000000800213c                HAL_ADC_ConfigChannel
 .text.ADC_Init
                0x00000000080023a0      0x1f8 Drivers/STM32F4xx_HAL_Driver/Src/stm32f4xx_hal_adc.o
 .text.ADC_DMAConvCplt
                0x0000000008002598       0xba Drivers/STM32F4xx_HAL_Driver/Src/stm32f4xx_hal_adc.o
 .text.ADC_DMAHalfConvCplt
                0x0000000008002652       0x1c Drivers/STM32F4xx_HAL_Driver/Src/stm32f4xx_hal_adc.o
 .text.ADC_DMAError
                0x000000000800266e       0x2e Drivers/STM32F4xx_HAL_Driver/Src/stm32f4xx_hal_adc.o
 .text.__NVIC_SetPriorityGrouping
                0x000000000800269c       0x48 Drivers/STM32F4xx_HAL_Driver/Src/stm32f4xx_hal_cortex.o
 .text.__NVIC_GetPriorityGrouping
                0x00000000080026e4       0x1c Drivers/STM32F4xx_HAL_Driver/Src/stm32f4xx_hal_cortex.o
 .text.__NVIC_EnableIRQ
                0x0000000008002700       0x3c Drivers/STM32F4xx_HAL_Driver/Src/stm32f4xx_hal_cortex.o
 .text.__NVIC_SetPriority
                0x000000000800273c       0x54 Drivers/STM32F4xx_HAL_Driver/Src/stm32f4xx_hal_cortex.o
 .text.NVIC_EncodePriority
                0x0000000008002790       0x66 Drivers/STM32F4xx_HAL_Driver/Src/stm32f4xx_hal_cortex.o
 *fill*         0x00000000080027f6        0x2 
 .text.SysTick_Config
                0x00000000080027f8       0x44 Drivers/STM32F4xx_HAL_Driver/Src/stm32f4xx_hal_cortex.o
 .text.HAL_NVIC_SetPriorityGrouping
                0x000000000800283c       0x16 Drivers/STM32F4xx_HAL_Driver/Src/stm32f4xx_hal_cortex.o
                0x000000000800283c                HAL_NVIC_SetPriorityGrouping
 .text.HAL_NVIC_SetPriority
                0x0000000008002852       0x38 Drivers/STM32F4xx_HAL_Driver/Src/stm32f4xx_hal_cortex.o
                0x0000000008002852                HAL_NVIC_SetPriority
 .text.HAL_NVIC_EnableIRQ
                0x000000000800288a       0x1c Drivers/STM32F4xx_HAL_Driver/Src/stm32f4xx_hal_cortex.o
                0x000000000800288a                HAL_NVIC_EnableIRQ
 .text.HAL_SYSTICK_Config
                0x00000000080028a6       0x18 Drivers/STM32F4xx_HAL_Driver/Src/stm32f4xx_hal_cortex.o
                0x00000000080028a6                HAL_SYSTICK_Config
 *fill*         0x00000000080028be        0x2 
 .text.HAL_DMA_Init
                0x00000000080028c0      0x15c Drivers/STM32F4xx_HAL_Driver/Src/stm32f4xx_hal_dma.o
                0x00000000080028c0                HAL_DMA_Init
 .text.HAL_DMA_Start_IT
                0x0000000008002a1c       0xb0 Drivers/STM32F4xx_HAL_Driver/Src/stm32f4xx_hal_dma.o
                0x0000000008002a1c                HAL_DMA_Start_IT
 .text.HAL_DMA_Abort_IT
                0x0000000008002acc       0x44 Drivers/STM32F4xx_HAL_Driver/Src/stm32f4xx_hal_dma.o
                0x0000000008002acc                HAL_DMA_Abort_IT
 .text.HAL_DMA_IRQHandler
                0x0000000008002b10      0x314 Drivers/STM32F4xx_HAL_Driver/Src/stm32f4xx_hal_dma.o
                0x0000000008002b10                HAL_DMA_IRQHandler
 .text.DMA_SetConfig
                0x0000000008002e24       0x5c Drivers/STM32F4xx_HAL_Driver/Src/stm32f4xx_hal_dma.o
 .text.DMA_CalcBaseAndBitshift
                0x0000000008002e80       0x6c Drivers/STM32F4xx_HAL_Driver/Src/stm32f4xx_hal_dma.o
 .text.DMA_CheckFifoParam
                0x0000000008002eec       0xf4 Drivers/STM32F4xx_HAL_Driver/Src/stm32f4xx_hal_dma.o
 .text.HAL_GPIO_Init
                0x0000000008002fe0      0x324 Drivers/STM32F4xx_HAL_Driver/Src/stm32f4xx_hal_gpio.o
                0x0000000008002fe0                HAL_GPIO_Init
 .text.HAL_GPIO_WritePin
                0x0000000008003304       0x32 Drivers/STM32F4xx_HAL_Driver/Src/stm32f4xx_hal_gpio.o
                0x0000000008003304                HAL_GPIO_WritePin
 .text.HAL_PCD_Init
                0x0000000008003336      0x248 Drivers/STM32F4xx_HAL_Driver/Src/stm32f4xx_hal_pcd.o
                0x0000000008003336                HAL_PCD_Init
 .text.HAL_PCDEx_ActivateLPM
                0x000000000800357e       0x48 Drivers/STM32F4xx_HAL_Driver/Src/stm32f4xx_hal_pcd_ex.o
                0x000000000800357e                HAL_PCDEx_ActivateLPM
 *fill*         0x00000000080035c6        0x2 
 .text.HAL_RCC_ClockConfig
                0x00000000080035c8      0x1cc Drivers/STM32F4xx_HAL_Driver/Src/stm32f4xx_hal_rcc.o
                0x00000000080035c8                HAL_RCC_ClockConfig
 .text.HAL_RCC_GetSysClockFreq
                0x0000000008003794      0x1b0 Drivers/STM32F4xx_HAL_Driver/Src/stm32f4xx_hal_rcc.o
                0x0000000008003794                HAL_RCC_GetSysClockFreq
 .text.HAL_RCC_GetHCLKFreq
                0x0000000008003944       0x18 Drivers/STM32F4xx_HAL_Driver/Src/stm32f4xx_hal_rcc.o
                0x0000000008003944                HAL_RCC_GetHCLKFreq
 .text.HAL_RCC_GetPCLK1Freq
                0x000000000800395c       0x28 Drivers/STM32F4xx_HAL_Driver/Src/stm32f4xx_hal_rcc.o
                0x000000000800395c                HAL_RCC_GetPCLK1Freq
 .text.HAL_RCC_GetPCLK2Freq
                0x0000000008003984       0x28 Drivers/STM32F4xx_HAL_Driver/Src/stm32f4xx_hal_rcc.o
                0x0000000008003984                HAL_RCC_GetPCLK2Freq
 .text.HAL_RCCEx_PeriphCLKConfig
                0x00000000080039ac      0x518 Drivers/STM32F4xx_HAL_Driver/Src/stm32f4xx_hal_rcc_ex.o
                0x00000000080039ac                HAL_RCCEx_PeriphCLKConfig
 .text.HAL_RCC_OscConfig
                0x0000000008003ec4      0x484 Drivers/STM32F4xx_HAL_Driver/Src/stm32f4xx_hal_rcc_ex.o
                0x0000000008003ec4                HAL_RCC_OscConfig
 .text.HAL_SD_Init
                0x0000000008004348       0x60 Drivers/STM32F4xx_HAL_Driver/Src/stm32f4xx_hal_sd.o
                0x0000000008004348                HAL_SD_Init
 .text.HAL_SD_InitCard
                0x00000000080043a8       0xc0 Drivers/STM32F4xx_HAL_Driver/Src/stm32f4xx_hal_sd.o
                0x00000000080043a8                HAL_SD_InitCard
 .text.HAL_SD_GetCardCSD
                0x0000000008004468      0x348 Drivers/STM32F4xx_HAL_Driver/Src/stm32f4xx_hal_sd.o
                0x0000000008004468                HAL_SD_GetCardCSD
 .text.SD_InitCard
                0x00000000080047b0      0x19a Drivers/STM32F4xx_HAL_Driver/Src/stm32f4xx_hal_sd.o
 *fill*         0x000000000800494a        0x2 
 .text.SD_PowerON
                0x000000000800494c      0x11c Drivers/STM32F4xx_HAL_Driver/Src/stm32f4xx_hal_sd.o
 .text.HAL_TIM_Base_Init
                0x0000000008004a68       0x56 Drivers/STM32F4xx_HAL_Driver/Src/stm32f4xx_hal_tim.o
                0x0000000008004a68                HAL_TIM_Base_Init
 .text.HAL_TIM_Base_Start_IT
                0x0000000008004abe       0x48 Drivers/STM32F4xx_HAL_Driver/Src/stm32f4xx_hal_tim.o
                0x0000000008004abe                HAL_TIM_Base_Start_IT
 .text.HAL_TIM_IRQHandler
                0x0000000008004b06      0x210 Drivers/STM32F4xx_HAL_Driver/Src/stm32f4xx_hal_tim.o
                0x0000000008004b06                HAL_TIM_IRQHandler
 .text.HAL_TIM_ConfigClockSource
                0x0000000008004d16      0x16e Drivers/STM32F4xx_HAL_Driver/Src/stm32f4xx_hal_tim.o
                0x0000000008004d16                HAL_TIM_ConfigClockSource
 .text.HAL_TIM_OC_DelayElapsedCallback
                0x0000000008004e84       0x14 Drivers/STM32F4xx_HAL_Driver/Src/stm32f4xx_hal_tim.o
                0x0000000008004e84                HAL_TIM_OC_DelayElapsedCallback
 .text.HAL_TIM_IC_CaptureCallback
                0x0000000008004e98       0x14 Drivers/STM32F4xx_HAL_Driver/Src/stm32f4xx_hal_tim.o
                0x0000000008004e98                HAL_TIM_IC_CaptureCallback
 .text.HAL_TIM_PWM_PulseFinishedCallback
                0x0000000008004eac       0x14 Drivers/STM32F4xx_HAL_Driver/Src/stm32f4xx_hal_tim.o
                0x0000000008004eac                HAL_TIM_PWM_PulseFinishedCallback
 .text.HAL_TIM_TriggerCallback
                0x0000000008004ec0       0x14 Drivers/STM32F4xx_HAL_Driver/Src/stm32f4xx_hal_tim.o
                0x0000000008004ec0                HAL_TIM_TriggerCallback
 .text.TIM_Base_SetConfig
                0x0000000008004ed4      0x140 Drivers/STM32F4xx_HAL_Driver/Src/stm32f4xx_hal_tim.o
                0x0000000008004ed4                TIM_Base_SetConfig
 .text.TIM_TI1_ConfigInputStage
                0x0000000008005014       0x5e Drivers/STM32F4xx_HAL_Driver/Src/stm32f4xx_hal_tim.o
 .text.TIM_TI2_ConfigInputStage
                0x0000000008005072       0x60 Drivers/STM32F4xx_HAL_Driver/Src/stm32f4xx_hal_tim.o
 .text.TIM_ITRx_SetConfig
                0x00000000080050d2       0x36 Drivers/STM32F4xx_HAL_Driver/Src/stm32f4xx_hal_tim.o
 .text.TIM_ETR_SetConfig
                0x0000000008005108       0x40 Drivers/STM32F4xx_HAL_Driver/Src/stm32f4xx_hal_tim.o
                0x0000000008005108                TIM_ETR_SetConfig
 .text.HAL_TIMEx_MasterConfigSynchronization
                0x0000000008005148       0xf8 Drivers/STM32F4xx_HAL_Driver/Src/stm32f4xx_hal_tim_ex.o
                0x0000000008005148                HAL_TIMEx_MasterConfigSynchronization
 .text.HAL_TIMEx_CommutCallback
                0x0000000008005240       0x14 Drivers/STM32F4xx_HAL_Driver/Src/stm32f4xx_hal_tim_ex.o
                0x0000000008005240                HAL_TIMEx_CommutCallback
 .text.HAL_TIMEx_BreakCallback
                0x0000000008005254       0x14 Drivers/STM32F4xx_HAL_Driver/Src/stm32f4xx_hal_tim_ex.o
                0x0000000008005254                HAL_TIMEx_BreakCallback
 .text.HAL_UART_Init
                0x0000000008005268       0x9a Drivers/STM32F4xx_HAL_Driver/Src/stm32f4xx_hal_uart.o
                0x0000000008005268                HAL_UART_Init
 .text.HAL_UART_Transmit_IT
                0x0000000008005302       0x8a Drivers/STM32F4xx_HAL_Driver/Src/stm32f4xx_hal_uart.o
                0x0000000008005302                HAL_UART_Transmit_IT
 .text.HAL_UART_Receive_IT
                0x000000000800538c       0xaa Drivers/STM32F4xx_HAL_Driver/Src/stm32f4xx_hal_uart.o
                0x000000000800538c                HAL_UART_Receive_IT
 *fill*         0x0000000008005436        0x2 
 .text.HAL_UART_IRQHandler
                0x0000000008005438      0x200 Drivers/STM32F4xx_HAL_Driver/Src/stm32f4xx_hal_uart.o
                0x0000000008005438                HAL_UART_IRQHandler
 .text.HAL_UART_ErrorCallback
                0x0000000008005638       0x14 Drivers/STM32F4xx_HAL_Driver/Src/stm32f4xx_hal_uart.o
                0x0000000008005638                HAL_UART_ErrorCallback
 .text.UART_EndRxTransfer
                0x000000000800564c       0x3c Drivers/STM32F4xx_HAL_Driver/Src/stm32f4xx_hal_uart.o
 .text.UART_DMAAbortOnError
                0x0000000008005688       0x28 Drivers/STM32F4xx_HAL_Driver/Src/stm32f4xx_hal_uart.o
 .text.UART_Transmit_IT
                0x00000000080056b0       0xac Drivers/STM32F4xx_HAL_Driver/Src/stm32f4xx_hal_uart.o
 .text.UART_EndTransmit_IT
                0x000000000800575c       0x30 Drivers/STM32F4xx_HAL_Driver/Src/stm32f4xx_hal_uart.o
 .text.UART_Receive_IT
                0x000000000800578c      0x102 Drivers/STM32F4xx_HAL_Driver/Src/stm32f4xx_hal_uart.o
 *fill*         0x000000000800588e        0x2 
 .text.UART_SetConfig
                0x0000000008005890      0x730 Drivers/STM32F4xx_HAL_Driver/Src/stm32f4xx_hal_uart.o
 .text.SDIO_Init
                0x0000000008005fc0       0x56 Drivers/STM32F4xx_HAL_Driver/Src/stm32f4xx_ll_sdmmc.o
                0x0000000008005fc0                SDIO_Init
 .text.SDIO_PowerState_ON
                0x0000000008006016       0x1e Drivers/STM32F4xx_HAL_Driver/Src/stm32f4xx_ll_sdmmc.o
                0x0000000008006016                SDIO_PowerState_ON
 .text.SDIO_GetPowerState
                0x0000000008006034       0x1c Drivers/STM32F4xx_HAL_Driver/Src/stm32f4xx_ll_sdmmc.o
                0x0000000008006034                SDIO_GetPowerState
 .text.SDIO_SendCommand
                0x0000000008006050       0x54 Drivers/STM32F4xx_HAL_Driver/Src/stm32f4xx_ll_sdmmc.o
                0x0000000008006050                SDIO_SendCommand
 .text.SDIO_GetCommandResponse
                0x00000000080060a4       0x1a Drivers/STM32F4xx_HAL_Driver/Src/stm32f4xx_ll_sdmmc.o
                0x00000000080060a4                SDIO_GetCommandResponse
 .text.SDIO_GetResponse
                0x00000000080060be       0x26 Drivers/STM32F4xx_HAL_Driver/Src/stm32f4xx_ll_sdmmc.o
                0x00000000080060be                SDIO_GetResponse
 .text.SDMMC_CmdSelDesel
                0x00000000080060e4       0x46 Drivers/STM32F4xx_HAL_Driver/Src/stm32f4xx_ll_sdmmc.o
                0x00000000080060e4                SDMMC_CmdSelDesel
 .text.SDMMC_CmdGoIdleState
                0x000000000800612a       0x3c Drivers/STM32F4xx_HAL_Driver/Src/stm32f4xx_ll_sdmmc.o
                0x000000000800612a                SDMMC_CmdGoIdleState
 .text.SDMMC_CmdOperCond
                0x0000000008006166       0x3e Drivers/STM32F4xx_HAL_Driver/Src/stm32f4xx_ll_sdmmc.o
                0x0000000008006166                SDMMC_CmdOperCond
 .text.SDMMC_CmdAppCommand
                0x00000000080061a4       0x44 Drivers/STM32F4xx_HAL_Driver/Src/stm32f4xx_ll_sdmmc.o
                0x00000000080061a4                SDMMC_CmdAppCommand
 .text.SDMMC_CmdAppOperCommand
                0x00000000080061e8       0x46 Drivers/STM32F4xx_HAL_Driver/Src/stm32f4xx_ll_sdmmc.o
                0x00000000080061e8                SDMMC_CmdAppOperCommand
 .text.SDMMC_CmdSendCID
                0x000000000800622e       0x3c Drivers/STM32F4xx_HAL_Driver/Src/stm32f4xx_ll_sdmmc.o
                0x000000000800622e                SDMMC_CmdSendCID
 .text.SDMMC_CmdSendCSD
                0x000000000800626a       0x3e Drivers/STM32F4xx_HAL_Driver/Src/stm32f4xx_ll_sdmmc.o
                0x000000000800626a                SDMMC_CmdSendCSD
 .text.SDMMC_CmdSetRelAdd
                0x00000000080062a8       0x42 Drivers/STM32F4xx_HAL_Driver/Src/stm32f4xx_ll_sdmmc.o
                0x00000000080062a8                SDMMC_CmdSetRelAdd
 *fill*         0x00000000080062ea        0x2 
 .text.SDMMC_GetCmdError
                0x00000000080062ec       0x50 Drivers/STM32F4xx_HAL_Driver/Src/stm32f4xx_ll_sdmmc.o
 .text.SDMMC_GetCmdResp1
                0x000000000800633c      0x1d8 Drivers/STM32F4xx_HAL_Driver/Src/stm32f4xx_ll_sdmmc.o
 .text.SDMMC_GetCmdResp2
                0x0000000008006514       0x8c Drivers/STM32F4xx_HAL_Driver/Src/stm32f4xx_ll_sdmmc.o
 .text.SDMMC_GetCmdResp3
                0x00000000080065a0       0x74 Drivers/STM32F4xx_HAL_Driver/Src/stm32f4xx_ll_sdmmc.o
 .text.SDMMC_GetCmdResp6
                0x0000000008006614       0xe8 Drivers/STM32F4xx_HAL_Driver/Src/stm32f4xx_ll_sdmmc.o
 .text.SDMMC_GetCmdResp7
                0x00000000080066fc       0x98 Drivers/STM32F4xx_HAL_Driver/Src/stm32f4xx_ll_sdmmc.o
 .text.USB_CoreInit
                0x0000000008006794       0xc2 Drivers/STM32F4xx_HAL_Driver/Src/stm32f4xx_ll_usb.o
                0x0000000008006794                USB_CoreInit
 .text.USB_DisableGlobalInt
                0x0000000008006856       0x22 Drivers/STM32F4xx_HAL_Driver/Src/stm32f4xx_ll_usb.o
                0x0000000008006856                USB_DisableGlobalInt
 .text.USB_SetCurrentMode
                0x0000000008006878       0x54 Drivers/STM32F4xx_HAL_Driver/Src/stm32f4xx_ll_usb.o
                0x0000000008006878                USB_SetCurrentMode
 .text.USB_DevInit
                0x00000000080068cc      0x2bc Drivers/STM32F4xx_HAL_Driver/Src/stm32f4xx_ll_usb.o
                0x00000000080068cc                USB_DevInit
 .text.USB_FlushTxFifo
                0x0000000008006b88       0x4c Drivers/STM32F4xx_HAL_Driver/Src/stm32f4xx_ll_usb.o
                0x0000000008006b88                USB_FlushTxFifo
 .text.USB_FlushRxFifo
                0x0000000008006bd4       0x44 Drivers/STM32F4xx_HAL_Driver/Src/stm32f4xx_ll_usb.o
                0x0000000008006bd4                USB_FlushRxFifo
 .text.USB_SetDevSpeed
                0x0000000008006c18       0x32 Drivers/STM32F4xx_HAL_Driver/Src/stm32f4xx_ll_usb.o
                0x0000000008006c18                USB_SetDevSpeed
 .text.USB_DevDisconnect
                0x0000000008006c4a       0x30 Drivers/STM32F4xx_HAL_Driver/Src/stm32f4xx_ll_usb.o
                0x0000000008006c4a                USB_DevDisconnect
 *fill*         0x0000000008006c7a        0x2 
 .text.USB_CoreReset
                0x0000000008006c7c       0x68 Drivers/STM32F4xx_HAL_Driver/Src/stm32f4xx_ll_usb.o
 .text.__libc_init_array
                0x0000000008006ce4       0x48 d:/st/stm32cubeide_1.2.0/stm32cubeide/plugins/com.st.stm32cube.ide.mcu.externaltools.gnu-tools-for-stm32.7-2018-q2-update.win32_1.4.0.202007081208/tools/bin/../lib/gcc/arm-none-eabi/7.3.1/../../../../arm-none-eabi/lib/thumb/v7e-m/fpv4-sp/hard\libc_nano.a(lib_a-init.o)
                0x0000000008006ce4                __libc_init_array
 .text.memset   0x0000000008006d2c       0x10 d:/st/stm32cubeide_1.2.0/stm32cubeide/plugins/com.st.stm32cube.ide.mcu.externaltools.gnu-tools-for-stm32.7-2018-q2-update.win32_1.4.0.202007081208/tools/bin/../lib/gcc/arm-none-eabi/7.3.1/../../../../arm-none-eabi/lib/thumb/v7e-m/fpv4-sp/hard\libc_nano.a(lib_a-memset.o)
                0x0000000008006d2c                memset
 *(.glue_7)
 .glue_7        0x0000000008006d3c        0x0 linker stubs
 *(.glue_7t)
 .glue_7t       0x0000000008006d3c        0x0 linker stubs
 *(.eh_frame)
 .eh_frame      0x0000000008006d3c        0x0 d:/st/stm32cubeide_1.2.0/stm32cubeide/plugins/com.st.stm32cube.ide.mcu.externaltools.gnu-tools-for-stm32.7-2018-q2-update.win32_1.4.0.202007081208/tools/bin/../lib/gcc/arm-none-eabi/7.3.1/thumb/v7e-m/fpv4-sp/hard/crtbegin.o
 *(.init)
 .init          0x0000000008006d3c        0x4 d:/st/stm32cubeide_1.2.0/stm32cubeide/plugins/com.st.stm32cube.ide.mcu.externaltools.gnu-tools-for-stm32.7-2018-q2-update.win32_1.4.0.202007081208/tools/bin/../lib/gcc/arm-none-eabi/7.3.1/thumb/v7e-m/fpv4-sp/hard/crti.o
                0x0000000008006d3c                _init
 .init          0x0000000008006d40        0x8 d:/st/stm32cubeide_1.2.0/stm32cubeide/plugins/com.st.stm32cube.ide.mcu.externaltools.gnu-tools-for-stm32.7-2018-q2-update.win32_1.4.0.202007081208/tools/bin/../lib/gcc/arm-none-eabi/7.3.1/thumb/v7e-m/fpv4-sp/hard/crtn.o
 *(.fini)
 .fini          0x0000000008006d48        0x4 d:/st/stm32cubeide_1.2.0/stm32cubeide/plugins/com.st.stm32cube.ide.mcu.externaltools.gnu-tools-for-stm32.7-2018-q2-update.win32_1.4.0.202007081208/tools/bin/../lib/gcc/arm-none-eabi/7.3.1/thumb/v7e-m/fpv4-sp/hard/crti.o
                0x0000000008006d48                _fini
 .fini          0x0000000008006d4c        0x8 d:/st/stm32cubeide_1.2.0/stm32cubeide/plugins/com.st.stm32cube.ide.mcu.externaltools.gnu-tools-for-stm32.7-2018-q2-update.win32_1.4.0.202007081208/tools/bin/../lib/gcc/arm-none-eabi/7.3.1/thumb/v7e-m/fpv4-sp/hard/crtn.o
                0x0000000008006d54                . = ALIGN (0x4)
                0x0000000008006d54                _etext = .

.vfp11_veneer   0x0000000008006d54        0x0
 .vfp11_veneer  0x0000000008006d54        0x0 linker stubs

.v4_bx          0x0000000008006d54        0x0
 .v4_bx         0x0000000008006d54        0x0 linker stubs

.iplt           0x0000000008006d54        0x0
 .iplt          0x0000000008006d54        0x0 d:/st/stm32cubeide_1.2.0/stm32cubeide/plugins/com.st.stm32cube.ide.mcu.externaltools.gnu-tools-for-stm32.7-2018-q2-update.win32_1.4.0.202007081208/tools/bin/../lib/gcc/arm-none-eabi/7.3.1/thumb/v7e-m/fpv4-sp/hard/crtbegin.o

.rodata         0x0000000008006d54       0x20
                0x0000000008006d54                . = ALIGN (0x4)
 *(.rodata)
 *(.rodata*)
 .rodata.AHBPrescTable
                0x0000000008006d54       0x10 Core/Src/system_stm32f4xx.o
                0x0000000008006d54                AHBPrescTable
 .rodata.APBPrescTable
                0x0000000008006d64        0x8 Core/Src/system_stm32f4xx.o
                0x0000000008006d64                APBPrescTable
 .rodata.flagBitshiftOffset.8962
                0x0000000008006d6c        0x8 Drivers/STM32F4xx_HAL_Driver/Src/stm32f4xx_hal_dma.o
                0x0000000008006d74                . = ALIGN (0x4)

.ARM.extab      0x0000000008006d74        0x0
                0x0000000008006d74                . = ALIGN (0x4)
 *(.ARM.extab* .gnu.linkonce.armextab.*)
                0x0000000008006d74                . = ALIGN (0x4)

.ARM            0x0000000008006d74        0x8
                0x0000000008006d74                . = ALIGN (0x4)
                0x0000000008006d74                __exidx_start = .
 *(.ARM.exidx*)
 .ARM.exidx     0x0000000008006d74        0x8 d:/st/stm32cubeide_1.2.0/stm32cubeide/plugins/com.st.stm32cube.ide.mcu.externaltools.gnu-tools-for-stm32.7-2018-q2-update.win32_1.4.0.202007081208/tools/bin/../lib/gcc/arm-none-eabi/7.3.1/thumb/v7e-m/fpv4-sp/hard\libgcc.a(_udivmoddi4.o)
                0x0000000008006d7c                __exidx_end = .
                0x0000000008006d7c                . = ALIGN (0x4)

.rel.dyn        0x0000000008006d7c        0x0
 .rel.iplt      0x0000000008006d7c        0x0 d:/st/stm32cubeide_1.2.0/stm32cubeide/plugins/com.st.stm32cube.ide.mcu.externaltools.gnu-tools-for-stm32.7-2018-q2-update.win32_1.4.0.202007081208/tools/bin/../lib/gcc/arm-none-eabi/7.3.1/thumb/v7e-m/fpv4-sp/hard/crtbegin.o

.preinit_array  0x0000000008006d7c        0x0
                0x0000000008006d7c                . = ALIGN (0x4)
                0x0000000008006d7c                PROVIDE (__preinit_array_start = .)
 *(.preinit_array*)
                0x0000000008006d7c                PROVIDE (__preinit_array_end = .)
                0x0000000008006d7c                . = ALIGN (0x4)

.init_array     0x0000000008006d7c        0x4
                0x0000000008006d7c                . = ALIGN (0x4)
                0x0000000008006d7c                PROVIDE (__init_array_start = .)
 *(SORT_BY_NAME(.init_array.*))
 *(.init_array*)
 .init_array    0x0000000008006d7c        0x4 d:/st/stm32cubeide_1.2.0/stm32cubeide/plugins/com.st.stm32cube.ide.mcu.externaltools.gnu-tools-for-stm32.7-2018-q2-update.win32_1.4.0.202007081208/tools/bin/../lib/gcc/arm-none-eabi/7.3.1/thumb/v7e-m/fpv4-sp/hard/crtbegin.o
                0x0000000008006d80                PROVIDE (__init_array_end = .)
                0x0000000008006d80                . = ALIGN (0x4)

.fini_array     0x0000000008006d80        0x4
                0x0000000008006d80                . = ALIGN (0x4)
                [!provide]                        PROVIDE (__fini_array_start = .)
 *(SORT_BY_NAME(.fini_array.*))
 *(.fini_array*)
 .fini_array    0x0000000008006d80        0x4 d:/st/stm32cubeide_1.2.0/stm32cubeide/plugins/com.st.stm32cube.ide.mcu.externaltools.gnu-tools-for-stm32.7-2018-q2-update.win32_1.4.0.202007081208/tools/bin/../lib/gcc/arm-none-eabi/7.3.1/thumb/v7e-m/fpv4-sp/hard/crtbegin.o
                [!provide]                        PROVIDE (__fini_array_end = .)
                0x0000000008006d84                . = ALIGN (0x4)
                0x0000000008006d84                _sidata = LOADADDR (.data)

.data           0x0000000020000000       0x2c load address 0x0000000008006d84
                0x0000000020000000                . = ALIGN (0x4)
                0x0000000020000000                _sdata = .
 *(.data)
 *(.data*)
 .data.Hwcal_Data
                0x0000000020000000       0x20 Core/Src/adc.o
                0x0000000020000000                Hwcal_Data
 .data.SystemCoreClock
                0x0000000020000020        0x4 Core/Src/system_stm32f4xx.o
                0x0000000020000020                SystemCoreClock
 .data.uwTickPrio
                0x0000000020000024        0x4 Drivers/STM32F4xx_HAL_Driver/Src/stm32f4xx_hal.o
                0x0000000020000024                uwTickPrio
 .data.uwTickFreq
                0x0000000020000028        0x1 Drivers/STM32F4xx_HAL_Driver/Src/stm32f4xx_hal.o
                0x0000000020000028                uwTickFreq
                0x000000002000002c                . = ALIGN (0x4)
 *fill*         0x0000000020000029        0x3 
                0x000000002000002c                _edata = .

.igot.plt       0x000000002000002c        0x0 load address 0x0000000008006db0
 .igot.plt      0x000000002000002c        0x0 d:/st/stm32cubeide_1.2.0/stm32cubeide/plugins/com.st.stm32cube.ide.mcu.externaltools.gnu-tools-for-stm32.7-2018-q2-update.win32_1.4.0.202007081208/tools/bin/../lib/gcc/arm-none-eabi/7.3.1/thumb/v7e-m/fpv4-sp/hard/crtbegin.o
                0x000000002000002c                . = ALIGN (0x4)

.bss            0x000000002000002c    0x165b0 load address 0x0000000008006db0
                0x000000002000002c                _sbss = .
                0x000000002000002c                __bss_start__ = _sbss
 *(.bss)
 .bss           0x000000002000002c       0x1c d:/st/stm32cubeide_1.2.0/stm32cubeide/plugins/com.st.stm32cube.ide.mcu.externaltools.gnu-tools-for-stm32.7-2018-q2-update.win32_1.4.0.202007081208/tools/bin/../lib/gcc/arm-none-eabi/7.3.1/thumb/v7e-m/fpv4-sp/hard/crtbegin.o
 *(.bss*)
 .bss.Cnt_adcConvCplt
                0x0000000020000048        0x2 Core/Src/adc.o
                0x0000000020000048                Cnt_adcConvCplt
 *fill*         0x000000002000004a        0x2 
 .bss.Trigger   0x000000002000004c        0xc Core/Src/logger.o
                0x000000002000004c                Trigger
 .bss.Datahandler
                0x0000000020000058        0x1 Core/Src/logger.o
                0x0000000020000058                Datahandler
 *fill*         0x0000000020000059        0x3 
 .bss.BuffIdx   0x000000002000005c        0x4 Core/Src/logger.o
                0x000000002000005c                BuffIdx
 .bss.StartSendIdx
                0x0000000020000060        0x4 Core/Src/logger.o
                0x0000000020000060                StartSendIdx
 .bss.triggered
                0x0000000020000064        0x1 Core/Src/logger.o
                0x0000000020000064                triggered
 .bss.firstChunk
                0x0000000020000065        0x1 Core/Src/logger.o
                0x0000000020000065                firstChunk
 .bss.CntSampleRemaining
                0x0000000020000066        0x2 Core/Src/logger.o
                0x0000000020000066                CntSampleRemaining
 .bss.Cnt_Loop  0x0000000020000068        0x4 Core/Src/main.o
                0x0000000020000068                Cnt_Loop
 .bss.Cnt_tim4  0x000000002000006c        0x4 Core/Src/main.o
                0x000000002000006c                Cnt_tim4
 *(COMMON)
 COMMON         0x0000000020000070       0xc4 Core/Src/adc.o
                0x0000000020000070                V_D_Input
                0x0000000020000074                hadc1
                0x00000000200000bc                hdma_adc1
                0x000000002000011c                adcSamples
                0x0000000020000124                V_U_Analog
 COMMON         0x0000000020000134    0x15f90 Core/Src/logger.o
                0x0000000020000134                BuffDig_q11
                0x0000000020007664                BuffAna_q11
 COMMON         0x00000000200160c4        0x6 Core/Src/main.o
                0x00000000200160c4                rxData
 *fill*         0x00000000200160ca        0x2 
 COMMON         0x00000000200160cc       0x84 Core/Src/sdio.o
                0x00000000200160cc                hsd
 COMMON         0x0000000020016150       0x40 Core/Src/tim.o
                0x0000000020016150                htim4
 COMMON         0x0000000020016190       0x40 Core/Src/usart.o
                0x0000000020016190                huart3
 COMMON         0x00000000200161d0      0x408 Core/Src/usb_otg.o
                0x00000000200161d0                hpcd_USB_OTG_FS
 COMMON         0x00000000200165d8        0x4 Drivers/STM32F4xx_HAL_Driver/Src/stm32f4xx_hal.o
                0x00000000200165d8                uwTick
                0x00000000200165dc                . = ALIGN (0x4)
                0x00000000200165dc                _ebss = .
                0x00000000200165dc                __bss_end__ = _ebss

._user_heap_stack
                0x00000000200165dc      0x604 load address 0x0000000008006db0
                0x00000000200165e0                . = ALIGN (0x8)
 *fill*         0x00000000200165dc        0x4 
                0x00000000200165e0                PROVIDE (end = .)
                [!provide]                        PROVIDE (_end = .)
                0x00000000200167e0                . = (. + _Min_Heap_Size)
 *fill*         0x00000000200165e0      0x200 
                0x0000000020016be0                . = (. + _Min_Stack_Size)
 *fill*         0x00000000200167e0      0x400 
                0x0000000020016be0                . = ALIGN (0x8)

/DISCARD/
 libc.a(*)
 libm.a(*)
 libgcc.a(*)

.ARM.attributes
                0x0000000000000000       0x30
 *(.ARM.attributes)
 .ARM.attributes
                0x0000000000000000       0x22 d:/st/stm32cubeide_1.2.0/stm32cubeide/plugins/com.st.stm32cube.ide.mcu.externaltools.gnu-tools-for-stm32.7-2018-q2-update.win32_1.4.0.202007081208/tools/bin/../lib/gcc/arm-none-eabi/7.3.1/thumb/v7e-m/fpv4-sp/hard/crti.o
 .ARM.attributes
                0x0000000000000022       0x34 d:/st/stm32cubeide_1.2.0/stm32cubeide/plugins/com.st.stm32cube.ide.mcu.externaltools.gnu-tools-for-stm32.7-2018-q2-update.win32_1.4.0.202007081208/tools/bin/../lib/gcc/arm-none-eabi/7.3.1/thumb/v7e-m/fpv4-sp/hard/crtbegin.o
 .ARM.attributes
                0x0000000000000056       0x39 Core/Src/adc.o
 .ARM.attributes
                0x000000000000008f       0x39 Core/Src/dma.o
 .ARM.attributes
                0x00000000000000c8       0x39 Core/Src/gpio.o
 .ARM.attributes
                0x0000000000000101       0x39 Core/Src/logger.o
 .ARM.attributes
                0x000000000000013a       0x39 Core/Src/main.o
 .ARM.attributes
                0x0000000000000173       0x39 Core/Src/sdio.o
 .ARM.attributes
                0x00000000000001ac       0x39 Core/Src/stm32f4xx_hal_msp.o
 .ARM.attributes
                0x00000000000001e5       0x39 Core/Src/stm32f4xx_it.o
 .ARM.attributes
                0x000000000000021e       0x39 Core/Src/system_stm32f4xx.o
 .ARM.attributes
                0x0000000000000257       0x39 Core/Src/tim.o
 .ARM.attributes
                0x0000000000000290       0x39 Core/Src/usart.o
 .ARM.attributes
                0x00000000000002c9       0x39 Core/Src/usb_otg.o
 .ARM.attributes
                0x0000000000000302       0x21 Core/Startup/startup_stm32f413zhtx.o
 .ARM.attributes
                0x0000000000000323       0x39 Drivers/STM32F4xx_HAL_Driver/Src/stm32f4xx_hal.o
 .ARM.attributes
                0x000000000000035c       0x39 Drivers/STM32F4xx_HAL_Driver/Src/stm32f4xx_hal_adc.o
 .ARM.attributes
                0x0000000000000395       0x39 Drivers/STM32F4xx_HAL_Driver/Src/stm32f4xx_hal_cortex.o
 .ARM.attributes
                0x00000000000003ce       0x39 Drivers/STM32F4xx_HAL_Driver/Src/stm32f4xx_hal_dma.o
 .ARM.attributes
                0x0000000000000407       0x39 Drivers/STM32F4xx_HAL_Driver/Src/stm32f4xx_hal_gpio.o
 .ARM.attributes
                0x0000000000000440       0x39 Drivers/STM32F4xx_HAL_Driver/Src/stm32f4xx_hal_pcd.o
 .ARM.attributes
                0x0000000000000479       0x39 Drivers/STM32F4xx_HAL_Driver/Src/stm32f4xx_hal_pcd_ex.o
 .ARM.attributes
                0x00000000000004b2       0x39 Drivers/STM32F4xx_HAL_Driver/Src/stm32f4xx_hal_rcc.o
 .ARM.attributes
                0x00000000000004eb       0x39 Drivers/STM32F4xx_HAL_Driver/Src/stm32f4xx_hal_rcc_ex.o
 .ARM.attributes
                0x0000000000000524       0x39 Drivers/STM32F4xx_HAL_Driver/Src/stm32f4xx_hal_sd.o
 .ARM.attributes
                0x000000000000055d       0x39 Drivers/STM32F4xx_HAL_Driver/Src/stm32f4xx_hal_tim.o
 .ARM.attributes
                0x0000000000000596       0x39 Drivers/STM32F4xx_HAL_Driver/Src/stm32f4xx_hal_tim_ex.o
 .ARM.attributes
                0x00000000000005cf       0x39 Drivers/STM32F4xx_HAL_Driver/Src/stm32f4xx_hal_uart.o
 .ARM.attributes
                0x0000000000000608       0x39 Drivers/STM32F4xx_HAL_Driver/Src/stm32f4xx_ll_sdmmc.o
 .ARM.attributes
                0x0000000000000641       0x39 Drivers/STM32F4xx_HAL_Driver/Src/stm32f4xx_ll_usb.o
 .ARM.attributes
                0x000000000000067a       0x34 d:/st/stm32cubeide_1.2.0/stm32cubeide/plugins/com.st.stm32cube.ide.mcu.externaltools.gnu-tools-for-stm32.7-2018-q2-update.win32_1.4.0.202007081208/tools/bin/../lib/gcc/arm-none-eabi/7.3.1/../../../../arm-none-eabi/lib/thumb/v7e-m/fpv4-sp/hard\libc_nano.a(lib_a-init.o)
 .ARM.attributes
                0x00000000000006ae       0x34 d:/st/stm32cubeide_1.2.0/stm32cubeide/plugins/com.st.stm32cube.ide.mcu.externaltools.gnu-tools-for-stm32.7-2018-q2-update.win32_1.4.0.202007081208/tools/bin/../lib/gcc/arm-none-eabi/7.3.1/../../../../arm-none-eabi/lib/thumb/v7e-m/fpv4-sp/hard\libc_nano.a(lib_a-memset.o)
 .ARM.attributes
                0x00000000000006e2       0x22 d:/st/stm32cubeide_1.2.0/stm32cubeide/plugins/com.st.stm32cube.ide.mcu.externaltools.gnu-tools-for-stm32.7-2018-q2-update.win32_1.4.0.202007081208/tools/bin/../lib/gcc/arm-none-eabi/7.3.1/thumb/v7e-m/fpv4-sp/hard\libgcc.a(_arm_addsubdf3.o)
 .ARM.attributes
                0x0000000000000704       0x22 d:/st/stm32cubeide_1.2.0/stm32cubeide/plugins/com.st.stm32cube.ide.mcu.externaltools.gnu-tools-for-stm32.7-2018-q2-update.win32_1.4.0.202007081208/tools/bin/../lib/gcc/arm-none-eabi/7.3.1/thumb/v7e-m/fpv4-sp/hard\libgcc.a(_arm_muldivdf3.o)
 .ARM.attributes
                0x0000000000000726       0x22 d:/st/stm32cubeide_1.2.0/stm32cubeide/plugins/com.st.stm32cube.ide.mcu.externaltools.gnu-tools-for-stm32.7-2018-q2-update.win32_1.4.0.202007081208/tools/bin/../lib/gcc/arm-none-eabi/7.3.1/thumb/v7e-m/fpv4-sp/hard\libgcc.a(_arm_fixunsdfsi.o)
 .ARM.attributes
                0x0000000000000748       0x22 d:/st/stm32cubeide_1.2.0/stm32cubeide/plugins/com.st.stm32cube.ide.mcu.externaltools.gnu-tools-for-stm32.7-2018-q2-update.win32_1.4.0.202007081208/tools/bin/../lib/gcc/arm-none-eabi/7.3.1/thumb/v7e-m/fpv4-sp/hard\libgcc.a(_arm_truncdfsf2.o)
 .ARM.attributes
                0x000000000000076a       0x22 d:/st/stm32cubeide_1.2.0/stm32cubeide/plugins/com.st.stm32cube.ide.mcu.externaltools.gnu-tools-for-stm32.7-2018-q2-update.win32_1.4.0.202007081208/tools/bin/../lib/gcc/arm-none-eabi/7.3.1/thumb/v7e-m/fpv4-sp/hard\libgcc.a(_aeabi_uldivmod.o)
 .ARM.attributes
                0x000000000000078c       0x34 d:/st/stm32cubeide_1.2.0/stm32cubeide/plugins/com.st.stm32cube.ide.mcu.externaltools.gnu-tools-for-stm32.7-2018-q2-update.win32_1.4.0.202007081208/tools/bin/../lib/gcc/arm-none-eabi/7.3.1/thumb/v7e-m/fpv4-sp/hard\libgcc.a(_udivmoddi4.o)
 .ARM.attributes
                0x00000000000007c0       0x22 d:/st/stm32cubeide_1.2.0/stm32cubeide/plugins/com.st.stm32cube.ide.mcu.externaltools.gnu-tools-for-stm32.7-2018-q2-update.win32_1.4.0.202007081208/tools/bin/../lib/gcc/arm-none-eabi/7.3.1/thumb/v7e-m/fpv4-sp/hard\libgcc.a(_dvmd_tls.o)
 .ARM.attributes
                0x00000000000007e2       0x22 d:/st/stm32cubeide_1.2.0/stm32cubeide/plugins/com.st.stm32cube.ide.mcu.externaltools.gnu-tools-for-stm32.7-2018-q2-update.win32_1.4.0.202007081208/tools/bin/../lib/gcc/arm-none-eabi/7.3.1/thumb/v7e-m/fpv4-sp/hard/crtn.o
OUTPUT(Datenlogger_Schaltungstechnik.elf elf32-littlearm)

.debug_info     0x0000000000000000    0x171cb
 .debug_info    0x0000000000000000      0xb98 Core/Src/adc.o
 .debug_info    0x0000000000000b98      0x5ec Core/Src/dma.o
 .debug_info    0x0000000000001184      0x534 Core/Src/gpio.o
 .debug_info    0x00000000000016b8     0x12ae Core/Src/logger.o
 .debug_info    0x0000000000002966     0x1919 Core/Src/main.o
 .debug_info    0x000000000000427f      0xaf1 Core/Src/sdio.o
 .debug_info    0x0000000000004d70      0x396 Core/Src/stm32f4xx_hal_msp.o
 .debug_info    0x0000000000005106      0x92f Core/Src/stm32f4xx_it.o
 .debug_info    0x0000000000005a35      0x588 Core/Src/system_stm32f4xx.o
 .debug_info    0x0000000000005fbd      0xbc9 Core/Src/tim.o
 .debug_info    0x0000000000006b86      0xbf0 Core/Src/usart.o
 .debug_info    0x0000000000007776      0x9d6 Core/Src/usb_otg.o
 .debug_info    0x000000000000814c       0x22 Core/Startup/startup_stm32f413zhtx.o
 .debug_info    0x000000000000816e      0x9c7 Drivers/STM32F4xx_HAL_Driver/Src/stm32f4xx_hal.o
 .debug_info    0x0000000000008b35      0xcee Drivers/STM32F4xx_HAL_Driver/Src/stm32f4xx_hal_adc.o
 .debug_info    0x0000000000009823      0xe76 Drivers/STM32F4xx_HAL_Driver/Src/stm32f4xx_hal_cortex.o
 .debug_info    0x000000000000a699      0x968 Drivers/STM32F4xx_HAL_Driver/Src/stm32f4xx_hal_dma.o
 .debug_info    0x000000000000b001      0x81d Drivers/STM32F4xx_HAL_Driver/Src/stm32f4xx_hal_gpio.o
 .debug_info    0x000000000000b81e     0x1172 Drivers/STM32F4xx_HAL_Driver/Src/stm32f4xx_hal_pcd.o
 .debug_info    0x000000000000c990      0x8d5 Drivers/STM32F4xx_HAL_Driver/Src/stm32f4xx_hal_pcd_ex.o
 .debug_info    0x000000000000d265      0x944 Drivers/STM32F4xx_HAL_Driver/Src/stm32f4xx_hal_rcc.o
 .debug_info    0x000000000000dba9      0x873 Drivers/STM32F4xx_HAL_Driver/Src/stm32f4xx_hal_rcc_ex.o
 .debug_info    0x000000000000e41c     0x18b9 Drivers/STM32F4xx_HAL_Driver/Src/stm32f4xx_hal_sd.o
 .debug_info    0x000000000000fcd5     0x24a9 Drivers/STM32F4xx_HAL_Driver/Src/stm32f4xx_hal_tim.o
 .debug_info    0x000000000001217e     0x13d8 Drivers/STM32F4xx_HAL_Driver/Src/stm32f4xx_hal_tim_ex.o
 .debug_info    0x0000000000013556     0x124c Drivers/STM32F4xx_HAL_Driver/Src/stm32f4xx_hal_uart.o
 .debug_info    0x00000000000147a2     0x10ee Drivers/STM32F4xx_HAL_Driver/Src/stm32f4xx_ll_sdmmc.o
 .debug_info    0x0000000000015890     0x193b Drivers/STM32F4xx_HAL_Driver/Src/stm32f4xx_ll_usb.o

.debug_abbrev   0x0000000000000000     0x3310
 .debug_abbrev  0x0000000000000000      0x207 Core/Src/adc.o
 .debug_abbrev  0x0000000000000207      0x107 Core/Src/dma.o
 .debug_abbrev  0x000000000000030e      0x134 Core/Src/gpio.o
 .debug_abbrev  0x0000000000000442      0x248 Core/Src/logger.o
 .debug_abbrev  0x000000000000068a      0x233 Core/Src/main.o
 .debug_abbrev  0x00000000000008bd      0x1aa Core/Src/sdio.o
 .debug_abbrev  0x0000000000000a67      0x109 Core/Src/stm32f4xx_hal_msp.o
 .debug_abbrev  0x0000000000000b70      0x15a Core/Src/stm32f4xx_it.o
 .debug_abbrev  0x0000000000000cca      0x12b Core/Src/system_stm32f4xx.o
 .debug_abbrev  0x0000000000000df5      0x199 Core/Src/tim.o
 .debug_abbrev  0x0000000000000f8e      0x1a2 Core/Src/usart.o
 .debug_abbrev  0x0000000000001130      0x1b2 Core/Src/usb_otg.o
 .debug_abbrev  0x00000000000012e2       0x12 Core/Startup/startup_stm32f413zhtx.o
 .debug_abbrev  0x00000000000012f4      0x1c7 Drivers/STM32F4xx_HAL_Driver/Src/stm32f4xx_hal.o
 .debug_abbrev  0x00000000000014bb      0x205 Drivers/STM32F4xx_HAL_Driver/Src/stm32f4xx_hal_adc.o
 .debug_abbrev  0x00000000000016c0      0x2fa Drivers/STM32F4xx_HAL_Driver/Src/stm32f4xx_hal_cortex.o
 .debug_abbrev  0x00000000000019ba      0x229 Drivers/STM32F4xx_HAL_Driver/Src/stm32f4xx_hal_dma.o
 .debug_abbrev  0x0000000000001be3      0x1c9 Drivers/STM32F4xx_HAL_Driver/Src/stm32f4xx_hal_gpio.o
 .debug_abbrev  0x0000000000001dac      0x266 Drivers/STM32F4xx_HAL_Driver/Src/stm32f4xx_hal_pcd.o
 .debug_abbrev  0x0000000000002012      0x214 Drivers/STM32F4xx_HAL_Driver/Src/stm32f4xx_hal_pcd_ex.o
 .debug_abbrev  0x0000000000002226      0x245 Drivers/STM32F4xx_HAL_Driver/Src/stm32f4xx_hal_rcc.o
 .debug_abbrev  0x000000000000246b      0x19e Drivers/STM32F4xx_HAL_Driver/Src/stm32f4xx_hal_rcc_ex.o
 .debug_abbrev  0x0000000000002609      0x23d Drivers/STM32F4xx_HAL_Driver/Src/stm32f4xx_hal_sd.o
 .debug_abbrev  0x0000000000002846      0x230 Drivers/STM32F4xx_HAL_Driver/Src/stm32f4xx_hal_tim.o
 .debug_abbrev  0x0000000000002a76      0x227 Drivers/STM32F4xx_HAL_Driver/Src/stm32f4xx_hal_tim_ex.o
 .debug_abbrev  0x0000000000002c9d      0x242 Drivers/STM32F4xx_HAL_Driver/Src/stm32f4xx_hal_uart.o
 .debug_abbrev  0x0000000000002edf      0x1c4 Drivers/STM32F4xx_HAL_Driver/Src/stm32f4xx_ll_sdmmc.o
 .debug_abbrev  0x00000000000030a3      0x26d Drivers/STM32F4xx_HAL_Driver/Src/stm32f4xx_ll_usb.o

.debug_aranges  0x0000000000000000     0x1450
 .debug_aranges
                0x0000000000000000       0x48 Core/Src/adc.o
 .debug_aranges
                0x0000000000000048       0x20 Core/Src/dma.o
 .debug_aranges
                0x0000000000000068       0x20 Core/Src/gpio.o
 .debug_aranges
                0x0000000000000088       0x50 Core/Src/logger.o
 .debug_aranges
                0x00000000000000d8       0x40 Core/Src/main.o
 .debug_aranges
                0x0000000000000118       0x30 Core/Src/sdio.o
 .debug_aranges
                0x0000000000000148       0x20 Core/Src/stm32f4xx_hal_msp.o
 .debug_aranges
                0x0000000000000168       0x78 Core/Src/stm32f4xx_it.o
 .debug_aranges
                0x00000000000001e0       0x28 Core/Src/system_stm32f4xx.o
 .debug_aranges
                0x0000000000000208       0x30 Core/Src/tim.o
 .debug_aranges
                0x0000000000000238       0x30 Core/Src/usart.o
 .debug_aranges
                0x0000000000000268       0x30 Core/Src/usb_otg.o
 .debug_aranges
                0x0000000000000298       0x28 Core/Startup/startup_stm32f413zhtx.o
 .debug_aranges
                0x00000000000002c0       0xf0 Drivers/STM32F4xx_HAL_Driver/Src/stm32f4xx_hal.o
 .debug_aranges
                0x00000000000003b0       0xe8 Drivers/STM32F4xx_HAL_Driver/Src/stm32f4xx_hal_adc.o
 .debug_aranges
                0x0000000000000498      0x118 Drivers/STM32F4xx_HAL_Driver/Src/stm32f4xx_hal_cortex.o
 .debug_aranges
                0x00000000000005b0       0x90 Drivers/STM32F4xx_HAL_Driver/Src/stm32f4xx_hal_dma.o
 .debug_aranges
                0x0000000000000640       0x58 Drivers/STM32F4xx_HAL_Driver/Src/stm32f4xx_hal_gpio.o
 .debug_aranges
                0x0000000000000698      0x130 Drivers/STM32F4xx_HAL_Driver/Src/stm32f4xx_hal_pcd.o
 .debug_aranges
                0x00000000000007c8       0x60 Drivers/STM32F4xx_HAL_Driver/Src/stm32f4xx_hal_pcd_ex.o
 .debug_aranges
                0x0000000000000828       0x88 Drivers/STM32F4xx_HAL_Driver/Src/stm32f4xx_hal_rcc.o
 .debug_aranges
                0x00000000000008b0       0x60 Drivers/STM32F4xx_HAL_Driver/Src/stm32f4xx_hal_rcc_ex.o
 .debug_aranges
                0x0000000000000910      0x168 Drivers/STM32F4xx_HAL_Driver/Src/stm32f4xx_hal_sd.o
 .debug_aranges
                0x0000000000000a78      0x3a8 Drivers/STM32F4xx_HAL_Driver/Src/stm32f4xx_hal_tim.o
 .debug_aranges
                0x0000000000000e20      0x150 Drivers/STM32F4xx_HAL_Driver/Src/stm32f4xx_hal_tim_ex.o
 .debug_aranges
                0x0000000000000f70      0x1d0 Drivers/STM32F4xx_HAL_Driver/Src/stm32f4xx_hal_uart.o
 .debug_aranges
                0x0000000000001140      0x178 Drivers/STM32F4xx_HAL_Driver/Src/stm32f4xx_ll_sdmmc.o
 .debug_aranges
                0x00000000000012b8      0x198 Drivers/STM32F4xx_HAL_Driver/Src/stm32f4xx_ll_usb.o

.debug_ranges   0x0000000000000000     0x1298
 .debug_ranges  0x0000000000000000       0x38 Core/Src/adc.o
 .debug_ranges  0x0000000000000038       0x10 Core/Src/dma.o
 .debug_ranges  0x0000000000000048       0x10 Core/Src/gpio.o
 .debug_ranges  0x0000000000000058       0x40 Core/Src/logger.o
 .debug_ranges  0x0000000000000098       0x30 Core/Src/main.o
 .debug_ranges  0x00000000000000c8       0x20 Core/Src/sdio.o
 .debug_ranges  0x00000000000000e8       0x10 Core/Src/stm32f4xx_hal_msp.o
 .debug_ranges  0x00000000000000f8       0x68 Core/Src/stm32f4xx_it.o
 .debug_ranges  0x0000000000000160       0x18 Core/Src/system_stm32f4xx.o
 .debug_ranges  0x0000000000000178       0x20 Core/Src/tim.o
 .debug_ranges  0x0000000000000198       0x20 Core/Src/usart.o
 .debug_ranges  0x00000000000001b8       0x20 Core/Src/usb_otg.o
 .debug_ranges  0x00000000000001d8       0x20 Core/Startup/startup_stm32f413zhtx.o
 .debug_ranges  0x00000000000001f8       0xe0 Drivers/STM32F4xx_HAL_Driver/Src/stm32f4xx_hal.o
 .debug_ranges  0x00000000000002d8       0xd8 Drivers/STM32F4xx_HAL_Driver/Src/stm32f4xx_hal_adc.o
 .debug_ranges  0x00000000000003b0      0x108 Drivers/STM32F4xx_HAL_Driver/Src/stm32f4xx_hal_cortex.o
 .debug_ranges  0x00000000000004b8       0x80 Drivers/STM32F4xx_HAL_Driver/Src/stm32f4xx_hal_dma.o
 .debug_ranges  0x0000000000000538       0x48 Drivers/STM32F4xx_HAL_Driver/Src/stm32f4xx_hal_gpio.o
 .debug_ranges  0x0000000000000580      0x120 Drivers/STM32F4xx_HAL_Driver/Src/stm32f4xx_hal_pcd.o
 .debug_ranges  0x00000000000006a0       0x50 Drivers/STM32F4xx_HAL_Driver/Src/stm32f4xx_hal_pcd_ex.o
 .debug_ranges  0x00000000000006f0       0x78 Drivers/STM32F4xx_HAL_Driver/Src/stm32f4xx_hal_rcc.o
 .debug_ranges  0x0000000000000768       0x50 Drivers/STM32F4xx_HAL_Driver/Src/stm32f4xx_hal_rcc_ex.o
 .debug_ranges  0x00000000000007b8      0x158 Drivers/STM32F4xx_HAL_Driver/Src/stm32f4xx_hal_sd.o
 .debug_ranges  0x0000000000000910      0x398 Drivers/STM32F4xx_HAL_Driver/Src/stm32f4xx_hal_tim.o
 .debug_ranges  0x0000000000000ca8      0x140 Drivers/STM32F4xx_HAL_Driver/Src/stm32f4xx_hal_tim_ex.o
 .debug_ranges  0x0000000000000de8      0x1c0 Drivers/STM32F4xx_HAL_Driver/Src/stm32f4xx_hal_uart.o
 .debug_ranges  0x0000000000000fa8      0x168 Drivers/STM32F4xx_HAL_Driver/Src/stm32f4xx_ll_sdmmc.o
 .debug_ranges  0x0000000000001110      0x188 Drivers/STM32F4xx_HAL_Driver/Src/stm32f4xx_ll_usb.o

.debug_macro    0x0000000000000000    0x24320
 .debug_macro   0x0000000000000000      0x238 Core/Src/adc.o
 .debug_macro   0x0000000000000238      0xa5a Core/Src/adc.o
 .debug_macro   0x0000000000000c92      0x19c Core/Src/adc.o
 .debug_macro   0x0000000000000e2e       0x2e Core/Src/adc.o
 .debug_macro   0x0000000000000e5c       0x28 Core/Src/adc.o
 .debug_macro   0x0000000000000e84       0x22 Core/Src/adc.o
 .debug_macro   0x0000000000000ea6       0x8e Core/Src/adc.o
 .debug_macro   0x0000000000000f34       0x51 Core/Src/adc.o
 .debug_macro   0x0000000000000f85       0xef Core/Src/adc.o
 .debug_macro   0x0000000000001074       0x6a Core/Src/adc.o
 .debug_macro   0x00000000000010de      0x1df Core/Src/adc.o
 .debug_macro   0x00000000000012bd       0x1c Core/Src/adc.o
 .debug_macro   0x00000000000012d9       0x22 Core/Src/adc.o
 .debug_macro   0x00000000000012fb       0xdf Core/Src/adc.o
 .debug_macro   0x00000000000013da     0x102d Core/Src/adc.o
 .debug_macro   0x0000000000002407      0x11f Core/Src/adc.o
 .debug_macro   0x0000000000002526    0x15a6f Core/Src/adc.o
 .debug_macro   0x0000000000017f95       0x43 Core/Src/adc.o
 .debug_macro   0x0000000000017fd8     0x3659 Core/Src/adc.o
 .debug_macro   0x000000000001b631      0x174 Core/Src/adc.o
 .debug_macro   0x000000000001b7a5       0x5a Core/Src/adc.o
 .debug_macro   0x000000000001b7ff      0xcdd Core/Src/adc.o
 .debug_macro   0x000000000001c4dc      0x9fe Core/Src/adc.o
 .debug_macro   0x000000000001ceda      0x173 Core/Src/adc.o
 .debug_macro   0x000000000001d04d      0x117 Core/Src/adc.o
 .debug_macro   0x000000000001d164      0x202 Core/Src/adc.o
 .debug_macro   0x000000000001d366       0x27 Core/Src/adc.o
 .debug_macro   0x000000000001d38d      0x2bf Core/Src/adc.o
 .debug_macro   0x000000000001d64c       0x5f Core/Src/adc.o
 .debug_macro   0x000000000001d6ab      0x236 Core/Src/adc.o
 .debug_macro   0x000000000001d8e1      0x391 Core/Src/adc.o
 .debug_macro   0x000000000001dc72      0x17d Core/Src/adc.o
 .debug_macro   0x000000000001ddef       0xf9 Core/Src/adc.o
 .debug_macro   0x000000000001dee8      0x132 Core/Src/adc.o
 .debug_macro   0x000000000001e01a      0x30c Core/Src/adc.o
 .debug_macro   0x000000000001e326       0x2e Core/Src/adc.o
 .debug_macro   0x000000000001e354      0x11a Core/Src/adc.o
 .debug_macro   0x000000000001e46e       0x91 Core/Src/adc.o
 .debug_macro   0x000000000001e4ff       0x89 Core/Src/adc.o
 .debug_macro   0x000000000001e588      0x81b Core/Src/adc.o
 .debug_macro   0x000000000001eda3      0x1d5 Core/Src/adc.o
 .debug_macro   0x000000000001ef78      0x8a0 Core/Src/adc.o
 .debug_macro   0x000000000001f818       0x71 Core/Src/adc.o
 .debug_macro   0x000000000001f889      0x287 Core/Src/adc.o
 .debug_macro   0x000000000001fb10      0x21e Core/Src/adc.o
 .debug_macro   0x000000000001fd2e       0xba Core/Src/adc.o
 .debug_macro   0x000000000001fde8      0x134 Core/Src/adc.o
 .debug_macro   0x000000000001ff1c      0x238 Core/Src/dma.o
 .debug_macro   0x0000000000020154      0x238 Core/Src/gpio.o
 .debug_macro   0x000000000002038c      0x30e Core/Src/logger.o
 .debug_macro   0x000000000002069a       0x18 Core/Src/logger.o
 .debug_macro   0x00000000000206b2       0x46 Core/Src/logger.o
 .debug_macro   0x00000000000206f8       0x3c Core/Src/logger.o
 .debug_macro   0x0000000000020734       0x34 Core/Src/logger.o
 .debug_macro   0x0000000000020768       0x16 Core/Src/logger.o
 .debug_macro   0x000000000002077e      0x10e Core/Src/logger.o
 .debug_macro   0x000000000002088c       0x8d Core/Src/logger.o
 .debug_macro   0x0000000000020919       0x52 Core/Src/logger.o
 .debug_macro   0x000000000002096b       0x1f Core/Src/logger.o
 .debug_macro   0x000000000002098a       0x43 Core/Src/logger.o
 .debug_macro   0x00000000000209cd       0x20 Core/Src/logger.o
 .debug_macro   0x00000000000209ed      0x1a3 Core/Src/logger.o
 .debug_macro   0x0000000000020b90      0x330 Core/Src/logger.o
 .debug_macro   0x0000000000020ec0       0x16 Core/Src/logger.o
 .debug_macro   0x0000000000020ed6       0x29 Core/Src/logger.o
 .debug_macro   0x0000000000020eff       0xd9 Core/Src/logger.o
 .debug_macro   0x0000000000020fd8       0x54 Core/Src/logger.o
 .debug_macro   0x000000000002102c       0x16 Core/Src/logger.o
 .debug_macro   0x0000000000021042      0x281 Core/Src/main.o
 .debug_macro   0x00000000000212c3      0x238 Core/Src/sdio.o
 .debug_macro   0x00000000000214fb      0x22e Core/Src/stm32f4xx_hal_msp.o
 .debug_macro   0x0000000000021729      0x238 Core/Src/stm32f4xx_it.o
 .debug_macro   0x0000000000021961      0x22a Core/Src/system_stm32f4xx.o
 .debug_macro   0x0000000000021b8b      0x238 Core/Src/tim.o
 .debug_macro   0x0000000000021dc3      0x238 Core/Src/usart.o
 .debug_macro   0x0000000000021ffb      0x238 Core/Src/usb_otg.o
 .debug_macro   0x0000000000022233      0x284 Drivers/STM32F4xx_HAL_Driver/Src/stm32f4xx_hal.o
 .debug_macro   0x00000000000224b7      0x225 Drivers/STM32F4xx_HAL_Driver/Src/stm32f4xx_hal_adc.o
 .debug_macro   0x00000000000226dc      0x224 Drivers/STM32F4xx_HAL_Driver/Src/stm32f4xx_hal_cortex.o
 .debug_macro   0x0000000000022900      0x22a Drivers/STM32F4xx_HAL_Driver/Src/stm32f4xx_hal_dma.o
 .debug_macro   0x0000000000022b2a      0x25a Drivers/STM32F4xx_HAL_Driver/Src/stm32f4xx_hal_gpio.o
 .debug_macro   0x0000000000022d84      0x230 Drivers/STM32F4xx_HAL_Driver/Src/stm32f4xx_hal_pcd.o
 .debug_macro   0x0000000000022fb4      0x224 Drivers/STM32F4xx_HAL_Driver/Src/stm32f4xx_hal_pcd_ex.o
 .debug_macro   0x00000000000231d8      0x248 Drivers/STM32F4xx_HAL_Driver/Src/stm32f4xx_hal_rcc.o
 .debug_macro   0x0000000000023420      0x224 Drivers/STM32F4xx_HAL_Driver/Src/stm32f4xx_hal_rcc_ex.o
 .debug_macro   0x0000000000023644      0x225 Drivers/STM32F4xx_HAL_Driver/Src/stm32f4xx_hal_sd.o
 .debug_macro   0x0000000000023869      0x225 Drivers/STM32F4xx_HAL_Driver/Src/stm32f4xx_hal_tim.o
 .debug_macro   0x0000000000023a8e      0x224 Drivers/STM32F4xx_HAL_Driver/Src/stm32f4xx_hal_tim_ex.o
 .debug_macro   0x0000000000023cb2      0x225 Drivers/STM32F4xx_HAL_Driver/Src/stm32f4xx_hal_uart.o
 .debug_macro   0x0000000000023ed7      0x225 Drivers/STM32F4xx_HAL_Driver/Src/stm32f4xx_ll_sdmmc.o
 .debug_macro   0x00000000000240fc      0x224 Drivers/STM32F4xx_HAL_Driver/Src/stm32f4xx_ll_usb.o

.debug_line     0x0000000000000000    0x11e2d
 .debug_line    0x0000000000000000      0x7fa Core/Src/adc.o
 .debug_line    0x00000000000007fa      0x762 Core/Src/dma.o
 .debug_line    0x0000000000000f5c      0x786 Core/Src/gpio.o
 .debug_line    0x00000000000016e2      0x96e Core/Src/logger.o
 .debug_line    0x0000000000002050      0x828 Core/Src/main.o
 .debug_line    0x0000000000002878      0x7a8 Core/Src/sdio.o
 .debug_line    0x0000000000003020      0x767 Core/Src/stm32f4xx_hal_msp.o
 .debug_line    0x0000000000003787      0x841 Core/Src/stm32f4xx_it.o
 .debug_line    0x0000000000003fc8      0x782 Core/Src/system_stm32f4xx.o
 .debug_line    0x000000000000474a      0x798 Core/Src/tim.o
 .debug_line    0x0000000000004ee2      0x79e Core/Src/usart.o
 .debug_line    0x0000000000005680      0x7a9 Core/Src/usb_otg.o
 .debug_line    0x0000000000005e29       0x85 Core/Startup/startup_stm32f413zhtx.o
 .debug_line    0x0000000000005eae      0x96c Drivers/STM32F4xx_HAL_Driver/Src/stm32f4xx_hal.o
 .debug_line    0x000000000000681a      0xb94 Drivers/STM32F4xx_HAL_Driver/Src/stm32f4xx_hal_adc.o
 .debug_line    0x00000000000073ae      0xa90 Drivers/STM32F4xx_HAL_Driver/Src/stm32f4xx_hal_cortex.o
 .debug_line    0x0000000000007e3e      0xa3a Drivers/STM32F4xx_HAL_Driver/Src/stm32f4xx_hal_dma.o
 .debug_line    0x0000000000008878      0x937 Drivers/STM32F4xx_HAL_Driver/Src/stm32f4xx_hal_gpio.o
 .debug_line    0x00000000000091af      0xcea Drivers/STM32F4xx_HAL_Driver/Src/stm32f4xx_hal_pcd.o
 .debug_line    0x0000000000009e99      0x852 Drivers/STM32F4xx_HAL_Driver/Src/stm32f4xx_hal_pcd_ex.o
 .debug_line    0x000000000000a6eb      0x9c4 Drivers/STM32F4xx_HAL_Driver/Src/stm32f4xx_hal_rcc.o
 .debug_line    0x000000000000b0af      0xa6d Drivers/STM32F4xx_HAL_Driver/Src/stm32f4xx_hal_rcc_ex.o
 .debug_line    0x000000000000bb1c     0x107f Drivers/STM32F4xx_HAL_Driver/Src/stm32f4xx_hal_sd.o
 .debug_line    0x000000000000cb9b     0x19e5 Drivers/STM32F4xx_HAL_Driver/Src/stm32f4xx_hal_tim.o
 .debug_line    0x000000000000e580      0xd7b Drivers/STM32F4xx_HAL_Driver/Src/stm32f4xx_hal_tim_ex.o
 .debug_line    0x000000000000f2fb     0x108c Drivers/STM32F4xx_HAL_Driver/Src/stm32f4xx_hal_uart.o
 .debug_line    0x0000000000010387      0xc12 Drivers/STM32F4xx_HAL_Driver/Src/stm32f4xx_ll_sdmmc.o
 .debug_line    0x0000000000010f99      0xe94 Drivers/STM32F4xx_HAL_Driver/Src/stm32f4xx_ll_usb.o

.debug_str      0x0000000000000000    0xd782b
 .debug_str     0x0000000000000000    0xcedee Core/Src/adc.o
                                      0xcf150 (size before relaxing)
 .debug_str     0x00000000000cedee      0x5a3 Core/Src/dma.o
                                      0xcf164 (size before relaxing)
 .debug_str     0x00000000000cf391       0x46 Core/Src/gpio.o
                                      0xcec64 (size before relaxing)
 .debug_str     0x00000000000cf3d7     0x32fe Core/Src/logger.o
                                      0xd2202 (size before relaxing)
 .debug_str     0x00000000000d26d5      0xa0c Core/Src/main.o
                                      0xcfd91 (size before relaxing)
 .debug_str     0x00000000000d30e1       0x4c Core/Src/sdio.o
                                      0xcf11d (size before relaxing)
 .debug_str     0x00000000000d312d       0x2c Core/Src/stm32f4xx_hal_msp.o
                                      0xcebc9 (size before relaxing)
 .debug_str     0x00000000000d3159       0xf7 Core/Src/stm32f4xx_it.o
                                      0xcf167 (size before relaxing)
 .debug_str     0x00000000000d3250       0xc4 Core/Src/system_stm32f4xx.o
                                      0xcec50 (size before relaxing)
 .debug_str     0x00000000000d3314       0xe8 Core/Src/tim.o
                                      0xcf694 (size before relaxing)
 .debug_str     0x00000000000d33fc       0x57 Core/Src/usart.o
                                      0xcf644 (size before relaxing)
 .debug_str     0x00000000000d3453       0x59 Core/Src/usb_otg.o
                                      0xcf07f (size before relaxing)
 .debug_str     0x00000000000d34ac       0x36 Core/Startup/startup_stm32f413zhtx.o
                                         0x60 (size before relaxing)
 .debug_str     0x00000000000d34e2      0x588 Drivers/STM32F4xx_HAL_Driver/Src/stm32f4xx_hal.o
                                      0xcf7cf (size before relaxing)
 .debug_str     0x00000000000d3a6a      0x27e Drivers/STM32F4xx_HAL_Driver/Src/stm32f4xx_hal_adc.o
                                      0xcf1c3 (size before relaxing)
 .debug_str     0x00000000000d3ce8      0x392 Drivers/STM32F4xx_HAL_Driver/Src/stm32f4xx_hal_cortex.o
                                      0xcf59a (size before relaxing)
 .debug_str     0x00000000000d407a      0x31d Drivers/STM32F4xx_HAL_Driver/Src/stm32f4xx_hal_dma.o
                                      0xcf041 (size before relaxing)
 .debug_str     0x00000000000d4397      0x215 Drivers/STM32F4xx_HAL_Driver/Src/stm32f4xx_hal_gpio.o
                                      0xcee9e (size before relaxing)
 .debug_str     0x00000000000d45ac      0x535 Drivers/STM32F4xx_HAL_Driver/Src/stm32f4xx_hal_pcd.o
                                      0xcf40e (size before relaxing)
 .debug_str     0x00000000000d4ae1      0x1b4 Drivers/STM32F4xx_HAL_Driver/Src/stm32f4xx_hal_pcd_ex.o
                                      0xcf087 (size before relaxing)
 .debug_str     0x00000000000d4c95      0x259 Drivers/STM32F4xx_HAL_Driver/Src/stm32f4xx_hal_rcc.o
                                      0xcf042 (size before relaxing)
 .debug_str     0x00000000000d4eee      0x13e Drivers/STM32F4xx_HAL_Driver/Src/stm32f4xx_hal_rcc_ex.o
                                      0xcefe6 (size before relaxing)
 .debug_str     0x00000000000d502c      0x6db Drivers/STM32F4xx_HAL_Driver/Src/stm32f4xx_hal_sd.o
                                      0xcf718 (size before relaxing)
 .debug_str     0x00000000000d5707      0xce2 Drivers/STM32F4xx_HAL_Driver/Src/stm32f4xx_hal_tim.o
                                      0xcfd38 (size before relaxing)
 .debug_str     0x00000000000d63e9      0x4b0 Drivers/STM32F4xx_HAL_Driver/Src/stm32f4xx_hal_tim_ex.o
                                      0xcf66d (size before relaxing)
 .debug_str     0x00000000000d6899      0x4e1 Drivers/STM32F4xx_HAL_Driver/Src/stm32f4xx_hal_uart.o
                                      0xcf478 (size before relaxing)
 .debug_str     0x00000000000d6d7a      0x43b Drivers/STM32F4xx_HAL_Driver/Src/stm32f4xx_ll_sdmmc.o
                                      0xcf090 (size before relaxing)
 .debug_str     0x00000000000d71b5      0x676 Drivers/STM32F4xx_HAL_Driver/Src/stm32f4xx_ll_usb.o
                                      0xcf539 (size before relaxing)

.comment        0x0000000000000000       0x7b
 .comment       0x0000000000000000       0x7b Core/Src/adc.o
                                         0x7c (size before relaxing)
 .comment       0x000000000000007b       0x7c Core/Src/dma.o
 .comment       0x000000000000007b       0x7c Core/Src/gpio.o
 .comment       0x000000000000007b       0x7c Core/Src/logger.o
 .comment       0x000000000000007b       0x7c Core/Src/main.o
 .comment       0x000000000000007b       0x7c Core/Src/sdio.o
 .comment       0x000000000000007b       0x7c Core/Src/stm32f4xx_hal_msp.o
 .comment       0x000000000000007b       0x7c Core/Src/stm32f4xx_it.o
 .comment       0x000000000000007b       0x7c Core/Src/system_stm32f4xx.o
 .comment       0x000000000000007b       0x7c Core/Src/tim.o
 .comment       0x000000000000007b       0x7c Core/Src/usart.o
 .comment       0x000000000000007b       0x7c Core/Src/usb_otg.o
 .comment       0x000000000000007b       0x7c Drivers/STM32F4xx_HAL_Driver/Src/stm32f4xx_hal.o
 .comment       0x000000000000007b       0x7c Drivers/STM32F4xx_HAL_Driver/Src/stm32f4xx_hal_adc.o
 .comment       0x000000000000007b       0x7c Drivers/STM32F4xx_HAL_Driver/Src/stm32f4xx_hal_cortex.o
 .comment       0x000000000000007b       0x7c Drivers/STM32F4xx_HAL_Driver/Src/stm32f4xx_hal_dma.o
 .comment       0x000000000000007b       0x7c Drivers/STM32F4xx_HAL_Driver/Src/stm32f4xx_hal_gpio.o
 .comment       0x000000000000007b       0x7c Drivers/STM32F4xx_HAL_Driver/Src/stm32f4xx_hal_pcd.o
 .comment       0x000000000000007b       0x7c Drivers/STM32F4xx_HAL_Driver/Src/stm32f4xx_hal_pcd_ex.o
 .comment       0x000000000000007b       0x7c Drivers/STM32F4xx_HAL_Driver/Src/stm32f4xx_hal_rcc.o
 .comment       0x000000000000007b       0x7c Drivers/STM32F4xx_HAL_Driver/Src/stm32f4xx_hal_rcc_ex.o
 .comment       0x000000000000007b       0x7c Drivers/STM32F4xx_HAL_Driver/Src/stm32f4xx_hal_sd.o
 .comment       0x000000000000007b       0x7c Drivers/STM32F4xx_HAL_Driver/Src/stm32f4xx_hal_tim.o
 .comment       0x000000000000007b       0x7c Drivers/STM32F4xx_HAL_Driver/Src/stm32f4xx_hal_tim_ex.o
 .comment       0x000000000000007b       0x7c Drivers/STM32F4xx_HAL_Driver/Src/stm32f4xx_hal_uart.o
 .comment       0x000000000000007b       0x7c Drivers/STM32F4xx_HAL_Driver/Src/stm32f4xx_ll_sdmmc.o
 .comment       0x000000000000007b       0x7c Drivers/STM32F4xx_HAL_Driver/Src/stm32f4xx_ll_usb.o

.debug_frame    0x0000000000000000     0x55e4
 .debug_frame   0x0000000000000000       0xe8 Core/Src/adc.o
 .debug_frame   0x00000000000000e8       0x34 Core/Src/dma.o
 .debug_frame   0x000000000000011c       0x34 Core/Src/gpio.o
 .debug_frame   0x0000000000000150       0xfc Core/Src/logger.o
 .debug_frame   0x000000000000024c       0xbc Core/Src/main.o
 .debug_frame   0x0000000000000308       0x74 Core/Src/sdio.o
 .debug_frame   0x000000000000037c       0x38 Core/Src/stm32f4xx_hal_msp.o
 .debug_frame   0x00000000000003b4      0x160 Core/Src/stm32f4xx_it.o
 .debug_frame   0x0000000000000514       0x58 Core/Src/system_stm32f4xx.o
 .debug_frame   0x000000000000056c       0x7c Core/Src/tim.o
 .debug_frame   0x00000000000005e8       0x74 Core/Src/usart.o
 .debug_frame   0x000000000000065c       0x74 Core/Src/usb_otg.o
 .debug_frame   0x00000000000006d0      0x374 Drivers/STM32F4xx_HAL_Driver/Src/stm32f4xx_hal.o
 .debug_frame   0x0000000000000a44      0x3fc Drivers/STM32F4xx_HAL_Driver/Src/stm32f4xx_hal_adc.o
 .debug_frame   0x0000000000000e40      0x498 Drivers/STM32F4xx_HAL_Driver/Src/stm32f4xx_hal_cortex.o
 .debug_frame   0x00000000000012d8      0x250 Drivers/STM32F4xx_HAL_Driver/Src/stm32f4xx_hal_dma.o
 .debug_frame   0x0000000000001528      0x14c Drivers/STM32F4xx_HAL_Driver/Src/stm32f4xx_hal_gpio.o
 .debug_frame   0x0000000000001674      0x54c Drivers/STM32F4xx_HAL_Driver/Src/stm32f4xx_hal_pcd.o
 .debug_frame   0x0000000000001bc0      0x174 Drivers/STM32F4xx_HAL_Driver/Src/stm32f4xx_hal_pcd_ex.o
 .debug_frame   0x0000000000001d34      0x1f0 Drivers/STM32F4xx_HAL_Driver/Src/stm32f4xx_hal_rcc.o
 .debug_frame   0x0000000000001f24      0x16c Drivers/STM32F4xx_HAL_Driver/Src/stm32f4xx_hal_rcc_ex.o
 .debug_frame   0x0000000000002090      0x650 Drivers/STM32F4xx_HAL_Driver/Src/stm32f4xx_hal_sd.o
 .debug_frame   0x00000000000026e0     0x10f0 Drivers/STM32F4xx_HAL_Driver/Src/stm32f4xx_hal_tim.o
 .debug_frame   0x00000000000037d0      0x5c0 Drivers/STM32F4xx_HAL_Driver/Src/stm32f4xx_hal_tim_ex.o
 .debug_frame   0x0000000000003d90      0x844 Drivers/STM32F4xx_HAL_Driver/Src/stm32f4xx_hal_uart.o
 .debug_frame   0x00000000000045d4      0x690 Drivers/STM32F4xx_HAL_Driver/Src/stm32f4xx_ll_sdmmc.o
 .debug_frame   0x0000000000004c64      0x790 Drivers/STM32F4xx_HAL_Driver/Src/stm32f4xx_ll_usb.o
 .debug_frame   0x00000000000053f4       0x2c d:/st/stm32cubeide_1.2.0/stm32cubeide/plugins/com.st.stm32cube.ide.mcu.externaltools.gnu-tools-for-stm32.7-2018-q2-update.win32_1.4.0.202007081208/tools/bin/../lib/gcc/arm-none-eabi/7.3.1/../../../../arm-none-eabi/lib/thumb/v7e-m/fpv4-sp/hard\libc_nano.a(lib_a-init.o)
 .debug_frame   0x0000000000005420       0x20 d:/st/stm32cubeide_1.2.0/stm32cubeide/plugins/com.st.stm32cube.ide.mcu.externaltools.gnu-tools-for-stm32.7-2018-q2-update.win32_1.4.0.202007081208/tools/bin/../lib/gcc/arm-none-eabi/7.3.1/../../../../arm-none-eabi/lib/thumb/v7e-m/fpv4-sp/hard\libc_nano.a(lib_a-memset.o)
 .debug_frame   0x0000000000005440       0xac d:/st/stm32cubeide_1.2.0/stm32cubeide/plugins/com.st.stm32cube.ide.mcu.externaltools.gnu-tools-for-stm32.7-2018-q2-update.win32_1.4.0.202007081208/tools/bin/../lib/gcc/arm-none-eabi/7.3.1/thumb/v7e-m/fpv4-sp/hard\libgcc.a(_arm_addsubdf3.o)
 .debug_frame   0x00000000000054ec       0x50 d:/st/stm32cubeide_1.2.0/stm32cubeide/plugins/com.st.stm32cube.ide.mcu.externaltools.gnu-tools-for-stm32.7-2018-q2-update.win32_1.4.0.202007081208/tools/bin/../lib/gcc/arm-none-eabi/7.3.1/thumb/v7e-m/fpv4-sp/hard\libgcc.a(_arm_muldivdf3.o)
 .debug_frame   0x000000000000553c       0x24 d:/st/stm32cubeide_1.2.0/stm32cubeide/plugins/com.st.stm32cube.ide.mcu.externaltools.gnu-tools-for-stm32.7-2018-q2-update.win32_1.4.0.202007081208/tools/bin/../lib/gcc/arm-none-eabi/7.3.1/thumb/v7e-m/fpv4-sp/hard\libgcc.a(_arm_fixunsdfsi.o)
 .debug_frame   0x0000000000005560       0x24 d:/st/stm32cubeide_1.2.0/stm32cubeide/plugins/com.st.stm32cube.ide.mcu.externaltools.gnu-tools-for-stm32.7-2018-q2-update.win32_1.4.0.202007081208/tools/bin/../lib/gcc/arm-none-eabi/7.3.1/thumb/v7e-m/fpv4-sp/hard\libgcc.a(_arm_truncdfsf2.o)
 .debug_frame   0x0000000000005584       0x2c d:/st/stm32cubeide_1.2.0/stm32cubeide/plugins/com.st.stm32cube.ide.mcu.externaltools.gnu-tools-for-stm32.7-2018-q2-update.win32_1.4.0.202007081208/tools/bin/../lib/gcc/arm-none-eabi/7.3.1/thumb/v7e-m/fpv4-sp/hard\libgcc.a(_aeabi_uldivmod.o)
 .debug_frame   0x00000000000055b0       0x34 d:/st/stm32cubeide_1.2.0/stm32cubeide/plugins/com.st.stm32cube.ide.mcu.externaltools.gnu-tools-for-stm32.7-2018-q2-update.win32_1.4.0.202007081208/tools/bin/../lib/gcc/arm-none-eabi/7.3.1/thumb/v7e-m/fpv4-sp/hard\libgcc.a(_udivmoddi4.o)
